Archive member included because of file (symbol)

.\CortexM3\ARM_GCC_493\Debug\ZumoBot_Lib.a(cyfitter_cfg.o)
                              .\CortexM3\ARM_GCC_493\Debug\Cm3Start.o (cyfitter_cfg)
.\CortexM3\ARM_GCC_493\Debug\ZumoBot_Lib.a(PWM.o)
                              .\CortexM3\ARM_GCC_493\Debug\Motor.o (PWM_Stop)
.\CortexM3\ARM_GCC_493\Debug\ZumoBot_Lib.a(I2C.o)
                              .\CortexM3\ARM_GCC_493\Debug\Nunchuk.o (I2C_Start)
.\CortexM3\ARM_GCC_493\Debug\ZumoBot_Lib.a(I2C_INT.o)
                              .\CortexM3\ARM_GCC_493\Debug\ZumoBot_Lib.a(I2C.o) (I2C_ISR)
.\CortexM3\ARM_GCC_493\Debug\ZumoBot_Lib.a(I2C_PM.o)
                              .\CortexM3\ARM_GCC_493\Debug\ZumoBot_Lib.a(I2C.o) (I2C_backup)
.\CortexM3\ARM_GCC_493\Debug\ZumoBot_Lib.a(I2C_MASTER.o)
                              .\CortexM3\ARM_GCC_493\Debug\I2C_made.o (I2C_MasterWriteBuf)
.\CortexM3\ARM_GCC_493\Debug\ZumoBot_Lib.a(UART.o)
                              .\CortexM3\ARM_GCC_493\Debug\main.o (UART_Start)
.\CortexM3\ARM_GCC_493\Debug\ZumoBot_Lib.a(UART_IntClock.o)
                              .\CortexM3\ARM_GCC_493\Debug\ZumoBot_Lib.a(UART.o) (UART_IntClock_Start)
.\CortexM3\ARM_GCC_493\Debug\ZumoBot_Lib.a(CyBootAsmGnu.o)
                              .\CortexM3\ARM_GCC_493\Debug\ZumoBot_Lib.a(cyfitter_cfg.o) (CyDelayCycles)
.\CortexM3\ARM_GCC_493\Debug\ZumoBot_Lib.a(CyLib.o)
                              .\CortexM3\ARM_GCC_493\Debug\Cm3Start.o (CyHalt)
.\CortexM3\ARM_GCC_493\Debug\ZumoBot_Lib.a(cyPm.o)
                              .\CortexM3\ARM_GCC_493\Debug\ZumoBot_Lib.a(CyLib.o) (CyPmReadStatus)
.\CortexM3\ARM_GCC_493\Debug\ZumoBot_Lib.a(MotorDirLeft.o)
                              .\CortexM3\ARM_GCC_493\Debug\Motor.o (MotorDirLeft_Write)
.\CortexM3\ARM_GCC_493\Debug\ZumoBot_Lib.a(MotorDirRight.o)
                              .\CortexM3\ARM_GCC_493\Debug\Motor.o (MotorDirRight_Write)
.\CortexM3\ARM_GCC_493\Debug\ZumoBot_Lib.a(LL.o)
                              .\CortexM3\ARM_GCC_493\Debug\Reflectance.o (LL_Write)
.\CortexM3\ARM_GCC_493\Debug\ZumoBot_Lib.a(Timer_LL.o)
                              .\CortexM3\ARM_GCC_493\Debug\Reflectance.o (Timer_LL_ReadStatusRegister)
.\CortexM3\ARM_GCC_493\Debug\ZumoBot_Lib.a(Timer_RR.o)
                              .\CortexM3\ARM_GCC_493\Debug\Reflectance.o (Timer_RR_ReadStatusRegister)
.\CortexM3\ARM_GCC_493\Debug\ZumoBot_Lib.a(Timer_RL.o)
                              .\CortexM3\ARM_GCC_493\Debug\Reflectance.o (Timer_RL_ReadStatusRegister)
.\CortexM3\ARM_GCC_493\Debug\ZumoBot_Lib.a(RL.o)
                              .\CortexM3\ARM_GCC_493\Debug\Reflectance.o (RL_Write)
.\CortexM3\ARM_GCC_493\Debug\ZumoBot_Lib.a(RR.o)
                              .\CortexM3\ARM_GCC_493\Debug\Reflectance.o (RR_Write)
.\CortexM3\ARM_GCC_493\Debug\ZumoBot_Lib.a(Timer_LR.o)
                              .\CortexM3\ARM_GCC_493\Debug\Reflectance.o (Timer_LR_ReadStatusRegister)
.\CortexM3\ARM_GCC_493\Debug\ZumoBot_Lib.a(LR.o)
                              .\CortexM3\ARM_GCC_493\Debug\Reflectance.o (LR_Write)
.\CortexM3\ARM_GCC_493\Debug\ZumoBot_Lib.a(Timer.o)
                              .\CortexM3\ARM_GCC_493\Debug\Ultra.o (Timer_Stop)
.\CortexM3\ARM_GCC_493\Debug\ZumoBot_Lib.a(Echo.o)
                              .\CortexM3\ARM_GCC_493\Debug\Ultra.o (Echo_Read)
.\CortexM3\ARM_GCC_493\Debug\ZumoBot_Lib.a(ultra_isr.o)
                              .\CortexM3\ARM_GCC_493\Debug\Ultra.o (ultra_isr_StartEx)
.\CortexM3\ARM_GCC_493\Debug\ZumoBot_Lib.a(Trig.o)
                              .\CortexM3\ARM_GCC_493\Debug\Ultra.o (Trig_Write)
.\CortexM3\ARM_GCC_493\Debug\ZumoBot_Lib.a(IR_receiver.o)
                              .\CortexM3\ARM_GCC_493\Debug\IR.o (IR_receiver_Read)
.\CortexM3\ARM_GCC_493\Debug\ZumoBot_Lib.a(CyFlash.o)
                              .\CortexM3\ARM_GCC_493\Debug\ZumoBot_Lib.a(cyPm.o) (CyFlash_SetWaitCycles)
.\CortexM3\ARM_GCC_493\Debug\ZumoBot_Lib.a(CySpc.o)
                              .\CortexM3\ARM_GCC_493\Debug\ZumoBot_Lib.a(CyFlash.o) (CySpcStart)
c:/program files (x86)/cypress/psoc creator/3.3/psoc creator/import/gnu/arm/4.9.3/bin/../lib/gcc/arm-none-eabi/4.9.3/../../../../arm-none-eabi/lib/armv7-m\libm.a(lib_a-w_atan2.o)
                              .\CortexM3\ARM_GCC_493\Debug\Accel.o (atan2)
c:/program files (x86)/cypress/psoc creator/3.3/psoc creator/import/gnu/arm/4.9.3/bin/../lib/gcc/arm-none-eabi/4.9.3/../../../../arm-none-eabi/lib/armv7-m\libm.a(lib_a-w_pow.o)
                              .\CortexM3\ARM_GCC_493\Debug\IR.o (pow)
c:/program files (x86)/cypress/psoc creator/3.3/psoc creator/import/gnu/arm/4.9.3/bin/../lib/gcc/arm-none-eabi/4.9.3/../../../../arm-none-eabi/lib/armv7-m\libm.a(lib_a-e_atan2.o)
                              c:/program files (x86)/cypress/psoc creator/3.3/psoc creator/import/gnu/arm/4.9.3/bin/../lib/gcc/arm-none-eabi/4.9.3/../../../../arm-none-eabi/lib/armv7-m\libm.a(lib_a-w_atan2.o) (__ieee754_atan2)
[...]
Memory Configuration

Name             Origin             Length             Attributes
rom              0x00000000         0x00040000         xr
ram              0x1fff8000         0x00010000         xrw
*default*        0x00000000         0xffffffff

Linker script and memory map

LOAD c:/program files (x86)/cypress/psoc creator/3.3/psoc creator/import/gnu/arm/4.9.3/bin/../lib/gcc/arm-none-eabi/4.9.3/armv7-m/crti.o
LOAD c:/program files (x86)/cypress/psoc creator/3.3/psoc creator/import/gnu/arm/4.9.3/bin/../lib/gcc/arm-none-eabi/4.9.3/armv7-m/crtbegin.o
LOAD c:/program files (x86)/cypress/psoc creator/3.3/psoc creator/import/gnu/arm/4.9.3/bin/../lib/gcc/arm-none-eabi/4.9.3/../../../../arm-none-eabi/lib/armv7-m/crt0.o
START GROUP
LOAD .\CortexM3\ARM_GCC_493\Debug\Accel.o
LOAD .\CortexM3\ARM_GCC_493\Debug\Gyro.o
LOAD .\CortexM3\ARM_GCC_493\Debug\I2C_made.o
LOAD .\CortexM3\ARM_GCC_493\Debug\IR.o
LOAD .\CortexM3\ARM_GCC_493\Debug\Magnet.o
LOAD .\CortexM3\ARM_GCC_493\Debug\Motor.o
LOAD .\CortexM3\ARM_GCC_493\Debug\Ultra.o
LOAD .\CortexM3\ARM_GCC_493\Debug\Reflectance.o
LOAD .\CortexM3\ARM_GCC_493\Debug\Nunchuk.o
LOAD .\CortexM3\ARM_GCC_493\Debug\Ambient.o
LOAD .\CortexM3\ARM_GCC_493\Debug\main.o
LOAD .\CortexM3\ARM_GCC_493\Debug\cymetadata.o
LOAD .\CortexM3\ARM_GCC_493\Debug\Cm3Start.o
LOAD .\CortexM3\ARM_GCC_493\Debug\ZumoBot_Lib.a
LOAD C:\Program Files (x86)\Cypress\PSoC Creator\3.3\PSoC Creator\psoc\content\cycomponentlibrary\CyComponentLibrary.cylib\CortexM3\ARM_GCC_493\Debug\CyComponentLibrary.a
LOAD c:/program files (x86)/cypress/psoc creator/3.3/psoc creator/import/gnu/arm/4.9.3/bin/../lib/gcc/arm-none-eabi/4.9.3/../../../../arm-none-eabi/lib/armv7-m\libm.a
END GROUP
START GROUP
LOAD c:/program files (x86)/cypress/psoc creator/3.3/psoc creator/import/gnu/arm/4.9.3/bin/../lib/gcc/arm-none-eabi/4.9.3/armv7-m\libgcc.a
LOAD c:/program files (x86)/cypress/psoc creator/3.3/psoc creator/import/gnu/arm/4.9.3/bin/../lib/gcc/arm-none-eabi/4.9.3/../../../../arm-none-eabi/lib/armv7-m\libg_nano.a
LOAD c:/program files (x86)/cypress/psoc creator/3.3/psoc creator/import/gnu/arm/4.9.3/bin/../lib/gcc/arm-none-eabi/4.9.3/../../../../arm-none-eabi/lib/armv7-m\libc_nano.a
END GROUP
START GROUP
LOAD c:/program files (x86)/cypress/psoc creator/3.3/psoc creator/import/gnu/arm/4.9.3/bin/../lib/gcc/arm-none-eabi/4.9.3/armv7-m\libgcc.a
LOAD c:/program files (x86)/cypress/psoc creator/3.3/psoc creator/import/gnu/arm/4.9.3/bin/../lib/gcc/arm-none-eabi/4.9.3/../../../../arm-none-eabi/lib/armv7-m\libc_nano.a
END GROUP
LOAD c:/program files (x86)/cypress/psoc creator/3.3/psoc creator/import/gnu/arm/4.9.3/bin/../lib/gcc/arm-none-eabi/4.9.3/armv7-m/crtend.o
LOAD c:/program files (x86)/cypress/psoc creator/3.3/psoc creator/import/gnu/arm/4.9.3/bin/../lib/gcc/arm-none-eabi/4.9.3/armv7-m/crtn.o
START GROUP
LOAD c:/program files (x86)/cypress/psoc creator/3.3/psoc creator/import/gnu/arm/4.9.3/bin/../lib/gcc/arm-none-eabi/4.9.3/armv7-m\libgcc.a
LOAD c:/program files (x86)/cypress/psoc creator/3.3/psoc creator/import/gnu/arm/4.9.3/bin/../lib/gcc/arm-none-eabi/4.9.3/../../../../arm-none-eabi/lib/armv7-m\libc.a
LOAD c:/program files (x86)/cypress/psoc creator/3.3/psoc creator/import/gnu/arm/4.9.3/bin/../lib/gcc/arm-none-eabi/4.9.3/../../../../arm-none-eabi/lib/armv7-m\libnosys.a
END GROUP
                0x00000000                CY_APPL_ORIGIN = 0x0
                0x00000100                CY_FLASH_ROW_SIZE = 0x100
                0x00000020                CY_ECC_ROW_SIZE = 0x20
                0x00000000                CY_EE_IN_BTLDR = 0x0
                0x00000000                CY_APPL_LOADABLE = 0x0
                0x00000800                CY_EE_SIZE = 0x800
                0x00000001                CY_APPL_NUM = 0x1
                0x00000001                CY_APPL_MAX = 0x1
                0x00000040                CY_METADATA_SIZE = 0x40
                0x00000000                CY_APPL_LOADABLE = 0x0
                0x00000000                CY_CHECKSUM_EXCLUDE_SIZE = ALIGN (0x0, CY_FLASH_ROW_SIZE)
                0x1fff81f0                PROVIDE (__cy_heap_start, _end)
                0x00000001                PROVIDE (__cy_region_num, ((__cy_regions_end - __cy_regions) / 0x10))
                0x20008000                PROVIDE (__cy_stack, (ORIGIN (ram) + 0x10000))
                0x20007800                PROVIDE (__cy_heap_end, (__cy_stack - 0x800))

.cybootloader   0x00000000        0x0
 *(.cybootloader)
                0x00000000                appl1_start = CY_APPL_ORIGIN?CY_APPL_ORIGIN:ALIGN (CY_FLASH_ROW_SIZE)
                0x0001ff00                appl2_start = (appl1_start + ALIGN ((((0x40000 - appl1_start) - (0x2 * CY_FLASH_ROW_SIZE)) / 0x2), CY_FLASH_ROW_SIZE))
                0x00000000                appl_start = (CY_APPL_NUM == 0x1)?appl1_start:appl2_start
                0x00000000                ecc_offset = ((appl_start / CY_FLASH_ROW_SIZE) * CY_ECC_ROW_SIZE)
                0x00000000                ee_offset = (CY_APPL_LOADABLE && ! (CY_EE_IN_BTLDR))?((CY_EE_SIZE / CY_APPL_MAX) * (CY_APPL_NUM - 0x1)):0x0
                0x00000800                ee_size = (CY_APPL_LOADABLE && ! (CY_EE_IN_BTLDR))?(CY_EE_SIZE / CY_APPL_MAX):CY_EE_SIZE
                0x00000000                PROVIDE (CY_ECC_OFFSET, ecc_offset)

.text           0x00000000     0x3cf4
 CREATE_OBJECT_SYMBOLS
                0x00000000                PROVIDE (__cy_interrupt_vector, RomVectors)
 *(.romvectors)
 .romvectors    0x00000000       0x10 .\CortexM3\ARM_GCC_493\Debug\Cm3Start.o
                0x00000000                RomVectors
                0x00000001                ASSERT ((. != __cy_interrupt_vector), No interrupt vector)
                0x00000001                ASSERT (CY_APPL_ORIGIN?(SIZEOF (.cybootloader) <= CY_APPL_ORIGIN):0x1, Wrong image location)
                0x00000010                PROVIDE (__cy_reset, Reset)
 *(.text.Reset)
 .text.Reset    0x00000010       0x18 .\CortexM3\ARM_GCC_493\Debug\Cm3Start.o
                0x00000010                Reset
                0x00000001                ASSERT ((. != __cy_reset), No reset code)
 *(.dma_init)
                0x00000001                ASSERT ((((appl_start + .) <= 0x10000) || 0x1), DMA Init must be within the first 64k of flash)
 *(.text .text.* .gnu.linkonce.t.*)
 .text          0x00000028       0x5c c:/program files (x86)/cypress/psoc creator/3.3/psoc creator/import/gnu/arm/4.9.3/bin/../lib/gcc/arm-none-eabi/4.9.3/armv7-m/crtbegin.o
 .text.SYS_ISR  0x00000084       0x38 .\CortexM3\ARM_GCC_493\Debug\Ultra.o
                0x00000084                SYS_ISR
 .text.ultra_isr_handler
                0x000000bc       0x74 .\CortexM3\ARM_GCC_493\Debug\Ultra.o
                0x000000bc                ultra_isr_handler
 .text.Ultra_Start
                0x00000130       0x40 .\CortexM3\ARM_GCC_493\Debug\Ultra.o
                0x00000130                Ultra_Start
 .text.main     0x00000170       0x18 .\CortexM3\ARM_GCC_493\Debug\main.o
                0x00000170                main
 .text._write   0x00000188       0x1c .\CortexM3\ARM_GCC_493\Debug\main.o
                0x00000188                _write
 .text.IntDefaultHandler
                0x000001a4        0x4 .\CortexM3\ARM_GCC_493\Debug\Cm3Start.o
                0x000001a4                IntDefaultHandler
 .text._sbrk    0x000001a8       0x30 .\CortexM3\ARM_GCC_493\Debug\Cm3Start.o
                0x000001a8                _sbrk
 .text.Start_c  0x000001d8       0x4c .\CortexM3\ARM_GCC_493\Debug\Cm3Start.o
                0x000001d8                Start_c
 .text.initialize_psoc
                0x00000224       0x74 .\CortexM3\ARM_GCC_493\Debug\Cm3Start.o
                0x00000224                initialize_psoc
 .text.CyClockStartupError
                0x00000298        0x4 .\CortexM3\ARM_GCC_493\Debug\ZumoBot_Lib.a(cyfitter_cfg.o)
 .text.cfg_write_bytes32
                0x0000029c       0x34 .\CortexM3\ARM_GCC_493\Debug\ZumoBot_Lib.a(cyfitter_cfg.o)
 .text.AnalogSetDefault
                0x000002d0       0x28 .\CortexM3\ARM_GCC_493\Debug\ZumoBot_Lib.a(cyfitter_cfg.o)
 .text.CYMEMZERO
                0x000002f8        0xc .\CortexM3\ARM_GCC_493\Debug\ZumoBot_Lib.a(cyfitter_cfg.o)
 .text.ClockSetup
                0x00000304       0xd0 .\CortexM3\ARM_GCC_493\Debug\ZumoBot_Lib.a(cyfitter_cfg.o)
 .text.CYCONFIGCPY
                0x000003d4        0x8 .\CortexM3\ARM_GCC_493\Debug\ZumoBot_Lib.a(cyfitter_cfg.o)
 .text.cyfitter_cfg
                0x000003dc      0x144 .\CortexM3\ARM_GCC_493\Debug\ZumoBot_Lib.a(cyfitter_cfg.o)
                0x000003dc                cyfitter_cfg
 .text.UART_Init
                0x00000520       0x24 .\CortexM3\ARM_GCC_493\Debug\ZumoBot_Lib.a(UART.o)
                0x00000520                UART_Init
 .text.UART_Enable
                0x00000544       0x38 .\CortexM3\ARM_GCC_493\Debug\ZumoBot_Lib.a(UART.o)
                0x00000544                UART_Enable
 .text.UART_Start
                0x0000057c       0x1c .\CortexM3\ARM_GCC_493\Debug\ZumoBot_Lib.a(UART.o)
                0x0000057c                UART_Start
 .text.UART_PutChar
                0x00000598       0x18 .\CortexM3\ARM_GCC_493\Debug\ZumoBot_Lib.a(UART.o)
                0x00000598                UART_PutChar
 .text.UART_IntClock_Start
                0x000005b0       0x1c .\CortexM3\ARM_GCC_493\Debug\ZumoBot_Lib.a(UART_IntClock.o)
                0x000005b0                UART_IntClock_Start
 *fill*         0x000005cc        0x4 
 .text          0x000005d0       0x20 .\CortexM3\ARM_GCC_493\Debug\ZumoBot_Lib.a(CyBootAsmGnu.o)
                0x000005d0                CyDelayCycles
                0x000005e0                CyEnterCriticalSection
                0x000005e8                CyExitCriticalSection
 .text.CyHalt   0x000005f0        0x4 .\CortexM3\ARM_GCC_493\Debug\ZumoBot_Lib.a(CyLib.o)
                0x000005f0                CyHalt
 .text.CyIntSetSysVector
                0x000005f4       0x28 .\CortexM3\ARM_GCC_493\Debug\ZumoBot_Lib.a(CyLib.o)
                0x000005f4                CyIntSetSysVector
 .text.Timer_Stop
                0x0000061c        0x4 .\CortexM3\ARM_GCC_493\Debug\ZumoBot_Lib.a(Timer.o)
                0x0000061c                Timer_Stop
 .text.Timer_SetInterruptMode
                0x00000620        0xc .\CortexM3\ARM_GCC_493\Debug\ZumoBot_Lib.a(Timer.o)
                0x00000620                Timer_SetInterruptMode
 .text.Timer_ReadStatusRegister
                0x0000062c        0xc .\CortexM3\ARM_GCC_493\Debug\ZumoBot_Lib.a(Timer.o)
                0x0000062c                Timer_ReadStatusRegister
 .text.Timer_WritePeriod
                0x00000638        0xc .\CortexM3\ARM_GCC_493\Debug\ZumoBot_Lib.a(Timer.o)
                0x00000638                Timer_WritePeriod
 .text.Timer_ReadCapture
                0x00000644        0xc .\CortexM3\ARM_GCC_493\Debug\ZumoBot_Lib.a(Timer.o)
                0x00000644                Timer_ReadCapture
 .text.Timer_WriteCounter
                0x00000650        0xc .\CortexM3\ARM_GCC_493\Debug\ZumoBot_Lib.a(Timer.o)
                0x00000650                Timer_WriteCounter
 .text.Timer_ReadCounter
                0x0000065c       0x14 .\CortexM3\ARM_GCC_493\Debug\ZumoBot_Lib.a(Timer.o)
                0x0000065c                Timer_ReadCounter
 .text.Timer_ClearFIFO
                0x00000670       0x14 .\CortexM3\ARM_GCC_493\Debug\ZumoBot_Lib.a(Timer.o)
                0x00000670                Timer_ClearFIFO
 .text.Timer_Init
                0x00000684       0x34 .\CortexM3\ARM_GCC_493\Debug\ZumoBot_Lib.a(Timer.o)
                0x00000684                Timer_Init
 .text.Timer_Start
                0x000006b8       0x18 .\CortexM3\ARM_GCC_493\Debug\ZumoBot_Lib.a(Timer.o)
                0x000006b8                Timer_Start
 .text.Echo_Read
                0x000006d0       0x10 .\CortexM3\ARM_GCC_493\Debug\ZumoBot_Lib.a(Echo.o)
                0x000006d0                Echo_Read
 .text.ultra_isr_SetVector
                0x000006e0        0xc .\CortexM3\ARM_GCC_493\Debug\ZumoBot_Lib.a(ultra_isr.o)
                0x000006e0                ultra_isr_SetVector
 .text.ultra_isr_SetPriority
                0x000006ec       0x10 .\CortexM3\ARM_GCC_493\Debug\ZumoBot_Lib.a(ultra_isr.o)
                0x000006ec                ultra_isr_SetPriority
 .text.ultra_isr_Enable
                0x000006fc        0xc .\CortexM3\ARM_GCC_493\Debug\ZumoBot_Lib.a(ultra_isr.o)
                0x000006fc                ultra_isr_Enable
 .text.ultra_isr_Disable
                0x00000708        0xc .\CortexM3\ARM_GCC_493\Debug\ZumoBot_Lib.a(ultra_isr.o)
                0x00000708                ultra_isr_Disable
 .text.ultra_isr_StartEx
                0x00000714       0x1c .\CortexM3\ARM_GCC_493\Debug\ZumoBot_Lib.a(ultra_isr.o)
                0x00000714                ultra_isr_StartEx
 .text.Trig_Write
                0x00000730       0x18 .\CortexM3\ARM_GCC_493\Debug\ZumoBot_Lib.a(Trig.o)
                0x00000730                Trig_Write
 .text.__fpclassifyd
                0x00000748       0x58 c:/program files (x86)/cypress/psoc creator/3.3/psoc creator/import/gnu/arm/4.9.3/bin/../lib/gcc/arm-none-eabi/4.9.3/../../../../arm-none-eabi/lib/armv7-m\libm.a(lib_a-s_fpclassify.o)
                0x00000748                __fpclassifyd
 .text          0x000007a0      0x370 c:/program files (x86)/cypress/psoc creator/3.3/psoc creator/import/gnu/arm/4.9.3/bin/../lib/gcc/arm-none-eabi/4.9.3/armv7-m\libgcc.a(_arm_addsubdf3.o)
                0x000007a0                __aeabi_drsub
                0x000007a8                __aeabi_dsub
                0x000007a8                __subdf3
                0x000007ac                __aeabi_dadd
                0x000007ac                __adddf3
                0x00000a24                __floatunsidf
                0x00000a24                __aeabi_ui2d
                0x00000a44                __floatsidf
                0x00000a44                __aeabi_i2d
                0x00000a68                __aeabi_f2d
                0x00000a68                __extendsfdf2
                0x00000aa4                __floatundidf
                0x00000aa4                __aeabi_ul2d
                0x00000ab4                __floatdidf
                0x00000ab4                __aeabi_l2d
 .text          0x00000b10      0x424 c:/program files (x86)/cypress/psoc creator/3.3/psoc creator/import/gnu/arm/4.9.3/bin/../lib/gcc/arm-none-eabi/4.9.3/armv7-m\libgcc.a(_arm_muldivdf3.o)
                0x00000b10                __aeabi_dmul
                0x00000b10                __muldf3
                0x00000d64                __divdf3
                0x00000d64                __aeabi_ddiv
 .text          0x00000f34      0x110 c:/program files (x86)/cypress/psoc creator/3.3/psoc creator/import/gnu/arm/4.9.3/bin/../lib/gcc/arm-none-eabi/4.9.3/armv7-m\libgcc.a(_arm_cmpdf2.o)
                0x00000f34                __gtdf2
                0x00000f34                __gedf2
                0x00000f3c                __ltdf2
                0x00000f3c                __ledf2
                0x00000f44                __nedf2
                0x00000f44                __eqdf2
                0x00000f44                __cmpdf2
                0x00000fc0                __aeabi_cdrcmple
                0x00000fd0                __aeabi_cdcmpeq
                0x00000fd0                __aeabi_cdcmple
                0x00000fe0                __aeabi_dcmpeq
                0x00000ff4                __aeabi_dcmplt
                0x00001008                __aeabi_dcmple
                0x0000101c                __aeabi_dcmpge
                0x00001030                __aeabi_dcmpgt
 .text          0x00001044      0x21c c:/program files (x86)/cypress/psoc creator/3.3/psoc creator/import/gnu/arm/4.9.3/bin/../lib/gcc/arm-none-eabi/4.9.3/armv7-m\libgcc.a(_arm_addsubsf3.o)
                0x00001044                __aeabi_frsub
                0x0000104c                __subsf3
                0x0000104c                __aeabi_fsub
                0x00001050                __aeabi_fadd
                0x00001050                __addsf3
                0x000011b0                __aeabi_ui2f
                0x000011b0                __floatunsisf
                0x000011b8                __aeabi_i2f
                0x000011b8                __floatsisf
                0x000011d4                __aeabi_ul2f
                0x000011d4                __floatundisf
                0x000011e4                __aeabi_l2f
                0x000011e4                __floatdisf
 .text          0x00001260      0x2a0 c:/program files (x86)/cypress/psoc creator/3.3/psoc creator/import/gnu/arm/4.9.3/bin/../lib/gcc/arm-none-eabi/4.9.3/armv7-m\libgcc.a(_arm_muldivsf3.o)
                0x00001260                __mulsf3
                0x00001260                __aeabi_fmul
                0x000013c8                __aeabi_fdiv
                0x000013c8                __divsf3
 .text          0x00001500       0x4c c:/program files (x86)/cypress/psoc creator/3.3/psoc creator/import/gnu/arm/4.9.3/bin/../lib/gcc/arm-none-eabi/4.9.3/armv7-m\libgcc.a(_arm_fixsfsi.o)
                0x00001500                __aeabi_f2iz
                0x00001500                __fixsfsi
 .text.__errno  0x0000154c        0xc c:/program files (x86)/cypress/psoc creator/3.3/psoc creator/import/gnu/arm/4.9.3/bin/../lib/gcc/arm-none-eabi/4.9.3/../../../../arm-none-eabi/lib/armv7-m\libg_nano.a(lib_a-errno.o)
                0x0000154c                __errno
 .text.__libc_init_array
                0x00001558       0x4c c:/program files (x86)/cypress/psoc creator/3.3/psoc creator/import/gnu/arm/4.9.3/bin/../lib/gcc/arm-none-eabi/4.9.3/../../../../arm-none-eabi/lib/armv7-m\libg_nano.a(lib_a-init.o)
                0x00001558                __libc_init_array
 .text.memcpy   0x000015a4       0x16 c:/program files (x86)/cypress/psoc creator/3.3/psoc creator/import/gnu/arm/4.9.3/bin/../lib/gcc/arm-none-eabi/4.9.3/../../../../arm-none-eabi/lib/armv7-m\libg_nano.a(lib_a-memcpy.o)
                0x000015a4                memcpy
 .text.memset   0x000015ba       0x10 c:/program files (x86)/cypress/psoc creator/3.3/psoc creator/import/gnu/arm/4.9.3/bin/../lib/gcc/arm-none-eabi/4.9.3/../../../../arm-none-eabi/lib/armv7-m\libg_nano.a(lib_a-memset.o)
                0x000015ba                memset
 .text.__cvt    0x000015ca       0xbc c:/program files (x86)/cypress/psoc creator/3.3/psoc creator/import/gnu/arm/4.9.3/bin/../lib/gcc/arm-none-eabi/4.9.3/../../../../arm-none-eabi/lib/armv7-m\libg_nano.a(lib_a-nano-vfprintf_float.o)
                0x000015ca                __cvt
 .text.__exponent
                0x00001686       0x62 c:/program files (x86)/cypress/psoc creator/3.3/psoc creator/import/gnu/arm/4.9.3/bin/../lib/gcc/arm-none-eabi/4.9.3/../../../../arm-none-eabi/lib/armv7-m\libg_nano.a(lib_a-nano-vfprintf_float.o)
                0x00001686                __exponent
 .text._printf_float
                0x000016e8      0x48c c:/program files (x86)/cypress/psoc creator/3.3/psoc creator/import/gnu/arm/4.9.3/bin/../lib/gcc/arm-none-eabi/4.9.3/../../../../arm-none-eabi/lib/armv7-m\libg_nano.a(lib_a-nano-vfprintf_float.o)
                0x000016e8                _printf_float
 .text._printf_common
                0x00001b74       0xea c:/program files (x86)/cypress/psoc creator/3.3/psoc creator/import/gnu/arm/4.9.3/bin/../lib/gcc/arm-none-eabi/4.9.3/../../../../arm-none-eabi/lib/armv7-m\libg_nano.a(lib_a-nano-vfprintf_i.o)
                0x00001b74                _printf_common
 *fill*         0x00001c5e        0x2 
 .text._printf_i
                0x00001c60      0x240 c:/program files (x86)/cypress/psoc creator/3.3/psoc creator/import/gnu/arm/4.9.3/bin/../lib/gcc/arm-none-eabi/4.9.3/../../../../arm-none-eabi/lib/armv7-m\libg_nano.a(lib_a-nano-vfprintf_i.o)
                0x00001c60                _printf_i
 .text.printf   0x00001ea0       0x30 c:/program files (x86)/cypress/psoc creator/3.3/psoc creator/import/gnu/arm/4.9.3/bin/../lib/gcc/arm-none-eabi/4.9.3/../../../../arm-none-eabi/lib/armv7-m\libg_nano.a(lib_a-printf.o)
                0x00001ea0                iprintf
                0x00001ea0                printf
 .text._puts_r  0x00001ed0       0xbc c:/program files (x86)/cypress/psoc creator/3.3/psoc creator/import/gnu/arm/4.9.3/bin/../lib/gcc/arm-none-eabi/4.9.3/../../../../arm-none-eabi/lib/armv7-m\libg_nano.a(lib_a-puts.o)
                0x00001ed0                _puts_r
 .text.puts     0x00001f8c       0x10 c:/program files (x86)/cypress/psoc creator/3.3/psoc creator/import/gnu/arm/4.9.3/bin/../lib/gcc/arm-none-eabi/4.9.3/../../../../arm-none-eabi/lib/armv7-m\libg_nano.a(lib_a-puts.o)
                0x00001f8c                puts
 .text.strlen   0x00001f9c       0x10 c:/program files (x86)/cypress/psoc creator/3.3/psoc creator/import/gnu/arm/4.9.3/bin/../lib/gcc/arm-none-eabi/4.9.3/../../../../arm-none-eabi/lib/armv7-m\libg_nano.a(lib_a-strlen.o)
                0x00001f9c                strlen
 .text.__swbuf_r
                0x00001fac       0xa8 c:/program files (x86)/cypress/psoc creator/3.3/psoc creator/import/gnu/arm/4.9.3/bin/../lib/gcc/arm-none-eabi/4.9.3/../../../../arm-none-eabi/lib/armv7-m\libg_nano.a(lib_a-wbuf.o)
                0x00001fac                __swbuf_r
 .text.__swsetup_r
                0x00002054       0xd8 c:/program files (x86)/cypress/psoc creator/3.3/psoc creator/import/gnu/arm/4.9.3/bin/../lib/gcc/arm-none-eabi/4.9.3/../../../../arm-none-eabi/lib/armv7-m\libg_nano.a(lib_a-wsetup.o)
                0x00002054                __swsetup_r
 .text.quorem   0x0000212c      0x114 c:/program files (x86)/cypress/psoc creator/3.3/psoc creator/import/gnu/arm/4.9.3/bin/../lib/gcc/arm-none-eabi/4.9.3/../../../../arm-none-eabi/lib/armv7-m\libg_nano.a(lib_a-dtoa.o)
 .text._dtoa_r  0x00002240      0xb78 c:/program files (x86)/cypress/psoc creator/3.3/psoc creator/import/gnu/arm/4.9.3/bin/../lib/gcc/arm-none-eabi/4.9.3/../../../../arm-none-eabi/lib/armv7-m\libg_nano.a(lib_a-dtoa.o)
                0x00002240                _dtoa_r
 .text.__sflush_r
                0x00002db8      0x106 c:/program files (x86)/cypress/psoc creator/3.3/psoc creator/import/gnu/arm/4.9.3/bin/../lib/gcc/arm-none-eabi/4.9.3/../../../../arm-none-eabi/lib/armv7-m\libg_nano.a(lib_a-fflush.o)
                0x00002db8                __sflush_r
 *fill*         0x00002ebe        0x2 
 .text._fflush_r
                0x00002ec0       0x54 c:/program files (x86)/cypress/psoc creator/3.3/psoc creator/import/gnu/arm/4.9.3/bin/../lib/gcc/arm-none-eabi/4.9.3/../../../../arm-none-eabi/lib/armv7-m\libg_nano.a(lib_a-fflush.o)
                0x00002ec0                _fflush_r
 .text._cleanup_r
                0x00002f14        0xc c:/program files (x86)/cypress/psoc creator/3.3/psoc creator/import/gnu/arm/4.9.3/bin/../lib/gcc/arm-none-eabi/4.9.3/../../../../arm-none-eabi/lib/armv7-m\libg_nano.a(lib_a-findfp.o)
                0x00002f14                _cleanup_r
 .text.std.isra.0
                0x00002f20       0x48 c:/program files (x86)/cypress/psoc creator/3.3/psoc creator/import/gnu/arm/4.9.3/bin/../lib/gcc/arm-none-eabi/4.9.3/../../../../arm-none-eabi/lib/armv7-m\libg_nano.a(lib_a-findfp.o)
 .text.__sfmoreglue
                0x00002f68       0x2c c:/program files (x86)/cypress/psoc creator/3.3/psoc creator/import/gnu/arm/4.9.3/bin/../lib/gcc/arm-none-eabi/4.9.3/../../../../arm-none-eabi/lib/armv7-m\libg_nano.a(lib_a-findfp.o)
                0x00002f68                __sfmoreglue
 .text.__sinit  0x00002f94       0x60 c:/program files (x86)/cypress/psoc creator/3.3/psoc creator/import/gnu/arm/4.9.3/bin/../lib/gcc/arm-none-eabi/4.9.3/../../../../arm-none-eabi/lib/armv7-m\libg_nano.a(lib_a-findfp.o)
                0x00002f94                __sinit
 .text.__sfp    0x00002ff4       0x74 c:/program files (x86)/cypress/psoc creator/3.3/psoc creator/import/gnu/arm/4.9.3/bin/../lib/gcc/arm-none-eabi/4.9.3/../../../../arm-none-eabi/lib/armv7-m\libg_nano.a(lib_a-findfp.o)
                0x00002ff4                __sfp
 .text._fwalk_reent
                0x00003068       0x3c c:/program files (x86)/cypress/psoc creator/3.3/psoc creator/import/gnu/arm/4.9.3/bin/../lib/gcc/arm-none-eabi/4.9.3/../../../../arm-none-eabi/lib/armv7-m\libg_nano.a(lib_a-fwalk.o)
                0x00003068                _fwalk_reent
 .text._localeconv_r
                0x000030a4        0x8 c:/program files (x86)/cypress/psoc creator/3.3/psoc creator/import/gnu/arm/4.9.3/bin/../lib/gcc/arm-none-eabi/4.9.3/../../../../arm-none-eabi/lib/armv7-m\libg_nano.a(lib_a-locale.o)
                0x000030a4                _localeconv_r
 .text.__smakebuf_r
                0x000030ac       0x98 c:/program files (x86)/cypress/psoc creator/3.3/psoc creator/import/gnu/arm/4.9.3/bin/../lib/gcc/arm-none-eabi/4.9.3/../../../../arm-none-eabi/lib/armv7-m\libg_nano.a(lib_a-makebuf.o)
                0x000030ac                __smakebuf_r
 .text.malloc   0x00003144       0x10 c:/program files (x86)/cypress/psoc creator/3.3/psoc creator/import/gnu/arm/4.9.3/bin/../lib/gcc/arm-none-eabi/4.9.3/../../../../arm-none-eabi/lib/armv7-m\libg_nano.a(lib_a-malloc.o)
                0x00003144                malloc
 .text.memchr   0x00003154       0x1c c:/program files (x86)/cypress/psoc creator/3.3/psoc creator/import/gnu/arm/4.9.3/bin/../lib/gcc/arm-none-eabi/4.9.3/../../../../arm-none-eabi/lib/armv7-m\libg_nano.a(lib_a-memchr.o)
                0x00003154                memchr
 .text._Balloc  0x00003170       0x6a c:/program files (x86)/cypress/psoc creator/3.3/psoc creator/import/gnu/arm/4.9.3/bin/../lib/gcc/arm-none-eabi/4.9.3/../../../../arm-none-eabi/lib/armv7-m\libg_nano.a(lib_a-mprec.o)
                0x00003170                _Balloc
 .text._Bfree   0x000031da       0x2e c:/program files (x86)/cypress/psoc creator/3.3/psoc creator/import/gnu/arm/4.9.3/bin/../lib/gcc/arm-none-eabi/4.9.3/../../../../arm-none-eabi/lib/armv7-m\libg_nano.a(lib_a-mprec.o)
                0x000031da                _Bfree
 .text.__multadd
                0x00003208       0x7c c:/program files (x86)/cypress/psoc creator/3.3/psoc creator/import/gnu/arm/4.9.3/bin/../lib/gcc/arm-none-eabi/4.9.3/../../../../arm-none-eabi/lib/armv7-m\libg_nano.a(lib_a-mprec.o)
                0x00003208                __multadd
 .text.__hi0bits
                0x00003284       0x40 c:/program files (x86)/cypress/psoc creator/3.3/psoc creator/import/gnu/arm/4.9.3/bin/../lib/gcc/arm-none-eabi/4.9.3/../../../../arm-none-eabi/lib/armv7-m\libg_nano.a(lib_a-mprec.o)
                0x00003284                __hi0bits
 .text.__lo0bits
                0x000032c4       0x5a c:/program files (x86)/cypress/psoc creator/3.3/psoc creator/import/gnu/arm/4.9.3/bin/../lib/gcc/arm-none-eabi/4.9.3/../../../../arm-none-eabi/lib/armv7-m\libg_nano.a(lib_a-mprec.o)
                0x000032c4                __lo0bits
 .text.__i2b    0x0000331e       0x12 c:/program files (x86)/cypress/psoc creator/3.3/psoc creator/import/gnu/arm/4.9.3/bin/../lib/gcc/arm-none-eabi/4.9.3/../../../../arm-none-eabi/lib/armv7-m\libg_nano.a(lib_a-mprec.o)
                0x0000331e                __i2b
 .text.__multiply
                0x00003330      0x120 c:/program files (x86)/cypress/psoc creator/3.3/psoc creator/import/gnu/arm/4.9.3/bin/../lib/gcc/arm-none-eabi/4.9.3/../../../../arm-none-eabi/lib/armv7-m\libg_nano.a(lib_a-mprec.o)
                0x00003330                __multiply
 .text.__pow5mult
                0x00003450       0x9c c:/program files (x86)/cypress/psoc creator/3.3/psoc creator/import/gnu/arm/4.9.3/bin/../lib/gcc/arm-none-eabi/4.9.3/../../../../arm-none-eabi/lib/armv7-m\libg_nano.a(lib_a-mprec.o)
                0x00003450                __pow5mult
 .text.__lshift
                0x000034ec       0xa6 c:/program files (x86)/cypress/psoc creator/3.3/psoc creator/import/gnu/arm/4.9.3/bin/../lib/gcc/arm-none-eabi/4.9.3/../../../../arm-none-eabi/lib/armv7-m\libg_nano.a(lib_a-mprec.o)
                0x000034ec                __lshift
 .text.__mcmp   0x00003592       0x38 c:/program files (x86)/cypress/psoc creator/3.3/psoc creator/import/gnu/arm/4.9.3/bin/../lib/gcc/arm-none-eabi/4.9.3/../../../../arm-none-eabi/lib/armv7-m\libg_nano.a(lib_a-mprec.o)
                0x00003592                __mcmp
 .text.__mdiff  0x000035ca       0xbe c:/program files (x86)/cypress/psoc creator/3.3/psoc creator/import/gnu/arm/4.9.3/bin/../lib/gcc/arm-none-eabi/4.9.3/../../../../arm-none-eabi/lib/armv7-m\libg_nano.a(lib_a-mprec.o)
                0x000035ca                __mdiff
 .text.__d2b    0x00003688       0xa4 c:/program files (x86)/cypress/psoc creator/3.3/psoc creator/import/gnu/arm/4.9.3/bin/../lib/gcc/arm-none-eabi/4.9.3/../../../../arm-none-eabi/lib/armv7-m\libg_nano.a(lib_a-mprec.o)
                0x00003688                __d2b
 .text._calloc_r
                0x0000372c       0x1c c:/program files (x86)/cypress/psoc creator/3.3/psoc creator/import/gnu/arm/4.9.3/bin/../lib/gcc/arm-none-eabi/4.9.3/../../../../arm-none-eabi/lib/armv7-m\libg_nano.a(lib_a-nano-callocr.o)
                0x0000372c                _calloc_r
 .text._free_r  0x00003748       0x88 c:/program files (x86)/cypress/psoc creator/3.3/psoc creator/import/gnu/arm/4.9.3/bin/../lib/gcc/arm-none-eabi/4.9.3/../../../../arm-none-eabi/lib/armv7-m\libg_nano.a(lib_a-nano-freer.o)
                0x00003748                _free_r
 .text._malloc_r
                0x000037d0       0xac c:/program files (x86)/cypress/psoc creator/3.3/psoc creator/import/gnu/arm/4.9.3/bin/../lib/gcc/arm-none-eabi/4.9.3/../../../../arm-none-eabi/lib/armv7-m\libg_nano.a(lib_a-nano-mallocr.o)
                0x000037d0                _malloc_r
 .text.__sfputc_r
                0x0000387c       0x2c c:/program files (x86)/cypress/psoc creator/3.3/psoc creator/import/gnu/arm/4.9.3/bin/../lib/gcc/arm-none-eabi/4.9.3/../../../../arm-none-eabi/lib/armv7-m\libg_nano.a(lib_a-nano-vfprintf.o)
 .text.__sfputs_r
                0x000038a8       0x24 c:/program files (x86)/cypress/psoc creator/3.3/psoc creator/import/gnu/arm/4.9.3/bin/../lib/gcc/arm-none-eabi/4.9.3/../../../../arm-none-eabi/lib/armv7-m\libg_nano.a(lib_a-nano-vfprintf.o)
                0x000038a8                __sfputs_r
 .text._vfprintf_r
                0x000038cc      0x210 c:/program files (x86)/cypress/psoc creator/3.3/psoc creator/import/gnu/arm/4.9.3/bin/../lib/gcc/arm-none-eabi/4.9.3/../../../../arm-none-eabi/lib/armv7-m\libg_nano.a(lib_a-nano-vfprintf.o)
                0x000038cc                _vfprintf_r
                0x000038cc                _vfiprintf_r
 .text._sbrk_r  0x00003adc       0x20 c:/program files (x86)/cypress/psoc creator/3.3/psoc creator/import/gnu/arm/4.9.3/bin/../lib/gcc/arm-none-eabi/4.9.3/../../../../arm-none-eabi/lib/armv7-m\libg_nano.a(lib_a-sbrkr.o)
                0x00003adc                _sbrk_r
 .text.__sread  0x00003afc       0x22 c:/program files (x86)/cypress/psoc creator/3.3/psoc creator/import/gnu/arm/4.9.3/bin/../lib/gcc/arm-none-eabi/4.9.3/../../../../arm-none-eabi/lib/armv7-m\libg_nano.a(lib_a-stdio.o)
                0x00003afc                __sread
 .text.__swrite
                0x00003b1e       0x38 c:/program files (x86)/cypress/psoc creator/3.3/psoc creator/import/gnu/arm/4.9.3/bin/../lib/gcc/arm-none-eabi/4.9.3/../../../../arm-none-eabi/lib/armv7-m\libg_nano.a(lib_a-stdio.o)
                0x00003b1e                __swrite
 .text.__sseek  0x00003b56       0x24 c:/program files (x86)/cypress/psoc creator/3.3/psoc creator/import/gnu/arm/4.9.3/bin/../lib/gcc/arm-none-eabi/4.9.3/../../../../arm-none-eabi/lib/armv7-m\libg_nano.a(lib_a-stdio.o)
                0x00003b56                __sseek
 .text.__sclose
                0x00003b7a        0x8 c:/program files (x86)/cypress/psoc creator/3.3/psoc creator/import/gnu/arm/4.9.3/bin/../lib/gcc/arm-none-eabi/4.9.3/../../../../arm-none-eabi/lib/armv7-m\libg_nano.a(lib_a-stdio.o)
                0x00003b7a                __sclose
 *fill*         0x00003b82        0x2 
 .text._write_r
                0x00003b84       0x24 c:/program files (x86)/cypress/psoc creator/3.3/psoc creator/import/gnu/arm/4.9.3/bin/../lib/gcc/arm-none-eabi/4.9.3/../../../../arm-none-eabi/lib/armv7-m\libg_nano.a(lib_a-writer.o)
                0x00003b84                _write_r
 .text._close_r
                0x00003ba8       0x20 c:/program files (x86)/cypress/psoc creator/3.3/psoc creator/import/gnu/arm/4.9.3/bin/../lib/gcc/arm-none-eabi/4.9.3/../../../../arm-none-eabi/lib/armv7-m\libg_nano.a(lib_a-closer.o)
                0x00003ba8                _close_r
 .text._fstat_r
                0x00003bc8       0x24 c:/program files (x86)/cypress/psoc creator/3.3/psoc creator/import/gnu/arm/4.9.3/bin/../lib/gcc/arm-none-eabi/4.9.3/../../../../arm-none-eabi/lib/armv7-m\libg_nano.a(lib_a-fstatr.o)
                0x00003bc8                _fstat_r
 .text._isatty_r
                0x00003bec       0x20 c:/program files (x86)/cypress/psoc creator/3.3/psoc creator/import/gnu/arm/4.9.3/bin/../lib/gcc/arm-none-eabi/4.9.3/../../../../arm-none-eabi/lib/armv7-m\libg_nano.a(lib_a-isattyr.o)
                0x00003bec                _isatty_r
 .text._lseek_r
                0x00003c0c       0x24 c:/program files (x86)/cypress/psoc creator/3.3/psoc creator/import/gnu/arm/4.9.3/bin/../lib/gcc/arm-none-eabi/4.9.3/../../../../arm-none-eabi/lib/armv7-m\libg_nano.a(lib_a-lseekr.o)
                0x00003c0c                _lseek_r
 .text._read_r  0x00003c30       0x24 c:/program files (x86)/cypress/psoc creator/3.3/psoc creator/import/gnu/arm/4.9.3/bin/../lib/gcc/arm-none-eabi/4.9.3/../../../../arm-none-eabi/lib/armv7-m\libg_nano.a(lib_a-readr.o)
                0x00003c30                _read_r
 .text          0x00003c54       0x50 c:/program files (x86)/cypress/psoc creator/3.3/psoc creator/import/gnu/arm/4.9.3/bin/../lib/gcc/arm-none-eabi/4.9.3/armv7-m\libgcc.a(_arm_fixdfsi.o)
                0x00003c54                __aeabi_d2iz
                0x00003c54                __fixdfsi
 .text._close   0x00003ca4       0x10 c:/program files (x86)/cypress/psoc creator/3.3/psoc creator/import/gnu/arm/4.9.3/bin/../lib/gcc/arm-none-eabi/4.9.3/../../../../arm-none-eabi/lib/armv7-m\libnosys.a(close.o)
                0x00003ca4                _close
 .text._fstat   0x00003cb4       0x10 c:/program files (x86)/cypress/psoc creator/3.3/psoc creator/import/gnu/arm/4.9.3/bin/../lib/gcc/arm-none-eabi/4.9.3/../../../../arm-none-eabi/lib/armv7-m\libnosys.a(fstat.o)
                0x00003cb4                _fstat
 .text._isatty  0x00003cc4       0x10 c:/program files (x86)/cypress/psoc creator/3.3/psoc creator/import/gnu/arm/4.9.3/bin/../lib/gcc/arm-none-eabi/4.9.3/../../../../arm-none-eabi/lib/armv7-m\libnosys.a(isatty.o)
                0x00003cc4                _isatty
 .text._lseek   0x00003cd4       0x10 c:/program files (x86)/cypress/psoc creator/3.3/psoc creator/import/gnu/arm/4.9.3/bin/../lib/gcc/arm-none-eabi/4.9.3/../../../../arm-none-eabi/lib/armv7-m\libnosys.a(lseek.o)
                0x00003cd4                _lseek
 .text._read    0x00003ce4       0x10 c:/program files (x86)/cypress/psoc creator/3.3/psoc creator/import/gnu/arm/4.9.3/bin/../lib/gcc/arm-none-eabi/4.9.3/../../../../arm-none-eabi/lib/armv7-m\libnosys.a(read.o)
                0x00003ce4                _read
 *(.plt)
 *(.gnu.warning)
 *(.glue_7t)
 .glue_7t       0x00000000        0x0 linker stubs
 *(.glue_7)
 .glue_7        0x00000000        0x0 linker stubs
 *(.vfp11_veneer)
 .vfp11_veneer  0x00000000        0x0 linker stubs
 *(.bootloader)
 *(.ARM.extab* .gnu.linkonce.armextab.*)
 *(.gcc_except_table)

.v4_bx          0x00003cf4        0x0
 .v4_bx         0x00000000        0x0 linker stubs

.iplt           0x00003cf4        0x0
 .iplt          0x00000000        0x0 c:/program files (x86)/cypress/psoc creator/3.3/psoc creator/import/gnu/arm/4.9.3/bin/../lib/gcc/arm-none-eabi/4.9.3/armv7-m/crtbegin.o

.eh_frame_hdr
 *(.eh_frame_hdr)

.eh_frame       0x00003cf4        0x4
 *(.eh_frame)
 .eh_frame      0x00003cf4        0x0 c:/program files (x86)/cypress/psoc creator/3.3/psoc creator/import/gnu/arm/4.9.3/bin/../lib/gcc/arm-none-eabi/4.9.3/armv7-m/crtbegin.o
 .eh_frame      0x00003cf4        0x0 c:/program files (x86)/cypress/psoc creator/3.3/psoc creator/import/gnu/arm/4.9.3/bin/../lib/gcc/arm-none-eabi/4.9.3/../../../../arm-none-eabi/lib/armv7-m\libg_nano.a(lib_a-strcmp.o)
                                 0x28 (size before relaxing)
 .eh_frame      0x00003cf4        0x4 c:/program files (x86)/cypress/psoc creator/3.3/psoc creator/import/gnu/arm/4.9.3/bin/../lib/gcc/arm-none-eabi/4.9.3/armv7-m/crtend.o
                0x00003cf8                PROVIDE (__exidx_start, .)

.ARM.exidx
 *(.ARM.exidx* .gnu.linkonce.armexidx.*)
                0x00003cf8                __exidx_end = .

.rodata         0x00003cf8      0x270
 *(.rodata .rodata.* .gnu.linkonce.r.*)
 .rodata.str1.4
                0x00003cf8       0x2a .\CortexM3\ARM_GCC_493\Debug\Ultra.o
                                 0x2c (size before relaxing)
 *fill*         0x00003d22        0x2 
 .rodata.str1.4
                0x00003d24        0x8 .\CortexM3\ARM_GCC_493\Debug\main.o
 .rodata        0x00003d2c       0x3c .\CortexM3\ARM_GCC_493\Debug\ZumoBot_Lib.a(cyfitter_cfg.o)
 .rodata.str1.1
                0x00003d68        0x2 c:/program files (x86)/cypress/psoc creator/3.3/psoc creator/import/gnu/arm/4.9.3/bin/../lib/gcc/arm-none-eabi/4.9.3/../../../../arm-none-eabi/lib/armv7-m\libg_nano.a(lib_a-impure.o)
 *fill*         0x00003d6a        0x2 
 .rodata._global_impure_ptr
                0x00003d6c        0x4 c:/program files (x86)/cypress/psoc creator/3.3/psoc creator/import/gnu/arm/4.9.3/bin/../lib/gcc/arm-none-eabi/4.9.3/../../../../arm-none-eabi/lib/armv7-m\libg_nano.a(lib_a-impure.o)
                0x00003d6c                _global_impure_ptr
 .rodata.str1.1
                0x00003d70       0x12 c:/program files (x86)/cypress/psoc creator/3.3/psoc creator/import/gnu/arm/4.9.3/bin/../lib/gcc/arm-none-eabi/4.9.3/../../../../arm-none-eabi/lib/armv7-m\libg_nano.a(lib_a-nano-vfprintf_float.o)
 .rodata.str1.1
                0x00003d82       0x22 c:/program files (x86)/cypress/psoc creator/3.3/psoc creator/import/gnu/arm/4.9.3/bin/../lib/gcc/arm-none-eabi/4.9.3/../../../../arm-none-eabi/lib/armv7-m\libg_nano.a(lib_a-nano-vfprintf_i.o)
 .rodata.str1.1
                0x00003da4        0xd c:/program files (x86)/cypress/psoc creator/3.3/psoc creator/import/gnu/arm/4.9.3/bin/../lib/gcc/arm-none-eabi/4.9.3/../../../../arm-none-eabi/lib/armv7-m\libg_nano.a(lib_a-dtoa.o)
                                  0xf (size before relaxing)
 *fill*         0x00003db1        0x3 
 .rodata.__sf_fake_stdin
                0x00003db4       0x20 c:/program files (x86)/cypress/psoc creator/3.3/psoc creator/import/gnu/arm/4.9.3/bin/../lib/gcc/arm-none-eabi/4.9.3/../../../../arm-none-eabi/lib/armv7-m\libg_nano.a(lib_a-findfp.o)
                0x00003db4                __sf_fake_stdin
 .rodata.__sf_fake_stdout
                0x00003dd4       0x20 c:/program files (x86)/cypress/psoc creator/3.3/psoc creator/import/gnu/arm/4.9.3/bin/../lib/gcc/arm-none-eabi/4.9.3/../../../../arm-none-eabi/lib/armv7-m\libg_nano.a(lib_a-findfp.o)
                0x00003dd4                __sf_fake_stdout
 .rodata.__sf_fake_stderr
                0x00003df4       0x20 c:/program files (x86)/cypress/psoc creator/3.3/psoc creator/import/gnu/arm/4.9.3/bin/../lib/gcc/arm-none-eabi/4.9.3/../../../../arm-none-eabi/lib/armv7-m\libg_nano.a(lib_a-findfp.o)
                0x00003df4                __sf_fake_stderr
 .rodata.str1.1
                0x00003e14        0x8 c:/program files (x86)/cypress/psoc creator/3.3/psoc creator/import/gnu/arm/4.9.3/bin/../lib/gcc/arm-none-eabi/4.9.3/../../../../arm-none-eabi/lib/armv7-m\libg_nano.a(lib_a-locale.o)
                                  0xb (size before relaxing)
 *fill*         0x00003e1c        0x4 
 .rodata.__mprec_tens
                0x00003e20       0xc8 c:/program files (x86)/cypress/psoc creator/3.3/psoc creator/import/gnu/arm/4.9.3/bin/../lib/gcc/arm-none-eabi/4.9.3/../../../../arm-none-eabi/lib/armv7-m\libg_nano.a(lib_a-mprec.o)
                0x00003e20                __mprec_tens
 .rodata.__mprec_bigtens
                0x00003ee8       0x28 c:/program files (x86)/cypress/psoc creator/3.3/psoc creator/import/gnu/arm/4.9.3/bin/../lib/gcc/arm-none-eabi/4.9.3/../../../../arm-none-eabi/lib/armv7-m\libg_nano.a(lib_a-mprec.o)
                0x00003ee8                __mprec_bigtens
 .rodata.p05.5308
                0x00003f10        0xc c:/program files (x86)/cypress/psoc creator/3.3/psoc creator/import/gnu/arm/4.9.3/bin/../lib/gcc/arm-none-eabi/4.9.3/../../../../arm-none-eabi/lib/armv7-m\libg_nano.a(lib_a-mprec.o)
 .rodata.str1.1
                0x00003f1c       0x11 c:/program files (x86)/cypress/psoc creator/3.3/psoc creator/import/gnu/arm/4.9.3/bin/../lib/gcc/arm-none-eabi/4.9.3/../../../../arm-none-eabi/lib/armv7-m\libg_nano.a(lib_a-nano-vfprintf.o)
                0x00003f30                . = ALIGN (0x4)
 *fill*         0x00003f2d        0x3 
 *(.init)
 .init          0x00003f30        0x4 c:/program files (x86)/cypress/psoc creator/3.3/psoc creator/import/gnu/arm/4.9.3/bin/../lib/gcc/arm-none-eabi/4.9.3/armv7-m/crti.o
                0x00003f30                _init
 .init          0x00003f34        0x8 c:/program files (x86)/cypress/psoc creator/3.3/psoc creator/import/gnu/arm/4.9.3/bin/../lib/gcc/arm-none-eabi/4.9.3/armv7-m/crtn.o
                0x00003f3c                . = ALIGN (0x4)
                0x00003f3c                __preinit_array_start = .
 *(.preinit_array)
                0x00003f3c                __preinit_array_end = .
                0x00003f3c                . = ALIGN (0x4)
                0x00003f3c                __init_array_start = .
 *(SORT(.init_array.*))
 *(.init_array)
 .init_array    0x00003f3c        0x4 c:/program files (x86)/cypress/psoc creator/3.3/psoc creator/import/gnu/arm/4.9.3/bin/../lib/gcc/arm-none-eabi/4.9.3/armv7-m/crtbegin.o
 .init_array    0x00003f40        0x4 .\CortexM3\ARM_GCC_493\Debug\Cm3Start.o
                0x00003f44                __init_array_end = .
                0x00003f44                . = ALIGN (0x4)
 *(.fini)
 .fini          0x00003f44        0x4 c:/program files (x86)/cypress/psoc creator/3.3/psoc creator/import/gnu/arm/4.9.3/bin/../lib/gcc/arm-none-eabi/4.9.3/armv7-m/crti.o
                0x00003f44                _fini
 .fini          0x00003f48        0x8 c:/program files (x86)/cypress/psoc creator/3.3/psoc creator/import/gnu/arm/4.9.3/bin/../lib/gcc/arm-none-eabi/4.9.3/armv7-m/crtn.o
                0x00003f50                . = ALIGN (0x4)
                0x00003f50                __fini_array_start = .
 *(.fini_array)
 .fini_array    0x00003f50        0x4 c:/program files (x86)/cypress/psoc creator/3.3/psoc creator/import/gnu/arm/4.9.3/bin/../lib/gcc/arm-none-eabi/4.9.3/armv7-m/crtbegin.o
 *(SORT(.fini_array.*))
                0x00003f54                __fini_array_end = .
                0x00003f54                . = ALIGN (0x4)
 *crtbegin.o(.ctors)
 *(EXCLUDE_FILE(*crtend.o) .ctors)
 *(SORT(.ctors.*))
 *crtend.o(.ctors)
                0x00003f54                . = ALIGN (0x4)
 *crtbegin.o(.dtors)
 *(EXCLUDE_FILE(*crtend.o) .dtors)
 *(SORT(.dtors.*))
 *crtend.o(.dtors)
                0x00003f54                . = ALIGN (0x4)
                0x00003f54                __cy_regions = .
                0x00003f54        0x4 LONG 0x3f68 __cy_region_init_ram
                0x00003f58        0x4 LONG 0x1fff8108 __cy_region_start_data
                0x00003f5c        0x4 LONG 0xa8 __cy_region_init_size_ram
                0x00003f60        0x4 LONG 0x40 __cy_region_zero_size_ram
                0x00003f64                __cy_regions_end = .
                0x00003f68                . = ALIGN (0x8)
 *fill*         0x00003f64        0x4 
                0x00003f68                _etext = .

.cy_checksum_exclude
                0x00003f68        0x0
 *(.cy_checksum_exclude)

.ramvectors     0x1fff8000      0x100
                0x1fff8000                __cy_region_start_ram = .
 *(.ramvectors)
 .ramvectors    0x1fff8000      0x100 .\CortexM3\ARM_GCC_493\Debug\Cm3Start.o
                0x1fff8000                CyRamVectors

.noinit         0x1fff8100        0x5
 *(.noinit)
 .noinit        0x1fff8100        0x4 .\CortexM3\ARM_GCC_493\Debug\Cm3Start.o
 .noinit        0x1fff8104        0x1 .\CortexM3\ARM_GCC_493\Debug\ZumoBot_Lib.a(CyLib.o)
                0x1fff8104                CyResetStatus

.data           0x1fff8108       0xa8 load address 0x00003f68
                0x1fff8108                __cy_region_start_data = .
 *(.jcr)
 .jcr           0x1fff8108        0x0 c:/program files (x86)/cypress/psoc creator/3.3/psoc creator/import/gnu/arm/4.9.3/bin/../lib/gcc/arm-none-eabi/4.9.3/armv7-m/crtbegin.o
 .jcr           0x1fff8108        0x4 c:/program files (x86)/cypress/psoc creator/3.3/psoc creator/import/gnu/arm/4.9.3/bin/../lib/gcc/arm-none-eabi/4.9.3/armv7-m/crtend.o
 *(.got.plt)
 *(.got)
 *(.shdata)
 *(.data .data.* .gnu.linkonce.d.*)
 .data          0x1fff810c        0x4 .\CortexM3\ARM_GCC_493\Debug\Cm3Start.o
 .data.impure_data
                0x1fff8110       0x60 c:/program files (x86)/cypress/psoc creator/3.3/psoc creator/import/gnu/arm/4.9.3/bin/../lib/gcc/arm-none-eabi/4.9.3/../../../../arm-none-eabi/lib/armv7-m\libg_nano.a(lib_a-impure.o)
 .data._impure_ptr
                0x1fff8170        0x4 c:/program files (x86)/cypress/psoc creator/3.3/psoc creator/import/gnu/arm/4.9.3/bin/../lib/gcc/arm-none-eabi/4.9.3/../../../../arm-none-eabi/lib/armv7-m\libg_nano.a(lib_a-impure.o)
                0x1fff8170                _impure_ptr
 .data.lconv    0x1fff8174       0x38 c:/program files (x86)/cypress/psoc creator/3.3/psoc creator/import/gnu/arm/4.9.3/bin/../lib/gcc/arm-none-eabi/4.9.3/../../../../arm-none-eabi/lib/armv7-m\libg_nano.a(lib_a-locale.o)
                0x1fff81b0                . = ALIGN (0x8)
 *fill*         0x1fff81ac        0x4 
 *(.ram)
                0x1fff81b0                _edata = .

.igot.plt       0x1fff81b0        0x0 load address 0x00004010
 .igot.plt      0x00000000        0x0 c:/program files (x86)/cypress/psoc creator/3.3/psoc creator/import/gnu/arm/4.9.3/bin/../lib/gcc/arm-none-eabi/4.9.3/armv7-m/crtbegin.o

.bss            0x1fff81b0       0x40 load address 0x00004010
                0x1fff81b0                PROVIDE (__bss_start__, .)
 *(.shbss)
 *(.bss .bss.* .gnu.linkonce.b.*)
 .bss           0x1fff81b0       0x1c c:/program files (x86)/cypress/psoc creator/3.3/psoc creator/import/gnu/arm/4.9.3/bin/../lib/gcc/arm-none-eabi/4.9.3/armv7-m/crtbegin.o
 .bss           0x1fff81cc       0x10 .\CortexM3\ARM_GCC_493\Debug\Ultra.o
                0x1fff81cc                cnt
                0x1fff81d0                time
                0x1fff81d4                distance
                0x1fff81d8                cent
 .bss           0x1fff81dc        0x2 .\CortexM3\ARM_GCC_493\Debug\ZumoBot_Lib.a(UART.o)
                0x1fff81dc                UART_initVar
 .bss           0x1fff81de        0x1 .\CortexM3\ARM_GCC_493\Debug\ZumoBot_Lib.a(Timer.o)
                0x1fff81de                Timer_initVar
 *fill*         0x1fff81df        0x1 
 .bss.__malloc_sbrk_start
                0x1fff81e0        0x4 c:/program files (x86)/cypress/psoc creator/3.3/psoc creator/import/gnu/arm/4.9.3/bin/../lib/gcc/arm-none-eabi/4.9.3/../../../../arm-none-eabi/lib/armv7-m\libg_nano.a(lib_a-nano-mallocr.o)
                0x1fff81e0                __malloc_sbrk_start
 .bss.__malloc_free_list
                0x1fff81e4        0x4 c:/program files (x86)/cypress/psoc creator/3.3/psoc creator/import/gnu/arm/4.9.3/bin/../lib/gcc/arm-none-eabi/4.9.3/../../../../arm-none-eabi/lib/armv7-m\libg_nano.a(lib_a-nano-mallocr.o)
                0x1fff81e4                __malloc_free_list
 *(COMMON)
 COMMON         0x1fff81e8        0x4 c:/program files (x86)/cypress/psoc creator/3.3/psoc creator/import/gnu/arm/4.9.3/bin/../lib/gcc/arm-none-eabi/4.9.3/../../../../arm-none-eabi/lib/armv7-m\libg_nano.a(lib_a-reent.o)
                0x1fff81e8                errno
                0x1fff81f0                . = ALIGN (0x8)
 *fill*         0x1fff81ec        0x4 
 *(.ram.b)
                0x1fff81f0                _end = .
                0x1fff81f0                __end = .
                0x1fff81f0                PROVIDE (end, .)
                0x1fff81f0                PROVIDE (__bss_end__, .)
                0x00003f68                __cy_region_init_ram = LOADADDR (.data)
                0x000000a8                __cy_region_init_size_ram = (_edata - ADDR (.data))
                0x00000040                __cy_region_zero_size_ram = (_end - _edata)

.heap           0x1fff81f0     0x1000 load address 0x00004010
                0x1fff81f0                . = _end
                0x1fff91f0                . = (. + 0x1000)
 *fill*         0x1fff81f0     0x1000 
                0x1fff91f0                __cy_heap_limit = .

.stack          0x20007800      0x800
                0x20007800                __cy_stack_limit = .
                0x20008000                . = (. + 0x800)
 *fill*         0x20007800      0x800 
                0x00000001                ASSERT ((__cy_stack_limit >= __cy_heap_limit), region RAM overflowed with stack)
                0x00000000                cy_checksum_exclude_size = (CY_APPL_LOADABLE == 0x1)?SIZEOF (.cy_checksum_exclude):0x0
                0x00000001                ASSERT ((cy_checksum_exclude_size <= CY_CHECKSUM_EXCLUDE_SIZE), CY_BOOT: Section .cy_checksum_exclude size exceedes specified limit.)

.cyloadermeta
 *(.cyloadermeta)

.cyloadablemeta
 *(.cyloadablemeta)

.cyconfigecc    0x80000000      0x6bc
 *(.cyconfigecc)
 .cyconfigecc   0x80000000      0x6bc .\CortexM3\ARM_GCC_493\Debug\cymetadata.o
                0x80000000                cy_meta_configecc

.cycustnvl      0x90000000        0x4
 *(.cycustnvl)
 .cycustnvl     0x90000000        0x4 .\CortexM3\ARM_GCC_493\Debug\cymetadata.o
                0x90000000                cy_meta_custnvl

.cywolatch      0x90100000        0x4
 *(.cywolatch)
 .cywolatch     0x90100000        0x4 .\CortexM3\ARM_GCC_493\Debug\cymetadata.o
                0x90100000                cy_meta_wonvl

.cyeeprom       0x90200000        0x0
 *(.cyeeprom)
                0x00000001                ASSERT ((. <= ((0x90200000 + ee_offset) + ee_size)), .cyeeprom data will not fit in EEPROM)

.cyflashprotect
                0x90400000      0x100
 *(.cyflashprotect)
 .cyflashprotect
                0x90400000      0x100 .\CortexM3\ARM_GCC_493\Debug\cymetadata.o
                0x90400000                cy_meta_flashprotect

.cymeta         0x90500000        0xc
 *(.cymeta)
 .cymeta        0x90500000        0xc .\CortexM3\ARM_GCC_493\Debug\cymetadata.o
                0x90500000                cy_metadata

.rel.dyn        0x00004010        0x0 load address 0x9050000c
 .rel.iplt      0x00000000        0x0 c:/program files (x86)/cypress/psoc creator/3.3/psoc creator/import/gnu/arm/4.9.3/bin/../lib/gcc/arm-none-eabi/4.9.3/armv7-m/crtbegin.o

.stab           0x00000000       0x84
 *(.stab)
 .stab          0x00000000       0x24 c:/program files (x86)/cypress/psoc creator/3.3/psoc creator/import/gnu/arm/4.9.3/bin/../lib/gcc/arm-none-eabi/4.9.3/../../../../arm-none-eabi/lib/armv7-m\libnosys.a(close.o)
 .stab          0x00000024       0x18 c:/program files (x86)/cypress/psoc creator/3.3/psoc creator/import/gnu/arm/4.9.3/bin/../lib/gcc/arm-none-eabi/4.9.3/../../../../arm-none-eabi/lib/armv7-m\libnosys.a(fstat.o)
                                 0x24 (size before relaxing)
 .stab          0x0000003c       0x18 c:/program files (x86)/cypress/psoc creator/3.3/psoc creator/import/gnu/arm/4.9.3/bin/../lib/gcc/arm-none-eabi/4.9.3/../../../../arm-none-eabi/lib/armv7-m\libnosys.a(isatty.o)
                                 0x24 (size before relaxing)
 .stab          0x00000054       0x18 c:/program files (x86)/cypress/psoc creator/3.3/psoc creator/import/gnu/arm/4.9.3/bin/../lib/gcc/arm-none-eabi/4.9.3/../../../../arm-none-eabi/lib/armv7-m\libnosys.a(lseek.o)
                                 0x24 (size before relaxing)
 .stab          0x0000006c       0x18 c:/program files (x86)/cypress/psoc creator/3.3/psoc creator/import/gnu/arm/4.9.3/bin/../lib/gcc/arm-none-eabi/4.9.3/../../../../arm-none-eabi/lib/armv7-m\libnosys.a(read.o)
                                 0x24 (size before relaxing)

.stabstr        0x00000000      0x117
 *(.stabstr)
 .stabstr       0x00000000      0x117 c:/program files (x86)/cypress/psoc creator/3.3/psoc creator/import/gnu/arm/4.9.3/bin/../lib/gcc/arm-none-eabi/4.9.3/../../../../arm-none-eabi/lib/armv7-m\libnosys.a(close.o)

.debug
 *(.debug)

.line
 *(.line)

.debug_srcinfo
 *(.debug_srcinfo)

.debug_sfnames
 *(.debug_sfnames)

.debug_aranges  0x00000000      0xf20
 *(.debug_aranges)
 .debug_aranges
                0x00000000       0x20 .\CortexM3\ARM_GCC_493\Debug\Accel.o
 .debug_aranges
                0x00000020       0x18 .\CortexM3\ARM_GCC_493\Debug\Gyro.o
 .debug_aranges
                0x00000038       0x28 .\CortexM3\ARM_GCC_493\Debug\I2C_made.o
 .debug_aranges
                0x00000060       0x40 .\CortexM3\ARM_GCC_493\Debug\IR.o
 .debug_aranges
                0x000000a0       0x20 .\CortexM3\ARM_GCC_493\Debug\Magnet.o
 .debug_aranges
                0x000000c0       0x40 .\CortexM3\ARM_GCC_493\Debug\Motor.o
 .debug_aranges
                0x00000100       0x30 .\CortexM3\ARM_GCC_493\Debug\Ultra.o
 .debug_aranges
                0x00000130       0x38 .\CortexM3\ARM_GCC_493\Debug\Reflectance.o
 .debug_aranges
                0x00000168       0x30 .\CortexM3\ARM_GCC_493\Debug\Nunchuk.o
 .debug_aranges
                0x00000198       0x20 .\CortexM3\ARM_GCC_493\Debug\Ambient.o
 .debug_aranges
                0x000001b8       0x30 .\CortexM3\ARM_GCC_493\Debug\main.o
 .debug_aranges
                0x000001e8       0x18 .\CortexM3\ARM_GCC_493\Debug\cymetadata.o
 .debug_aranges
                0x00000200       0x48 .\CortexM3\ARM_GCC_493\Debug\Cm3Start.o
 .debug_aranges
                0x00000248       0x58 .\CortexM3\ARM_GCC_493\Debug\ZumoBot_Lib.a(cyfitter_cfg.o)
 .debug_aranges
                0x000002a0       0xa8 .\CortexM3\ARM_GCC_493\Debug\ZumoBot_Lib.a(PWM.o)
 .debug_aranges
                0x00000348       0x38 .\CortexM3\ARM_GCC_493\Debug\ZumoBot_Lib.a(I2C.o)
 .debug_aranges
                0x00000380       0x20 .\CortexM3\ARM_GCC_493\Debug\ZumoBot_Lib.a(I2C_INT.o)
 .debug_aranges
                0x000003a0       0x38 .\CortexM3\ARM_GCC_493\Debug\ZumoBot_Lib.a(I2C_PM.o)
 .debug_aranges
                0x000003d8       0x80 .\CortexM3\ARM_GCC_493\Debug\ZumoBot_Lib.a(I2C_MASTER.o)
 .debug_aranges
                0x00000458       0xf0 .\CortexM3\ARM_GCC_493\Debug\ZumoBot_Lib.a(UART.o)
 .debug_aranges
                0x00000548       0x70 .\CortexM3\ARM_GCC_493\Debug\ZumoBot_Lib.a(UART_IntClock.o)
 .debug_aranges
                0x000005b8       0x20 .\CortexM3\ARM_GCC_493\Debug\ZumoBot_Lib.a(CyBootAsmGnu.o)
 .debug_aranges
                0x000005d8      0x298 .\CortexM3\ARM_GCC_493\Debug\ZumoBot_Lib.a(CyLib.o)
 .debug_aranges
                0x00000870       0x98 .\CortexM3\ARM_GCC_493\Debug\ZumoBot_Lib.a(cyPm.o)
 .debug_aranges
                0x00000908       0x38 .\CortexM3\ARM_GCC_493\Debug\ZumoBot_Lib.a(MotorDirLeft.o)
 .debug_aranges
                0x00000940       0x38 .\CortexM3\ARM_GCC_493\Debug\ZumoBot_Lib.a(MotorDirRight.o)
 .debug_aranges
                0x00000978       0x38 .\CortexM3\ARM_GCC_493\Debug\ZumoBot_Lib.a(LL.o)
 .debug_aranges
                0x000009b0       0x88 .\CortexM3\ARM_GCC_493\Debug\ZumoBot_Lib.a(Timer_LL.o)
 .debug_aranges
                0x00000a38       0x88 .\CortexM3\ARM_GCC_493\Debug\ZumoBot_Lib.a(Timer_RR.o)
 .debug_aranges
                0x00000ac0       0x88 .\CortexM3\ARM_GCC_493\Debug\ZumoBot_Lib.a(Timer_RL.o)
 .debug_aranges
                0x00000b48       0x38 .\CortexM3\ARM_GCC_493\Debug\ZumoBot_Lib.a(RL.o)
 .debug_aranges
                0x00000b80       0x38 .\CortexM3\ARM_GCC_493\Debug\ZumoBot_Lib.a(RR.o)
 .debug_aranges
                0x00000bb8       0x88 .\CortexM3\ARM_GCC_493\Debug\ZumoBot_Lib.a(Timer_LR.o)
 .debug_aranges
                0x00000c40       0x38 .\CortexM3\ARM_GCC_493\Debug\ZumoBot_Lib.a(LR.o)
 .debug_aranges
                0x00000c78       0x88 .\CortexM3\ARM_GCC_493\Debug\ZumoBot_Lib.a(Timer.o)
 .debug_aranges
                0x00000d00       0x38 .\CortexM3\ARM_GCC_493\Debug\ZumoBot_Lib.a(Echo.o)
 .debug_aranges
                0x00000d38       0x80 .\CortexM3\ARM_GCC_493\Debug\ZumoBot_Lib.a(ultra_isr.o)
 .debug_aranges
                0x00000db8       0x38 .\CortexM3\ARM_GCC_493\Debug\ZumoBot_Lib.a(Trig.o)
 .debug_aranges
                0x00000df0       0x38 .\CortexM3\ARM_GCC_493\Debug\ZumoBot_Lib.a(IR_receiver.o)
 .debug_aranges
                0x00000e28       0x80 .\CortexM3\ARM_GCC_493\Debug\ZumoBot_Lib.a(CyFlash.o)
 .debug_aranges
                0x00000ea8       0x78 .\CortexM3\ARM_GCC_493\Debug\ZumoBot_Lib.a(CySpc.o)

.debug_pubnames
 *(.debug_pubnames)

.debug_info     0x00000000     0x83db
 *(.debug_info .gnu.linkonce.wi.*)
 .debug_info    0x00000000      0x17f .\CortexM3\ARM_GCC_493\Debug\Accel.o
 .debug_info    0x0000017f       0xae .\CortexM3\ARM_GCC_493\Debug\Gyro.o
 .debug_info    0x0000022d      0x2c9 .\CortexM3\ARM_GCC_493\Debug\I2C_made.o
 .debug_info    0x000004f6      0x28a .\CortexM3\ARM_GCC_493\Debug\IR.o
 .debug_info    0x00000780      0x19e .\CortexM3\ARM_GCC_493\Debug\Magnet.o
 .debug_info    0x0000091e      0x2d2 .\CortexM3\ARM_GCC_493\Debug\Motor.o
 .debug_info    0x00000bf0      0x6ea .\CortexM3\ARM_GCC_493\Debug\Ultra.o
 .debug_info    0x000012da      0x548 .\CortexM3\ARM_GCC_493\Debug\Reflectance.o
 .debug_info    0x00001822      0x354 .\CortexM3\ARM_GCC_493\Debug\Nunchuk.o
 .debug_info    0x00001b76      0x119 .\CortexM3\ARM_GCC_493\Debug\Ambient.o
 .debug_info    0x00001c8f      0x2c0 .\CortexM3\ARM_GCC_493\Debug\main.o
 .debug_info    0x00001f4f      0x13f .\CortexM3\ARM_GCC_493\Debug\cymetadata.o
 .debug_info    0x0000208e      0x3a5 .\CortexM3\ARM_GCC_493\Debug\Cm3Start.o
 .debug_info    0x00002433      0x60d .\CortexM3\ARM_GCC_493\Debug\ZumoBot_Lib.a(cyfitter_cfg.o)
 .debug_info    0x00002a40      0x37e .\CortexM3\ARM_GCC_493\Debug\ZumoBot_Lib.a(PWM.o)
 .debug_info    0x00002dbe      0x2db .\CortexM3\ARM_GCC_493\Debug\ZumoBot_Lib.a(I2C.o)
 .debug_info    0x00003099      0x17f .\CortexM3\ARM_GCC_493\Debug\ZumoBot_Lib.a(I2C_INT.o)
 .debug_info    0x00003218      0x1fe .\CortexM3\ARM_GCC_493\Debug\ZumoBot_Lib.a(I2C_PM.o)
 .debug_info    0x00003416      0x400 .\CortexM3\ARM_GCC_493\Debug\ZumoBot_Lib.a(I2C_MASTER.o)
 .debug_info    0x00003816      0x603 .\CortexM3\ARM_GCC_493\Debug\ZumoBot_Lib.a(UART.o)
 .debug_info    0x00003e19      0x283 .\CortexM3\ARM_GCC_493\Debug\ZumoBot_Lib.a(UART_IntClock.o)
 .debug_info    0x0000409c       0x8e .\CortexM3\ARM_GCC_493\Debug\ZumoBot_Lib.a(CyBootAsmGnu.o)
 .debug_info    0x0000412a     0x1371 .\CortexM3\ARM_GCC_493\Debug\ZumoBot_Lib.a(CyLib.o)
 .debug_info    0x0000549b      0xa58 .\CortexM3\ARM_GCC_493\Debug\ZumoBot_Lib.a(cyPm.o)
 .debug_info    0x00005ef3      0x121 .\CortexM3\ARM_GCC_493\Debug\ZumoBot_Lib.a(MotorDirLeft.o)
 .debug_info    0x00006014      0x11f .\CortexM3\ARM_GCC_493\Debug\ZumoBot_Lib.a(MotorDirRight.o)
 .debug_info    0x00006133      0x11f .\CortexM3\ARM_GCC_493\Debug\ZumoBot_Lib.a(LL.o)
 .debug_info    0x00006252      0x28e .\CortexM3\ARM_GCC_493\Debug\ZumoBot_Lib.a(Timer_LL.o)
 .debug_info    0x000064e0      0x28e .\CortexM3\ARM_GCC_493\Debug\ZumoBot_Lib.a(Timer_RR.o)
 .debug_info    0x0000676e      0x28e .\CortexM3\ARM_GCC_493\Debug\ZumoBot_Lib.a(Timer_RL.o)
 .debug_info    0x000069fc      0x11f .\CortexM3\ARM_GCC_493\Debug\ZumoBot_Lib.a(RL.o)
 .debug_info    0x00006b1b      0x11f .\CortexM3\ARM_GCC_493\Debug\ZumoBot_Lib.a(RR.o)
 .debug_info    0x00006c3a      0x28e .\CortexM3\ARM_GCC_493\Debug\ZumoBot_Lib.a(Timer_LR.o)
 .debug_info    0x00006ec8      0x11f .\CortexM3\ARM_GCC_493\Debug\ZumoBot_Lib.a(LR.o)
 .debug_info    0x00006fe7      0x2ce .\CortexM3\ARM_GCC_493\Debug\ZumoBot_Lib.a(Timer.o)
 .debug_info    0x000072b5      0x11f .\CortexM3\ARM_GCC_493\Debug\ZumoBot_Lib.a(Echo.o)
 .debug_info    0x000073d4      0x2cb .\CortexM3\ARM_GCC_493\Debug\ZumoBot_Lib.a(ultra_isr.o)
 .debug_info    0x0000769f      0x121 .\CortexM3\ARM_GCC_493\Debug\ZumoBot_Lib.a(Trig.o)
 .debug_info    0x000077c0      0x121 .\CortexM3\ARM_GCC_493\Debug\ZumoBot_Lib.a(IR_receiver.o)
 .debug_info    0x000078e1      0x60a .\CortexM3\ARM_GCC_493\Debug\ZumoBot_Lib.a(CyFlash.o)
 .debug_info    0x00007eeb      0x4f0 .\CortexM3\ARM_GCC_493\Debug\ZumoBot_Lib.a(CySpc.o)

.debug_abbrev   0x00000000     0x2f1d
 *(.debug_abbrev)
 .debug_abbrev  0x00000000       0xfa .\CortexM3\ARM_GCC_493\Debug\Accel.o
 .debug_abbrev  0x000000fa       0x4b .\CortexM3\ARM_GCC_493\Debug\Gyro.o
 .debug_abbrev  0x00000145      0x153 .\CortexM3\ARM_GCC_493\Debug\I2C_made.o
 .debug_abbrev  0x00000298      0x168 .\CortexM3\ARM_GCC_493\Debug\IR.o
 .debug_abbrev  0x00000400       0xfa .\CortexM3\ARM_GCC_493\Debug\Magnet.o
 .debug_abbrev  0x000004fa      0x108 .\CortexM3\ARM_GCC_493\Debug\Motor.o
 .debug_abbrev  0x00000602      0x26e .\CortexM3\ARM_GCC_493\Debug\Ultra.o
 .debug_abbrev  0x00000870      0x161 .\CortexM3\ARM_GCC_493\Debug\Reflectance.o
 .debug_abbrev  0x000009d1      0x15d .\CortexM3\ARM_GCC_493\Debug\Nunchuk.o
 .debug_abbrev  0x00000b2e       0x95 .\CortexM3\ARM_GCC_493\Debug\Ambient.o
 .debug_abbrev  0x00000bc3      0x1b2 .\CortexM3\ARM_GCC_493\Debug\main.o
 .debug_abbrev  0x00000d75       0x77 .\CortexM3\ARM_GCC_493\Debug\cymetadata.o
 .debug_abbrev  0x00000dec      0x20f .\CortexM3\ARM_GCC_493\Debug\Cm3Start.o
 .debug_abbrev  0x00000ffb      0x212 .\CortexM3\ARM_GCC_493\Debug\ZumoBot_Lib.a(cyfitter_cfg.o)
 .debug_abbrev  0x0000120d      0x14d .\CortexM3\ARM_GCC_493\Debug\ZumoBot_Lib.a(PWM.o)
 .debug_abbrev  0x0000135a      0x15c .\CortexM3\ARM_GCC_493\Debug\ZumoBot_Lib.a(I2C.o)
 .debug_abbrev  0x000014b6       0xbd .\CortexM3\ARM_GCC_493\Debug\ZumoBot_Lib.a(I2C_INT.o)
 .debug_abbrev  0x00001573      0x12b .\CortexM3\ARM_GCC_493\Debug\ZumoBot_Lib.a(I2C_PM.o)
 .debug_abbrev  0x0000169e      0x13c .\CortexM3\ARM_GCC_493\Debug\ZumoBot_Lib.a(I2C_MASTER.o)
 .debug_abbrev  0x000017da      0x1a2 .\CortexM3\ARM_GCC_493\Debug\ZumoBot_Lib.a(UART.o)
 .debug_abbrev  0x0000197c      0x139 .\CortexM3\ARM_GCC_493\Debug\ZumoBot_Lib.a(UART_IntClock.o)
 .debug_abbrev  0x00001ab5       0x14 .\CortexM3\ARM_GCC_493\Debug\ZumoBot_Lib.a(CyBootAsmGnu.o)
 .debug_abbrev  0x00001ac9      0x296 .\CortexM3\ARM_GCC_493\Debug\ZumoBot_Lib.a(CyLib.o)
 .debug_abbrev  0x00001d5f      0x1ed .\CortexM3\ARM_GCC_493\Debug\ZumoBot_Lib.a(cyPm.o)
 .debug_abbrev  0x00001f4c       0x90 .\CortexM3\ARM_GCC_493\Debug\ZumoBot_Lib.a(MotorDirLeft.o)
 .debug_abbrev  0x00001fdc       0x90 .\CortexM3\ARM_GCC_493\Debug\ZumoBot_Lib.a(MotorDirRight.o)
 .debug_abbrev  0x0000206c       0x90 .\CortexM3\ARM_GCC_493\Debug\ZumoBot_Lib.a(LL.o)
 .debug_abbrev  0x000020fc      0x11a .\CortexM3\ARM_GCC_493\Debug\ZumoBot_Lib.a(Timer_LL.o)
 .debug_abbrev  0x00002216      0x11a .\CortexM3\ARM_GCC_493\Debug\ZumoBot_Lib.a(Timer_RR.o)
 .debug_abbrev  0x00002330      0x11a .\CortexM3\ARM_GCC_493\Debug\ZumoBot_Lib.a(Timer_RL.o)
 .debug_abbrev  0x0000244a       0x90 .\CortexM3\ARM_GCC_493\Debug\ZumoBot_Lib.a(RL.o)
 .debug_abbrev  0x000024da       0x90 .\CortexM3\ARM_GCC_493\Debug\ZumoBot_Lib.a(RR.o)
 .debug_abbrev  0x0000256a      0x11a .\CortexM3\ARM_GCC_493\Debug\ZumoBot_Lib.a(Timer_LR.o)
 .debug_abbrev  0x00002684       0x90 .\CortexM3\ARM_GCC_493\Debug\ZumoBot_Lib.a(LR.o)
 .debug_abbrev  0x00002714      0x154 .\CortexM3\ARM_GCC_493\Debug\ZumoBot_Lib.a(Timer.o)
 .debug_abbrev  0x00002868       0x90 .\CortexM3\ARM_GCC_493\Debug\ZumoBot_Lib.a(Echo.o)
 .debug_abbrev  0x000028f8      0x173 .\CortexM3\ARM_GCC_493\Debug\ZumoBot_Lib.a(ultra_isr.o)
 .debug_abbrev  0x00002a6b       0x90 .\CortexM3\ARM_GCC_493\Debug\ZumoBot_Lib.a(Trig.o)
 .debug_abbrev  0x00002afb       0x90 .\CortexM3\ARM_GCC_493\Debug\ZumoBot_Lib.a(IR_receiver.o)
 .debug_abbrev  0x00002b8b      0x1d1 .\CortexM3\ARM_GCC_493\Debug\ZumoBot_Lib.a(CyFlash.o)
 .debug_abbrev  0x00002d5c      0x1c1 .\CortexM3\ARM_GCC_493\Debug\ZumoBot_Lib.a(CySpc.o)

.debug_line     0x00000000     0x3fa3
 *(.debug_line)
 .debug_line    0x00000000      0x17e .\CortexM3\ARM_GCC_493\Debug\Accel.o
 .debug_line    0x0000017e      0x13a .\CortexM3\ARM_GCC_493\Debug\Gyro.o
 .debug_line    0x000002b8      0x1a7 .\CortexM3\ARM_GCC_493\Debug\I2C_made.o
 .debug_line    0x0000045f      0x280 .\CortexM3\ARM_GCC_493\Debug\IR.o
 .debug_line    0x000006df      0x189 .\CortexM3\ARM_GCC_493\Debug\Magnet.o
 .debug_line    0x00000868      0x1e5 .\CortexM3\ARM_GCC_493\Debug\Motor.o
 .debug_line    0x00000a4d      0x201 .\CortexM3\ARM_GCC_493\Debug\Ultra.o
 .debug_line    0x00000c4e      0x24b .\CortexM3\ARM_GCC_493\Debug\Reflectance.o
 .debug_line    0x00000e99      0x1cf .\CortexM3\ARM_GCC_493\Debug\Nunchuk.o
 .debug_line    0x00001068       0xd9 .\CortexM3\ARM_GCC_493\Debug\Ambient.o
 .debug_line    0x00001141      0x1d9 .\CortexM3\ARM_GCC_493\Debug\main.o
 .debug_line    0x0000131a       0x53 .\CortexM3\ARM_GCC_493\Debug\cymetadata.o
 .debug_line    0x0000136d      0x249 .\CortexM3\ARM_GCC_493\Debug\Cm3Start.o
 .debug_line    0x000015b6      0x201 .\CortexM3\ARM_GCC_493\Debug\ZumoBot_Lib.a(cyfitter_cfg.o)
 .debug_line    0x000017b7      0x1a9 .\CortexM3\ARM_GCC_493\Debug\ZumoBot_Lib.a(PWM.o)
 .debug_line    0x00001960       0xdb .\CortexM3\ARM_GCC_493\Debug\ZumoBot_Lib.a(I2C.o)
 .debug_line    0x00001a3b      0x116 .\CortexM3\ARM_GCC_493\Debug\ZumoBot_Lib.a(I2C_INT.o)
 .debug_line    0x00001b51       0xbd .\CortexM3\ARM_GCC_493\Debug\ZumoBot_Lib.a(I2C_PM.o)
 .debug_line    0x00001c0e      0x1ff .\CortexM3\ARM_GCC_493\Debug\ZumoBot_Lib.a(I2C_MASTER.o)
 .debug_line    0x00001e0d      0x2be .\CortexM3\ARM_GCC_493\Debug\ZumoBot_Lib.a(UART.o)
 .debug_line    0x000020cb      0x195 .\CortexM3\ARM_GCC_493\Debug\ZumoBot_Lib.a(UART_IntClock.o)
 .debug_line    0x00002260       0x68 .\CortexM3\ARM_GCC_493\Debug\ZumoBot_Lib.a(CyBootAsmGnu.o)
 .debug_line    0x000022c8      0x806 .\CortexM3\ARM_GCC_493\Debug\ZumoBot_Lib.a(CyLib.o)
 .debug_line    0x00002ace      0x366 .\CortexM3\ARM_GCC_493\Debug\ZumoBot_Lib.a(cyPm.o)
 .debug_line    0x00002e34       0x9b .\CortexM3\ARM_GCC_493\Debug\ZumoBot_Lib.a(MotorDirLeft.o)
 .debug_line    0x00002ecf       0x9c .\CortexM3\ARM_GCC_493\Debug\ZumoBot_Lib.a(MotorDirRight.o)
 .debug_line    0x00002f6b       0x91 .\CortexM3\ARM_GCC_493\Debug\ZumoBot_Lib.a(LL.o)
 .debug_line    0x00002ffc      0x158 .\CortexM3\ARM_GCC_493\Debug\ZumoBot_Lib.a(Timer_LL.o)
 .debug_line    0x00003154      0x158 .\CortexM3\ARM_GCC_493\Debug\ZumoBot_Lib.a(Timer_RR.o)
 .debug_line    0x000032ac      0x158 .\CortexM3\ARM_GCC_493\Debug\ZumoBot_Lib.a(Timer_RL.o)
 .debug_line    0x00003404       0x91 .\CortexM3\ARM_GCC_493\Debug\ZumoBot_Lib.a(RL.o)
 .debug_line    0x00003495       0x91 .\CortexM3\ARM_GCC_493\Debug\ZumoBot_Lib.a(RR.o)
 .debug_line    0x00003526      0x158 .\CortexM3\ARM_GCC_493\Debug\ZumoBot_Lib.a(Timer_LR.o)
 .debug_line    0x0000367e       0x91 .\CortexM3\ARM_GCC_493\Debug\ZumoBot_Lib.a(LR.o)
 .debug_line    0x0000370f      0x15b .\CortexM3\ARM_GCC_493\Debug\ZumoBot_Lib.a(Timer.o)
 .debug_line    0x0000386a       0x93 .\CortexM3\ARM_GCC_493\Debug\ZumoBot_Lib.a(Echo.o)
 .debug_line    0x000038fd      0x14f .\CortexM3\ARM_GCC_493\Debug\ZumoBot_Lib.a(ultra_isr.o)
 .debug_line    0x00003a4c       0x93 .\CortexM3\ARM_GCC_493\Debug\ZumoBot_Lib.a(Trig.o)
 .debug_line    0x00003adf       0x9a .\CortexM3\ARM_GCC_493\Debug\ZumoBot_Lib.a(IR_receiver.o)
 .debug_line    0x00003b79      0x1ec .\CortexM3\ARM_GCC_493\Debug\ZumoBot_Lib.a(CyFlash.o)
 .debug_line    0x00003d65      0x23e .\CortexM3\ARM_GCC_493\Debug\ZumoBot_Lib.a(CySpc.o)

.debug_frame    0x00000000     0x3174
 *(.debug_frame)
 .debug_frame   0x00000000       0x3c .\CortexM3\ARM_GCC_493\Debug\Accel.o
 .debug_frame   0x0000003c       0x54 .\CortexM3\ARM_GCC_493\Debug\I2C_made.o
 .debug_frame   0x00000090       0xac .\CortexM3\ARM_GCC_493\Debug\IR.o
 .debug_frame   0x0000013c       0x30 .\CortexM3\ARM_GCC_493\Debug\Magnet.o
 .debug_frame   0x0000016c       0xa8 .\CortexM3\ARM_GCC_493\Debug\Motor.o
 .debug_frame   0x00000214       0x68 .\CortexM3\ARM_GCC_493\Debug\Ultra.o
 .debug_frame   0x0000027c       0x90 .\CortexM3\ARM_GCC_493\Debug\Reflectance.o
 .debug_frame   0x0000030c       0x74 .\CortexM3\ARM_GCC_493\Debug\Nunchuk.o
 .debug_frame   0x00000380       0x3c .\CortexM3\ARM_GCC_493\Debug\Ambient.o
 .debug_frame   0x000003bc       0x5c .\CortexM3\ARM_GCC_493\Debug\main.o
 .debug_frame   0x00000418       0xac .\CortexM3\ARM_GCC_493\Debug\Cm3Start.o
 .debug_frame   0x000004c4       0xe4 .\CortexM3\ARM_GCC_493\Debug\ZumoBot_Lib.a(cyfitter_cfg.o)
 .debug_frame   0x000005a8      0x154 .\CortexM3\ARM_GCC_493\Debug\ZumoBot_Lib.a(PWM.o)
 .debug_frame   0x000006fc       0x94 .\CortexM3\ARM_GCC_493\Debug\ZumoBot_Lib.a(I2C.o)
 .debug_frame   0x00000790       0x30 .\CortexM3\ARM_GCC_493\Debug\ZumoBot_Lib.a(I2C_INT.o)
 .debug_frame   0x000007c0       0x74 .\CortexM3\ARM_GCC_493\Debug\ZumoBot_Lib.a(I2C_PM.o)
 .debug_frame   0x00000834      0x138 .\CortexM3\ARM_GCC_493\Debug\ZumoBot_Lib.a(I2C_MASTER.o)
 .debug_frame   0x0000096c      0x250 .\CortexM3\ARM_GCC_493\Debug\ZumoBot_Lib.a(UART.o)
 .debug_frame   0x00000bbc       0xe0 .\CortexM3\ARM_GCC_493\Debug\ZumoBot_Lib.a(UART_IntClock.o)
 .debug_frame   0x00000c9c      0x728 .\CortexM3\ARM_GCC_493\Debug\ZumoBot_Lib.a(CyLib.o)
 .debug_frame   0x000013c4      0x1f8 .\CortexM3\ARM_GCC_493\Debug\ZumoBot_Lib.a(cyPm.o)
 .debug_frame   0x000015bc       0x50 .\CortexM3\ARM_GCC_493\Debug\ZumoBot_Lib.a(MotorDirLeft.o)
 .debug_frame   0x0000160c       0x50 .\CortexM3\ARM_GCC_493\Debug\ZumoBot_Lib.a(MotorDirRight.o)
 .debug_frame   0x0000165c       0x50 .\CortexM3\ARM_GCC_493\Debug\ZumoBot_Lib.a(LL.o)
 .debug_frame   0x000016ac      0x108 .\CortexM3\ARM_GCC_493\Debug\ZumoBot_Lib.a(Timer_LL.o)
 .debug_frame   0x000017b4      0x108 .\CortexM3\ARM_GCC_493\Debug\ZumoBot_Lib.a(Timer_RR.o)
 .debug_frame   0x000018bc      0x108 .\CortexM3\ARM_GCC_493\Debug\ZumoBot_Lib.a(Timer_RL.o)
 .debug_frame   0x000019c4       0x50 .\CortexM3\ARM_GCC_493\Debug\ZumoBot_Lib.a(RL.o)
 .debug_frame   0x00001a14       0x50 .\CortexM3\ARM_GCC_493\Debug\ZumoBot_Lib.a(RR.o)
 .debug_frame   0x00001a64      0x108 .\CortexM3\ARM_GCC_493\Debug\ZumoBot_Lib.a(Timer_LR.o)
 .debug_frame   0x00001b6c       0x50 .\CortexM3\ARM_GCC_493\Debug\ZumoBot_Lib.a(LR.o)
 .debug_frame   0x00001bbc      0x114 .\CortexM3\ARM_GCC_493\Debug\ZumoBot_Lib.a(Timer.o)
 .debug_frame   0x00001cd0       0x50 .\CortexM3\ARM_GCC_493\Debug\ZumoBot_Lib.a(Echo.o)
 .debug_frame   0x00001d20      0x104 .\CortexM3\ARM_GCC_493\Debug\ZumoBot_Lib.a(ultra_isr.o)
 .debug_frame   0x00001e24       0x50 .\CortexM3\ARM_GCC_493\Debug\ZumoBot_Lib.a(Trig.o)
 .debug_frame   0x00001e74       0x50 .\CortexM3\ARM_GCC_493\Debug\ZumoBot_Lib.a(IR_receiver.o)
 .debug_frame   0x00001ec4      0x174 .\CortexM3\ARM_GCC_493\Debug\ZumoBot_Lib.a(CyFlash.o)
 .debug_frame   0x00002038      0x160 .\CortexM3\ARM_GCC_493\Debug\ZumoBot_Lib.a(CySpc.o)
 .debug_frame   0x00002198       0x20 c:/program files (x86)/cypress/psoc creator/3.3/psoc creator/import/gnu/arm/4.9.3/bin/../lib/gcc/arm-none-eabi/4.9.3/../../../../arm-none-eabi/lib/armv7-m\libm.a(lib_a-w_atan2.o)
 .debug_frame   0x000021b8       0x44 c:/program files (x86)/cypress/psoc creator/3.3/psoc creator/import/gnu/arm/4.9.3/bin/../lib/gcc/arm-none-eabi/4.9.3/../../../../arm-none-eabi/lib/armv7-m\libm.a(lib_a-w_pow.o)
 .debug_frame   0x000021fc       0x48 c:/program files (x86)/cypress/psoc creator/3.3/psoc creator/import/gnu/arm/4.9.3/bin/../lib/gcc/arm-none-eabi/4.9.3/../../../../arm-none-eabi/lib/armv7-m\libm.a(lib_a-e_atan2.o)
 .debug_frame   0x00002244       0x64 c:/program files (x86)/cypress/psoc creator/3.3/psoc creator/import/gnu/arm/4.9.3/bin/../lib/gcc/arm-none-eabi/4.9.3/../../../../arm-none-eabi/lib/armv7-m\libm.a(lib_a-e_pow.o)
 .debug_frame   0x000022a8       0x30 c:/program files (x86)/cypress/psoc creator/3.3/psoc creator/import/gnu/arm/4.9.3/bin/../lib/gcc/arm-none-eabi/4.9.3/../../../../arm-none-eabi/lib/armv7-m\libm.a(lib_a-e_sqrt.o)
 .debug_frame   0x000022d8       0x38 c:/program files (x86)/cypress/psoc creator/3.3/psoc creator/import/gnu/arm/4.9.3/bin/../lib/gcc/arm-none-eabi/4.9.3/../../../../arm-none-eabi/lib/armv7-m\libm.a(lib_a-s_atan.o)
 .debug_frame   0x00002310       0x20 c:/program files (x86)/cypress/psoc creator/3.3/psoc creator/import/gnu/arm/4.9.3/bin/../lib/gcc/arm-none-eabi/4.9.3/../../../../arm-none-eabi/lib/armv7-m\libm.a(lib_a-s_fabs.o)
 .debug_frame   0x00002330       0x20 c:/program files (x86)/cypress/psoc creator/3.3/psoc creator/import/gnu/arm/4.9.3/bin/../lib/gcc/arm-none-eabi/4.9.3/../../../../arm-none-eabi/lib/armv7-m\libm.a(lib_a-s_finite.o)
 .debug_frame   0x00002350       0x34 c:/program files (x86)/cypress/psoc creator/3.3/psoc creator/import/gnu/arm/4.9.3/bin/../lib/gcc/arm-none-eabi/4.9.3/../../../../arm-none-eabi/lib/armv7-m\libm.a(lib_a-s_fpclassify.o)
 .debug_frame   0x00002384       0x20 c:/program files (x86)/cypress/psoc creator/3.3/psoc creator/import/gnu/arm/4.9.3/bin/../lib/gcc/arm-none-eabi/4.9.3/../../../../arm-none-eabi/lib/armv7-m\libm.a(lib_a-s_matherr.o)
 .debug_frame   0x000023a4       0x20 c:/program files (x86)/cypress/psoc creator/3.3/psoc creator/import/gnu/arm/4.9.3/bin/../lib/gcc/arm-none-eabi/4.9.3/../../../../arm-none-eabi/lib/armv7-m\libm.a(lib_a-s_nan.o)
 .debug_frame   0x000023c4       0x3c c:/program files (x86)/cypress/psoc creator/3.3/psoc creator/import/gnu/arm/4.9.3/bin/../lib/gcc/arm-none-eabi/4.9.3/../../../../arm-none-eabi/lib/armv7-m\libm.a(lib_a-s_rint.o)
 .debug_frame   0x00002400       0x30 c:/program files (x86)/cypress/psoc creator/3.3/psoc creator/import/gnu/arm/4.9.3/bin/../lib/gcc/arm-none-eabi/4.9.3/../../../../arm-none-eabi/lib/armv7-m\libm.a(lib_a-s_scalbn.o)
 .debug_frame   0x00002430       0x20 c:/program files (x86)/cypress/psoc creator/3.3/psoc creator/import/gnu/arm/4.9.3/bin/../lib/gcc/arm-none-eabi/4.9.3/../../../../arm-none-eabi/lib/armv7-m\libm.a(lib_a-s_copysign.o)
 .debug_frame   0x00002450       0x20 c:/program files (x86)/cypress/psoc creator/3.3/psoc creator/import/gnu/arm/4.9.3/bin/../lib/gcc/arm-none-eabi/4.9.3/../../../../arm-none-eabi/lib/armv7-m\libg_nano.a(lib_a-errno.o)
 .debug_frame   0x00002470       0x28 c:/program files (x86)/cypress/psoc creator/3.3/psoc creator/import/gnu/arm/4.9.3/bin/../lib/gcc/arm-none-eabi/4.9.3/../../../../arm-none-eabi/lib/armv7-m\libg_nano.a(lib_a-exit.o)
 .debug_frame   0x00002498       0x2c c:/program files (x86)/cypress/psoc creator/3.3/psoc creator/import/gnu/arm/4.9.3/bin/../lib/gcc/arm-none-eabi/4.9.3/../../../../arm-none-eabi/lib/armv7-m\libg_nano.a(lib_a-init.o)
 .debug_frame   0x000024c4       0x28 c:/program files (x86)/cypress/psoc creator/3.3/psoc creator/import/gnu/arm/4.9.3/bin/../lib/gcc/arm-none-eabi/4.9.3/../../../../arm-none-eabi/lib/armv7-m\libg_nano.a(lib_a-memcpy.o)
 .debug_frame   0x000024ec       0x20 c:/program files (x86)/cypress/psoc creator/3.3/psoc creator/import/gnu/arm/4.9.3/bin/../lib/gcc/arm-none-eabi/4.9.3/../../../../arm-none-eabi/lib/armv7-m\libg_nano.a(lib_a-memset.o)
 .debug_frame   0x0000250c       0x8c c:/program files (x86)/cypress/psoc creator/3.3/psoc creator/import/gnu/arm/4.9.3/bin/../lib/gcc/arm-none-eabi/4.9.3/../../../../arm-none-eabi/lib/armv7-m\libg_nano.a(lib_a-nano-vfprintf_float.o)
 .debug_frame   0x00002598       0x58 c:/program files (x86)/cypress/psoc creator/3.3/psoc creator/import/gnu/arm/4.9.3/bin/../lib/gcc/arm-none-eabi/4.9.3/../../../../arm-none-eabi/lib/armv7-m\libg_nano.a(lib_a-nano-vfprintf_i.o)
 .debug_frame   0x000025f0       0x74 c:/program files (x86)/cypress/psoc creator/3.3/psoc creator/import/gnu/arm/4.9.3/bin/../lib/gcc/arm-none-eabi/4.9.3/../../../../arm-none-eabi/lib/armv7-m\libg_nano.a(lib_a-printf.o)
 .debug_frame   0x00002664       0x3c c:/program files (x86)/cypress/psoc creator/3.3/psoc creator/import/gnu/arm/4.9.3/bin/../lib/gcc/arm-none-eabi/4.9.3/../../../../arm-none-eabi/lib/armv7-m\libg_nano.a(lib_a-puts.o)
 .debug_frame   0x000026a0       0x20 c:/program files (x86)/cypress/psoc creator/3.3/psoc creator/import/gnu/arm/4.9.3/bin/../lib/gcc/arm-none-eabi/4.9.3/../../../../arm-none-eabi/lib/armv7-m\libg_nano.a(lib_a-strlen.o)
 .debug_frame   0x000026c0       0x3c c:/program files (x86)/cypress/psoc creator/3.3/psoc creator/import/gnu/arm/4.9.3/bin/../lib/gcc/arm-none-eabi/4.9.3/../../../../arm-none-eabi/lib/armv7-m\libg_nano.a(lib_a-wbuf.o)
 .debug_frame   0x000026fc       0x2c c:/program files (x86)/cypress/psoc creator/3.3/psoc creator/import/gnu/arm/4.9.3/bin/../lib/gcc/arm-none-eabi/4.9.3/../../../../arm-none-eabi/lib/armv7-m\libg_nano.a(lib_a-wsetup.o)
 .debug_frame   0x00002728       0x6c c:/program files (x86)/cypress/psoc creator/3.3/psoc creator/import/gnu/arm/4.9.3/bin/../lib/gcc/arm-none-eabi/4.9.3/../../../../arm-none-eabi/lib/armv7-m\libg_nano.a(lib_a-dtoa.o)
 .debug_frame   0x00002794       0x68 c:/program files (x86)/cypress/psoc creator/3.3/psoc creator/import/gnu/arm/4.9.3/bin/../lib/gcc/arm-none-eabi/4.9.3/../../../../arm-none-eabi/lib/armv7-m\libg_nano.a(lib_a-fflush.o)
 .debug_frame   0x000027fc      0x11c c:/program files (x86)/cypress/psoc creator/3.3/psoc creator/import/gnu/arm/4.9.3/bin/../lib/gcc/arm-none-eabi/4.9.3/../../../../arm-none-eabi/lib/armv7-m\libg_nano.a(lib_a-findfp.o)
 .debug_frame   0x00002918       0x54 c:/program files (x86)/cypress/psoc creator/3.3/psoc creator/import/gnu/arm/4.9.3/bin/../lib/gcc/arm-none-eabi/4.9.3/../../../../arm-none-eabi/lib/armv7-m\libg_nano.a(lib_a-fwalk.o)
 .debug_frame   0x0000296c       0x98 c:/program files (x86)/cypress/psoc creator/3.3/psoc creator/import/gnu/arm/4.9.3/bin/../lib/gcc/arm-none-eabi/4.9.3/../../../../arm-none-eabi/lib/armv7-m\libg_nano.a(lib_a-locale.o)
 .debug_frame   0x00002a04       0x34 c:/program files (x86)/cypress/psoc creator/3.3/psoc creator/import/gnu/arm/4.9.3/bin/../lib/gcc/arm-none-eabi/4.9.3/../../../../arm-none-eabi/lib/armv7-m\libg_nano.a(lib_a-makebuf.o)
 .debug_frame   0x00002a38       0x30 c:/program files (x86)/cypress/psoc creator/3.3/psoc creator/import/gnu/arm/4.9.3/bin/../lib/gcc/arm-none-eabi/4.9.3/../../../../arm-none-eabi/lib/armv7-m\libg_nano.a(lib_a-malloc.o)
 .debug_frame   0x00002a68       0x28 c:/program files (x86)/cypress/psoc creator/3.3/psoc creator/import/gnu/arm/4.9.3/bin/../lib/gcc/arm-none-eabi/4.9.3/../../../../arm-none-eabi/lib/armv7-m\libg_nano.a(lib_a-memchr.o)
 .debug_frame   0x00002a90      0x230 c:/program files (x86)/cypress/psoc creator/3.3/psoc creator/import/gnu/arm/4.9.3/bin/../lib/gcc/arm-none-eabi/4.9.3/../../../../arm-none-eabi/lib/armv7-m\libg_nano.a(lib_a-mprec.o)
 .debug_frame   0x00002cc0       0x2c c:/program files (x86)/cypress/psoc creator/3.3/psoc creator/import/gnu/arm/4.9.3/bin/../lib/gcc/arm-none-eabi/4.9.3/../../../../arm-none-eabi/lib/armv7-m\libg_nano.a(lib_a-nano-callocr.o)
 .debug_frame   0x00002cec       0x2c c:/program files (x86)/cypress/psoc creator/3.3/psoc creator/import/gnu/arm/4.9.3/bin/../lib/gcc/arm-none-eabi/4.9.3/../../../../arm-none-eabi/lib/armv7-m\libg_nano.a(lib_a-nano-freer.o)
 .debug_frame   0x00002d18       0x2c c:/program files (x86)/cypress/psoc creator/3.3/psoc creator/import/gnu/arm/4.9.3/bin/../lib/gcc/arm-none-eabi/4.9.3/../../../../arm-none-eabi/lib/armv7-m\libg_nano.a(lib_a-nano-mallocr.o)
 .debug_frame   0x00002d44       0xb8 c:/program files (x86)/cypress/psoc creator/3.3/psoc creator/import/gnu/arm/4.9.3/bin/../lib/gcc/arm-none-eabi/4.9.3/../../../../arm-none-eabi/lib/armv7-m\libg_nano.a(lib_a-nano-vfprintf.o)
 .debug_frame   0x00002dfc       0x2c c:/program files (x86)/cypress/psoc creator/3.3/psoc creator/import/gnu/arm/4.9.3/bin/../lib/gcc/arm-none-eabi/4.9.3/../../../../arm-none-eabi/lib/armv7-m\libg_nano.a(lib_a-sbrkr.o)
 .debug_frame   0x00002e28       0x88 c:/program files (x86)/cypress/psoc creator/3.3/psoc creator/import/gnu/arm/4.9.3/bin/../lib/gcc/arm-none-eabi/4.9.3/../../../../arm-none-eabi/lib/armv7-m\libg_nano.a(lib_a-stdio.o)
 .debug_frame   0x00002eb0       0x2c c:/program files (x86)/cypress/psoc creator/3.3/psoc creator/import/gnu/arm/4.9.3/bin/../lib/gcc/arm-none-eabi/4.9.3/../../../../arm-none-eabi/lib/armv7-m\libg_nano.a(lib_a-writer.o)
 .debug_frame   0x00002edc       0x2c c:/program files (x86)/cypress/psoc creator/3.3/psoc creator/import/gnu/arm/4.9.3/bin/../lib/gcc/arm-none-eabi/4.9.3/../../../../arm-none-eabi/lib/armv7-m\libg_nano.a(lib_a-closer.o)
 .debug_frame   0x00002f08       0x2c c:/program files (x86)/cypress/psoc creator/3.3/psoc creator/import/gnu/arm/4.9.3/bin/../lib/gcc/arm-none-eabi/4.9.3/../../../../arm-none-eabi/lib/armv7-m\libg_nano.a(lib_a-fstatr.o)
 .debug_frame   0x00002f34       0x3c c:/program files (x86)/cypress/psoc creator/3.3/psoc creator/import/gnu/arm/4.9.3/bin/../lib/gcc/arm-none-eabi/4.9.3/../../../../arm-none-eabi/lib/armv7-m\libg_nano.a(lib_a-fvwrite.o)
 .debug_frame   0x00002f70       0x2c c:/program files (x86)/cypress/psoc creator/3.3/psoc creator/import/gnu/arm/4.9.3/bin/../lib/gcc/arm-none-eabi/4.9.3/../../../../arm-none-eabi/lib/armv7-m\libg_nano.a(lib_a-isattyr.o)
 .debug_frame   0x00002f9c       0x2c c:/program files (x86)/cypress/psoc creator/3.3/psoc creator/import/gnu/arm/4.9.3/bin/../lib/gcc/arm-none-eabi/4.9.3/../../../../arm-none-eabi/lib/armv7-m\libg_nano.a(lib_a-lseekr.o)
 .debug_frame   0x00002fc8       0x28 c:/program files (x86)/cypress/psoc creator/3.3/psoc creator/import/gnu/arm/4.9.3/bin/../lib/gcc/arm-none-eabi/4.9.3/../../../../arm-none-eabi/lib/armv7-m\libg_nano.a(lib_a-memmove.o)
 .debug_frame   0x00002ff0       0x3c c:/program files (x86)/cypress/psoc creator/3.3/psoc creator/import/gnu/arm/4.9.3/bin/../lib/gcc/arm-none-eabi/4.9.3/../../../../arm-none-eabi/lib/armv7-m\libg_nano.a(lib_a-nano-reallocr.o)
 .debug_frame   0x0000302c       0x2c c:/program files (x86)/cypress/psoc creator/3.3/psoc creator/import/gnu/arm/4.9.3/bin/../lib/gcc/arm-none-eabi/4.9.3/../../../../arm-none-eabi/lib/armv7-m\libg_nano.a(lib_a-readr.o)
 .debug_frame   0x00003058       0x5c c:/program files (x86)/cypress/psoc creator/3.3/psoc creator/import/gnu/arm/4.9.3/bin/../lib/gcc/arm-none-eabi/4.9.3/../../../../arm-none-eabi/lib/armv7-m\libg_nano.a(lib_a-reent.o)
 .debug_frame   0x000030b4       0x20 c:/program files (x86)/cypress/psoc creator/3.3/psoc creator/import/gnu/arm/4.9.3/bin/../lib/gcc/arm-none-eabi/4.9.3/../../../../arm-none-eabi/lib/armv7-m\libg_nano.a(lib_a-nano-msizer.o)
 .debug_frame   0x000030d4       0x20 c:/program files (x86)/cypress/psoc creator/3.3/psoc creator/import/gnu/arm/4.9.3/bin/../lib/gcc/arm-none-eabi/4.9.3/../../../../arm-none-eabi/lib/armv7-m\libnosys.a(close.o)
 .debug_frame   0x000030f4       0x20 c:/program files (x86)/cypress/psoc creator/3.3/psoc creator/import/gnu/arm/4.9.3/bin/../lib/gcc/arm-none-eabi/4.9.3/../../../../arm-none-eabi/lib/armv7-m\libnosys.a(fstat.o)
 .debug_frame   0x00003114       0x20 c:/program files (x86)/cypress/psoc creator/3.3/psoc creator/import/gnu/arm/4.9.3/bin/../lib/gcc/arm-none-eabi/4.9.3/../../../../arm-none-eabi/lib/armv7-m\libnosys.a(isatty.o)
 .debug_frame   0x00003134       0x20 c:/program files (x86)/cypress/psoc creator/3.3/psoc creator/import/gnu/arm/4.9.3/bin/../lib/gcc/arm-none-eabi/4.9.3/../../../../arm-none-eabi/lib/armv7-m\libnosys.a(lseek.o)
 .debug_frame   0x00003154       0x20 c:/program files (x86)/cypress/psoc creator/3.3/psoc creator/import/gnu/arm/4.9.3/bin/../lib/gcc/arm-none-eabi/4.9.3/../../../../arm-none-eabi/lib/armv7-m\libnosys.a(read.o)

.debug_str      0x00000000     0x2bac
 *(.debug_str)
 .debug_str     0x00000000      0x1a9 .\CortexM3\ARM_GCC_493\Debug\Accel.o
                                0x1f1 (size before relaxing)
 .debug_str     0x000001a9        0x9 .\CortexM3\ARM_GCC_493\Debug\Gyro.o
                                0x19f (size before relaxing)
 .debug_str     0x000001b2       0xa0 .\CortexM3\ARM_GCC_493\Debug\I2C_made.o
                                0x230 (size before relaxing)
 .debug_str     0x00000252       0x6d .\CortexM3\ARM_GCC_493\Debug\IR.o
                                0x20e (size before relaxing)
 .debug_str     0x000002bf       0x13 .\CortexM3\ARM_GCC_493\Debug\Magnet.o
                                0x1d3 (size before relaxing)
 .debug_str     0x000002d2       0xbd .\CortexM3\ARM_GCC_493\Debug\Motor.o
                                0x262 (size before relaxing)
 .debug_str     0x0000038f      0x294 .\CortexM3\ARM_GCC_493\Debug\Ultra.o
                                0x456 (size before relaxing)
 .debug_str     0x00000623      0x27a .\CortexM3\ARM_GCC_493\Debug\Reflectance.o
                                0x440 (size before relaxing)
 .debug_str     0x0000089d       0x3e .\CortexM3\ARM_GCC_493\Debug\Nunchuk.o
                                0x249 (size before relaxing)
 .debug_str     0x000008db       0x5d .\CortexM3\ARM_GCC_493\Debug\Ambient.o
                                0x196 (size before relaxing)
 .debug_str     0x00000938       0x37 .\CortexM3\ARM_GCC_493\Debug\main.o
                                0x257 (size before relaxing)
 .debug_str     0x0000096f       0x77 .\CortexM3\ARM_GCC_493\Debug\cymetadata.o
                                0x1e8 (size before relaxing)
 .debug_str     0x000009e6      0x153 .\CortexM3\ARM_GCC_493\Debug\Cm3Start.o
                                0x2fc (size before relaxing)
 .debug_str     0x00000b39      0x185 .\CortexM3\ARM_GCC_493\Debug\ZumoBot_Lib.a(cyfitter_cfg.o)
                                0x336 (size before relaxing)
 .debug_str     0x00000cbe      0x187 .\CortexM3\ARM_GCC_493\Debug\ZumoBot_Lib.a(PWM.o)
                                0x342 (size before relaxing)
 .debug_str     0x00000e45       0xff .\CortexM3\ARM_GCC_493\Debug\ZumoBot_Lib.a(I2C.o)
                                0x2e0 (size before relaxing)
 .debug_str     0x00000f44       0x88 .\CortexM3\ARM_GCC_493\Debug\ZumoBot_Lib.a(I2C_INT.o)
                                0x251 (size before relaxing)
 .debug_str     0x00000fcc       0x58 .\CortexM3\ARM_GCC_493\Debug\ZumoBot_Lib.a(I2C_PM.o)
                                0x26f (size before relaxing)
 .debug_str     0x00001024      0x12b .\CortexM3\ARM_GCC_493\Debug\ZumoBot_Lib.a(I2C_MASTER.o)
                                0x396 (size before relaxing)
 .debug_str     0x0000114f      0x289 .\CortexM3\ARM_GCC_493\Debug\ZumoBot_Lib.a(UART.o)
                                0x467 (size before relaxing)
 .debug_str     0x000013d8      0x185 .\CortexM3\ARM_GCC_493\Debug\ZumoBot_Lib.a(UART_IntClock.o)
                                0x334 (size before relaxing)
 .debug_str     0x0000155d      0x79b .\CortexM3\ARM_GCC_493\Debug\ZumoBot_Lib.a(CyLib.o)
                                0xa21 (size before relaxing)
 .debug_str     0x00001cf8      0x35b .\CortexM3\ARM_GCC_493\Debug\ZumoBot_Lib.a(cyPm.o)
                                0x719 (size before relaxing)
 .debug_str     0x00002053       0x78 .\CortexM3\ARM_GCC_493\Debug\ZumoBot_Lib.a(MotorDirLeft.o)
                                0x203 (size before relaxing)
 .debug_str     0x000020cb       0x71 .\CortexM3\ARM_GCC_493\Debug\ZumoBot_Lib.a(MotorDirRight.o)
                                0x208 (size before relaxing)
 .debug_str     0x0000213c       0x35 .\CortexM3\ARM_GCC_493\Debug\ZumoBot_Lib.a(LL.o)
                                0x1d1 (size before relaxing)
 .debug_str     0x00002171      0x11b .\CortexM3\ARM_GCC_493\Debug\ZumoBot_Lib.a(Timer_LL.o)
                                0x317 (size before relaxing)
 .debug_str     0x0000228c      0x10f .\CortexM3\ARM_GCC_493\Debug\ZumoBot_Lib.a(Timer_RR.o)
                                0x317 (size before relaxing)
 .debug_str     0x0000239b      0x10f .\CortexM3\ARM_GCC_493\Debug\ZumoBot_Lib.a(Timer_RL.o)
                                0x317 (size before relaxing)
 .debug_str     0x000024aa       0x35 .\CortexM3\ARM_GCC_493\Debug\ZumoBot_Lib.a(RL.o)
                                0x1d1 (size before relaxing)
 .debug_str     0x000024df       0x35 .\CortexM3\ARM_GCC_493\Debug\ZumoBot_Lib.a(RR.o)
                                0x1d1 (size before relaxing)
 .debug_str     0x00002514      0x10f .\CortexM3\ARM_GCC_493\Debug\ZumoBot_Lib.a(Timer_LR.o)
                                0x317 (size before relaxing)
 .debug_str     0x00002623       0x35 .\CortexM3\ARM_GCC_493\Debug\ZumoBot_Lib.a(LR.o)
                                0x1d1 (size before relaxing)
 .debug_str     0x00002658       0xf5 .\CortexM3\ARM_GCC_493\Debug\ZumoBot_Lib.a(Timer.o)
                                0x317 (size before relaxing)
 .debug_str     0x0000274d       0x4e .\CortexM3\ARM_GCC_493\Debug\ZumoBot_Lib.a(Echo.o)
                                0x1db (size before relaxing)
 .debug_str     0x0000279b      0x10e .\CortexM3\ARM_GCC_493\Debug\ZumoBot_Lib.a(ultra_isr.o)
                                0x2d0 (size before relaxing)
 .debug_str     0x000028a9       0x4d .\CortexM3\ARM_GCC_493\Debug\ZumoBot_Lib.a(Trig.o)
                                0x1db (size before relaxing)
 .debug_str     0x000028f6       0x6a .\CortexM3\ARM_GCC_493\Debug\ZumoBot_Lib.a(IR_receiver.o)
                                0x1fe (size before relaxing)
 .debug_str     0x00002960      0x19e .\CortexM3\ARM_GCC_493\Debug\ZumoBot_Lib.a(CyFlash.o)
                                0x393 (size before relaxing)
 .debug_str     0x00002afe       0xae .\CortexM3\ARM_GCC_493\Debug\ZumoBot_Lib.a(CySpc.o)
                                0x31c (size before relaxing)

.debug_loc      0x00000000     0x2bfd
 *(.debug_loc)
 .debug_loc     0x00000000       0x9f .\CortexM3\ARM_GCC_493\Debug\Accel.o
 .debug_loc     0x0000009f       0xa5 .\CortexM3\ARM_GCC_493\Debug\I2C_made.o
 .debug_loc     0x00000144      0x114 .\CortexM3\ARM_GCC_493\Debug\IR.o
 .debug_loc     0x00000258       0x78 .\CortexM3\ARM_GCC_493\Debug\Magnet.o
 .debug_loc     0x000002d0       0xde .\CortexM3\ARM_GCC_493\Debug\Motor.o
 .debug_loc     0x000003ae       0x70 .\CortexM3\ARM_GCC_493\Debug\Reflectance.o
 .debug_loc     0x0000041e       0x89 .\CortexM3\ARM_GCC_493\Debug\Nunchuk.o
 .debug_loc     0x000004a7      0x154 .\CortexM3\ARM_GCC_493\Debug\Ambient.o
 .debug_loc     0x000005fb       0xc2 .\CortexM3\ARM_GCC_493\Debug\main.o
 .debug_loc     0x000006bd      0x144 .\CortexM3\ARM_GCC_493\Debug\Cm3Start.o
 .debug_loc     0x00000801      0x259 .\CortexM3\ARM_GCC_493\Debug\ZumoBot_Lib.a(cyfitter_cfg.o)
 .debug_loc     0x00000a5a       0x26 .\CortexM3\ARM_GCC_493\Debug\ZumoBot_Lib.a(PWM.o)
 .debug_loc     0x00000a80       0x39 .\CortexM3\ARM_GCC_493\Debug\ZumoBot_Lib.a(I2C.o)
 .debug_loc     0x00000ab9       0x29 .\CortexM3\ARM_GCC_493\Debug\ZumoBot_Lib.a(I2C_INT.o)
 .debug_loc     0x00000ae2       0x13 .\CortexM3\ARM_GCC_493\Debug\ZumoBot_Lib.a(I2C_PM.o)
 .debug_loc     0x00000af5      0x52f .\CortexM3\ARM_GCC_493\Debug\ZumoBot_Lib.a(I2C_MASTER.o)
 .debug_loc     0x00001024      0x258 .\CortexM3\ARM_GCC_493\Debug\ZumoBot_Lib.a(UART.o)
 .debug_loc     0x0000127c      0x128 .\CortexM3\ARM_GCC_493\Debug\ZumoBot_Lib.a(UART_IntClock.o)
 .debug_loc     0x000013a4      0xa11 .\CortexM3\ARM_GCC_493\Debug\ZumoBot_Lib.a(CyLib.o)
 .debug_loc     0x00001db5      0x1e4 .\CortexM3\ARM_GCC_493\Debug\ZumoBot_Lib.a(cyPm.o)
 .debug_loc     0x00001f99       0x55 .\CortexM3\ARM_GCC_493\Debug\ZumoBot_Lib.a(MotorDirLeft.o)
 .debug_loc     0x00001fee       0x42 .\CortexM3\ARM_GCC_493\Debug\ZumoBot_Lib.a(MotorDirRight.o)
 .debug_loc     0x00002030       0x42 .\CortexM3\ARM_GCC_493\Debug\ZumoBot_Lib.a(LL.o)
 .debug_loc     0x00002072       0x42 .\CortexM3\ARM_GCC_493\Debug\ZumoBot_Lib.a(RL.o)
 .debug_loc     0x000020b4       0x42 .\CortexM3\ARM_GCC_493\Debug\ZumoBot_Lib.a(RR.o)
 .debug_loc     0x000020f6       0x42 .\CortexM3\ARM_GCC_493\Debug\ZumoBot_Lib.a(LR.o)
 .debug_loc     0x00002138       0x36 .\CortexM3\ARM_GCC_493\Debug\ZumoBot_Lib.a(Timer.o)
 .debug_loc     0x0000216e       0x42 .\CortexM3\ARM_GCC_493\Debug\ZumoBot_Lib.a(Echo.o)
 .debug_loc     0x000021b0       0x56 .\CortexM3\ARM_GCC_493\Debug\ZumoBot_Lib.a(ultra_isr.o)
 .debug_loc     0x00002206       0x55 .\CortexM3\ARM_GCC_493\Debug\ZumoBot_Lib.a(Trig.o)
 .debug_loc     0x0000225b       0x55 .\CortexM3\ARM_GCC_493\Debug\ZumoBot_Lib.a(IR_receiver.o)
 .debug_loc     0x000022b0      0x300 .\CortexM3\ARM_GCC_493\Debug\ZumoBot_Lib.a(CyFlash.o)
 .debug_loc     0x000025b0      0x64d .\CortexM3\ARM_GCC_493\Debug\ZumoBot_Lib.a(CySpc.o)

.debug_macinfo
 *(.debug_macinfo)

.debug_ranges   0x00000000      0xc70
 *(.debug_ranges)
 .debug_ranges  0x00000000       0x10 .\CortexM3\ARM_GCC_493\Debug\Accel.o
 .debug_ranges  0x00000010       0x18 .\CortexM3\ARM_GCC_493\Debug\I2C_made.o
 .debug_ranges  0x00000028       0x30 .\CortexM3\ARM_GCC_493\Debug\IR.o
 .debug_ranges  0x00000058       0x10 .\CortexM3\ARM_GCC_493\Debug\Magnet.o
 .debug_ranges  0x00000068       0x30 .\CortexM3\ARM_GCC_493\Debug\Motor.o
 .debug_ranges  0x00000098       0x20 .\CortexM3\ARM_GCC_493\Debug\Ultra.o
 .debug_ranges  0x000000b8       0x28 .\CortexM3\ARM_GCC_493\Debug\Reflectance.o
 .debug_ranges  0x000000e0       0x20 .\CortexM3\ARM_GCC_493\Debug\Nunchuk.o
 .debug_ranges  0x00000100       0x10 .\CortexM3\ARM_GCC_493\Debug\Ambient.o
 .debug_ranges  0x00000110       0x20 .\CortexM3\ARM_GCC_493\Debug\main.o
 .debug_ranges  0x00000130       0x38 .\CortexM3\ARM_GCC_493\Debug\Cm3Start.o
 .debug_ranges  0x00000168       0x48 .\CortexM3\ARM_GCC_493\Debug\ZumoBot_Lib.a(cyfitter_cfg.o)
 .debug_ranges  0x000001b0       0x98 .\CortexM3\ARM_GCC_493\Debug\ZumoBot_Lib.a(PWM.o)
 .debug_ranges  0x00000248       0x28 .\CortexM3\ARM_GCC_493\Debug\ZumoBot_Lib.a(I2C.o)
 .debug_ranges  0x00000270       0x10 .\CortexM3\ARM_GCC_493\Debug\ZumoBot_Lib.a(I2C_INT.o)
 .debug_ranges  0x00000280       0x28 .\CortexM3\ARM_GCC_493\Debug\ZumoBot_Lib.a(I2C_PM.o)
 .debug_ranges  0x000002a8       0x70 .\CortexM3\ARM_GCC_493\Debug\ZumoBot_Lib.a(I2C_MASTER.o)
 .debug_ranges  0x00000318       0xe0 .\CortexM3\ARM_GCC_493\Debug\ZumoBot_Lib.a(UART.o)
 .debug_ranges  0x000003f8       0x60 .\CortexM3\ARM_GCC_493\Debug\ZumoBot_Lib.a(UART_IntClock.o)
 .debug_ranges  0x00000458      0x288 .\CortexM3\ARM_GCC_493\Debug\ZumoBot_Lib.a(CyLib.o)
 .debug_ranges  0x000006e0       0x88 .\CortexM3\ARM_GCC_493\Debug\ZumoBot_Lib.a(cyPm.o)