Archive member included because of file (symbol)

.\CortexM3\ARM_GCC_493\Debug\ZumoBot_Lib.a(cyfitter_cfg.o)
                              .\CortexM3\ARM_GCC_493\Debug\Cm3Start.o (cyfitter_cfg)
.\CortexM3\ARM_GCC_493\Debug\ZumoBot_Lib.a(PWM.o)
                              .\CortexM3\ARM_GCC_493\Debug\Motor.o (PWM_Stop)
.\CortexM3\ARM_GCC_493\Debug\ZumoBot_Lib.a(I2C.o)
                              .\CortexM3\ARM_GCC_493\Debug\Nunchuk.o (I2C_Start)
.\CortexM3\ARM_GCC_493\Debug\ZumoBot_Lib.a(I2C_INT.o)
                              .\CortexM3\ARM_GCC_493\Debug\ZumoBot_Lib.a(I2C.o) (I2C_ISR)
.\CortexM3\ARM_GCC_493\Debug\ZumoBot_Lib.a(I2C_PM.o)
                              .\CortexM3\ARM_GCC_493\Debug\ZumoBot_Lib.a(I2C.o) (I2C_backup)
.\CortexM3\ARM_GCC_493\Debug\ZumoBot_Lib.a(I2C_MASTER.o)
                              .\CortexM3\ARM_GCC_493\Debug\I2C_made.o (I2C_MasterWriteBuf)
.\CortexM3\ARM_GCC_493\Debug\ZumoBot_Lib.a(UART.o)
                              .\CortexM3\ARM_GCC_493\Debug\main.o (UART_Start)
.\CortexM3\ARM_GCC_493\Debug\ZumoBot_Lib.a(UART_IntClock.o)
                              .\CortexM3\ARM_GCC_493\Debug\ZumoBot_Lib.a(UART.o) (UART_IntClock_Start)
.\CortexM3\ARM_GCC_493\Debug\ZumoBot_Lib.a(CyBootAsmGnu.o)
                              .\CortexM3\ARM_GCC_493\Debug\ZumoBot_Lib.a(cyfitter_cfg.o) (CyDelayCycles)
.\CortexM3\ARM_GCC_493\Debug\ZumoBot_Lib.a(CyLib.o)
                              .\CortexM3\ARM_GCC_493\Debug\Cm3Start.o (CyHalt)
.\CortexM3\ARM_GCC_493\Debug\ZumoBot_Lib.a(cyPm.o)
                              .\CortexM3\ARM_GCC_493\Debug\ZumoBot_Lib.a(CyLib.o) (CyPmReadStatus)
.\CortexM3\ARM_GCC_493\Debug\ZumoBot_Lib.a(MotorDirLeft.o)
                              .\CortexM3\ARM_GCC_493\Debug\Motor.o (MotorDirLeft_Write)
.\CortexM3\ARM_GCC_493\Debug\ZumoBot_Lib.a(MotorDirRight.o)
                              .\CortexM3\ARM_GCC_493\Debug\Motor.o (MotorDirRight_Write)
.\CortexM3\ARM_GCC_493\Debug\ZumoBot_Lib.a(LL.o)
                              .\CortexM3\ARM_GCC_493\Debug\Reflectance.o (LL_Write)
.\CortexM3\ARM_GCC_493\Debug\ZumoBot_Lib.a(Timer_LL.o)
                              .\CortexM3\ARM_GCC_493\Debug\Reflectance.o (Timer_LL_ReadStatusRegister)
.\CortexM3\ARM_GCC_493\Debug\ZumoBot_Lib.a(Timer_RR.o)
                              .\CortexM3\ARM_GCC_493\Debug\Reflectance.o (Timer_RR_ReadStatusRegister)
.\CortexM3\ARM_GCC_493\Debug\ZumoBot_Lib.a(Timer_RL.o)
                              .\CortexM3\ARM_GCC_493\Debug\Reflectance.o (Timer_RL_ReadStatusRegister)
.\CortexM3\ARM_GCC_493\Debug\ZumoBot_Lib.a(RL.o)
                              .\CortexM3\ARM_GCC_493\Debug\Reflectance.o (RL_Write)
.\CortexM3\ARM_GCC_493\Debug\ZumoBot_Lib.a(RR.o)
                              .\CortexM3\ARM_GCC_493\Debug\Reflectance.o (RR_Write)
.\CortexM3\ARM_GCC_493\Debug\ZumoBot_Lib.a(Timer_LR.o)
                              .\CortexM3\ARM_GCC_493\Debug\Reflectance.o (Timer_LR_ReadStatusRegister)
.\CortexM3\ARM_GCC_493\Debug\ZumoBot_Lib.a(LR.o)
                              .\CortexM3\ARM_GCC_493\Debug\Reflectance.o (LR_Write)
.\CortexM3\ARM_GCC_493\Debug\ZumoBot_Lib.a(Timer.o)
                              .\CortexM3\ARM_GCC_493\Debug\Ultra.o (Timer_Stop)
.\CortexM3\ARM_GCC_493\Debug\ZumoBot_Lib.a(Echo.o)
                              .\CortexM3\ARM_GCC_493\Debug\Ultra.o (Echo_Read)
.\CortexM3\ARM_GCC_493\Debug\ZumoBot_Lib.a(IR_receiver.o)
                              .\CortexM3\ARM_GCC_493\Debug\IR.o (IR_receiver_Read)
.\CortexM3\ARM_GCC_493\Debug\ZumoBot_Lib.a(CyFlash.o)
                              .\CortexM3\ARM_GCC_493\Debug\ZumoBot_Lib.a(cyPm.o) (CyFlash_SetWaitCycles)
.\CortexM3\ARM_GCC_493\Debug\ZumoBot_Lib.a(CySpc.o)
                              .\CortexM3\ARM_GCC_493\Debug\ZumoBot_Lib.a(CyFlash.o) (CySpcStart)
c:/program files (x86)/cypress/psoc creator/3.3/psoc creator/import/gnu/arm/4.9.3/bin/../lib/gcc/arm-none-eabi/4.9.3/../../../../arm-none-eabi/lib/armv7-m\libm.a(lib_a-w_atan2.o)
                              .\CortexM3\ARM_GCC_493\Debug\Accel.o (atan2)
c:/program files (x86)/cypress/psoc creator/3.3/psoc creator/import/gnu/arm/4.9.3/bin/../lib/gcc/arm-none-eabi/4.9.3/../../../../arm-none-eabi/lib/armv7-m\libm.a(lib_a-w_pow.o)
                              .\CortexM3\ARM_GCC_493\Debug\IR.o (pow)
c:/program files (x86)/cypress/psoc creator/3.3/psoc creator/import/gnu/arm/4.9.3/bin/../lib/gcc/arm-none-eabi/4.9.3/../../../../arm-none-eabi/lib/armv7-m\libm.a(lib_a-e_atan2.o)
                              c:/program files (x86)/cypress/psoc creator/3.3/psoc creator/import/gnu/arm/4.9.3/bin/../lib/gcc/arm-none-eabi/4.9.3/../../../../arm-none-eabi/lib/armv7-m\libm.a(lib_a-w_atan2.o) (__ieee754_atan2)
c:/program files (x86)/cypress/psoc creator/3.3/psoc creator/import/gnu/arm/4.9.3/bin/../lib/gcc/arm-none-eabi/4.9.3/../../../../arm-none-eabi/lib/armv7-m\libm.a(lib_a-e_pow.o)
[...]
Memory Configuration

Name             Origin             Length             Attributes
rom              0x00000000         0x00040000         xr
ram              0x1fff8000         0x00010000         xrw
*default*        0x00000000         0xffffffff

Linker script and memory map

LOAD c:/program files (x86)/cypress/psoc creator/3.3/psoc creator/import/gnu/arm/4.9.3/bin/../lib/gcc/arm-none-eabi/4.9.3/armv7-m/crti.o
LOAD c:/program files (x86)/cypress/psoc creator/3.3/psoc creator/import/gnu/arm/4.9.3/bin/../lib/gcc/arm-none-eabi/4.9.3/armv7-m/crtbegin.o
LOAD c:/program files (x86)/cypress/psoc creator/3.3/psoc creator/import/gnu/arm/4.9.3/bin/../lib/gcc/arm-none-eabi/4.9.3/../../../../arm-none-eabi/lib/armv7-m/crt0.o
START GROUP
LOAD .\CortexM3\ARM_GCC_493\Debug\Accel.o
LOAD .\CortexM3\ARM_GCC_493\Debug\Gyro.o
LOAD .\CortexM3\ARM_GCC_493\Debug\I2C_made.o
LOAD .\CortexM3\ARM_GCC_493\Debug\IR.o
LOAD .\CortexM3\ARM_GCC_493\Debug\Magnet.o
LOAD .\CortexM3\ARM_GCC_493\Debug\Motor.o
LOAD .\CortexM3\ARM_GCC_493\Debug\Ultra.o
LOAD .\CortexM3\ARM_GCC_493\Debug\Reflectance.o
LOAD .\CortexM3\ARM_GCC_493\Debug\Nunchuk.o
LOAD .\CortexM3\ARM_GCC_493\Debug\Ambient.o
LOAD .\CortexM3\ARM_GCC_493\Debug\main.o
LOAD .\CortexM3\ARM_GCC_493\Debug\cymetadata.o
LOAD .\CortexM3\ARM_GCC_493\Debug\Cm3Start.o
LOAD .\CortexM3\ARM_GCC_493\Debug\ZumoBot_Lib.a
LOAD C:\Program Files (x86)\Cypress\PSoC Creator\3.3\PSoC Creator\psoc\content\cycomponentlibrary\CyComponentLibrary.cylib\CortexM3\ARM_GCC_493\Debug\CyComponentLibrary.a
LOAD c:/program files (x86)/cypress/psoc creator/3.3/psoc creator/import/gnu/arm/4.9.3/bin/../lib/gcc/arm-none-eabi/4.9.3/../../../../arm-none-eabi/lib/armv7-m\libm.a
END GROUP
START GROUP
LOAD c:/program files (x86)/cypress/psoc creator/3.3/psoc creator/import/gnu/arm/4.9.3/bin/../lib/gcc/arm-none-eabi/4.9.3/armv7-m\libgcc.a
LOAD c:/program files (x86)/cypress/psoc creator/3.3/psoc creator/import/gnu/arm/4.9.3/bin/../lib/gcc/arm-none-eabi/4.9.3/../../../../arm-none-eabi/lib/armv7-m\libg_nano.a
LOAD c:/program files (x86)/cypress/psoc creator/3.3/psoc creator/import/gnu/arm/4.9.3/bin/../lib/gcc/arm-none-eabi/4.9.3/../../../../arm-none-eabi/lib/armv7-m\libc_nano.a
END GROUP
START GROUP
LOAD c:/program files (x86)/cypress/psoc creator/3.3/psoc creator/import/gnu/arm/4.9.3/bin/../lib/gcc/arm-none-eabi/4.9.3/armv7-m\libgcc.a
LOAD c:/program files (x86)/cypress/psoc creator/3.3/psoc creator/import/gnu/arm/4.9.3/bin/../lib/gcc/arm-none-eabi/4.9.3/../../../../arm-none-eabi/lib/armv7-m\libc_nano.a
END GROUP
LOAD c:/program files (x86)/cypress/psoc creator/3.3/psoc creator/import/gnu/arm/4.9.3/bin/../lib/gcc/arm-none-eabi/4.9.3/armv7-m/crtend.o
LOAD c:/program files (x86)/cypress/psoc creator/3.3/psoc creator/import/gnu/arm/4.9.3/bin/../lib/gcc/arm-none-eabi/4.9.3/armv7-m/crtn.o
START GROUP
LOAD c:/program files (x86)/cypress/psoc creator/3.3/psoc creator/import/gnu/arm/4.9.3/bin/../lib/gcc/arm-none-eabi/4.9.3/armv7-m\libgcc.a
LOAD c:/program files (x86)/cypress/psoc creator/3.3/psoc creator/import/gnu/arm/4.9.3/bin/../lib/gcc/arm-none-eabi/4.9.3/../../../../arm-none-eabi/lib/armv7-m\libc.a
LOAD c:/program files (x86)/cypress/psoc creator/3.3/psoc creator/import/gnu/arm/4.9.3/bin/../lib/gcc/arm-none-eabi/4.9.3/../../../../arm-none-eabi/lib/armv7-m\libnosys.a
END GROUP
                0x00000000                CY_APPL_ORIGIN = 0x0
                0x00000100                CY_FLASH_ROW_SIZE = 0x100
                0x00000020                CY_ECC_ROW_SIZE = 0x20
                0x00000000                CY_EE_IN_BTLDR = 0x0
                0x00000000                CY_APPL_LOADABLE = 0x0
                0x00000800                CY_EE_SIZE = 0x800
                0x00000001                CY_APPL_NUM = 0x1
                0x00000001                CY_APPL_MAX = 0x1
                0x00000040                CY_METADATA_SIZE = 0x40
                0x00000000                CY_APPL_LOADABLE = 0x0
                0x00000000                CY_CHECKSUM_EXCLUDE_SIZE = ALIGN (0x0, CY_FLASH_ROW_SIZE)
                0x1fff8200                PROVIDE (__cy_heap_start, _end)
                0x00000001                PROVIDE (__cy_region_num, ((__cy_regions_end - __cy_regions) / 0x10))
                0x20008000                PROVIDE (__cy_stack, (ORIGIN (ram) + 0x10000))
                0x20007800                PROVIDE (__cy_heap_end, (__cy_stack - 0x800))

.cybootloader   0x00000000        0x0
 *(.cybootloader)
                0x00000000                appl1_start = CY_APPL_ORIGIN?CY_APPL_ORIGIN:ALIGN (CY_FLASH_ROW_SIZE)
                0x0001ff00                appl2_start = (appl1_start + ALIGN ((((0x40000 - appl1_start) - (0x2 * CY_FLASH_ROW_SIZE)) / 0x2), CY_FLASH_ROW_SIZE))
                0x00000000                appl_start = (CY_APPL_NUM == 0x1)?appl1_start:appl2_start
                0x00000000                ecc_offset = ((appl_start / CY_FLASH_ROW_SIZE) * CY_ECC_ROW_SIZE)
                0x00000000                ee_offset = (CY_APPL_LOADABLE && ! (CY_EE_IN_BTLDR))?((CY_EE_SIZE / CY_APPL_MAX) * (CY_APPL_NUM - 0x1)):0x0
                0x00000800                ee_size = (CY_APPL_LOADABLE && ! (CY_EE_IN_BTLDR))?(CY_EE_SIZE / CY_APPL_MAX):CY_EE_SIZE
                0x00000000                PROVIDE (CY_ECC_OFFSET, ecc_offset)

.text           0x00000000     0x502c
 CREATE_OBJECT_SYMBOLS
                0x00000000                PROVIDE (__cy_interrupt_vector, RomVectors)
 *(.romvectors)
 .romvectors    0x00000000       0x10 .\CortexM3\ARM_GCC_493\Debug\Cm3Start.o
                0x00000000                RomVectors
                0x00000001                ASSERT ((. != __cy_interrupt_vector), No interrupt vector)
                0x00000001                ASSERT (CY_APPL_ORIGIN?(SIZEOF (.cybootloader) <= CY_APPL_ORIGIN):0x1, Wrong image location)
                0x00000010                PROVIDE (__cy_reset, Reset)
 *(.text.Reset)
 .text.Reset    0x00000010       0x18 .\CortexM3\ARM_GCC_493\Debug\Cm3Start.o
                0x00000010                Reset
                0x00000001                ASSERT ((. != __cy_reset), No reset code)
 *(.dma_init)
                0x00000001                ASSERT ((((appl_start + .) <= 0x10000) || 0x1), DMA Init must be within the first 64k of flash)
 *(.text .text.* .gnu.linkonce.t.*)
 .text          0x00000028       0x5c c:/program files (x86)/cypress/psoc creator/3.3/psoc creator/import/gnu/arm/4.9.3/bin/../lib/gcc/arm-none-eabi/4.9.3/armv7-m/crtbegin.o
 .text.I2C_write
                0x00000084       0x2c .\CortexM3\ARM_GCC_493\Debug\I2C_made.o
                0x00000084                I2C_write
 .text.I2C_read
                0x000000b0       0x58 .\CortexM3\ARM_GCC_493\Debug\I2C_made.o
                0x000000b0                I2C_read
 .text.getLux   0x00000108      0x1e8 .\CortexM3\ARM_GCC_493\Debug\Ambient.o
                0x00000108                getLux
 .text.convert_raw
                0x000002f0        0x8 .\CortexM3\ARM_GCC_493\Debug\main.o
                0x000002f0                convert_raw
 .text.main     0x000002f8       0xcc .\CortexM3\ARM_GCC_493\Debug\main.o
                0x000002f8                main
 .text._write   0x000003c4       0x1c .\CortexM3\ARM_GCC_493\Debug\main.o
                0x000003c4                _write
 .text.IntDefaultHandler
                0x000003e0        0x4 .\CortexM3\ARM_GCC_493\Debug\Cm3Start.o
                0x000003e0                IntDefaultHandler
 .text._sbrk    0x000003e4       0x30 .\CortexM3\ARM_GCC_493\Debug\Cm3Start.o
                0x000003e4                _sbrk
 .text.Start_c  0x00000414       0x4c .\CortexM3\ARM_GCC_493\Debug\Cm3Start.o
                0x00000414                Start_c
 .text.initialize_psoc
                0x00000460       0x74 .\CortexM3\ARM_GCC_493\Debug\Cm3Start.o
                0x00000460                initialize_psoc
 .text.CyClockStartupError
                0x000004d4        0x4 .\CortexM3\ARM_GCC_493\Debug\ZumoBot_Lib.a(cyfitter_cfg.o)
 .text.cfg_write_bytes32
                0x000004d8       0x34 .\CortexM3\ARM_GCC_493\Debug\ZumoBot_Lib.a(cyfitter_cfg.o)
 .text.AnalogSetDefault
                0x0000050c       0x28 .\CortexM3\ARM_GCC_493\Debug\ZumoBot_Lib.a(cyfitter_cfg.o)
 .text.CYMEMZERO
                0x00000534        0xc .\CortexM3\ARM_GCC_493\Debug\ZumoBot_Lib.a(cyfitter_cfg.o)
 .text.ClockSetup
                0x00000540       0xd0 .\CortexM3\ARM_GCC_493\Debug\ZumoBot_Lib.a(cyfitter_cfg.o)
 .text.CYCONFIGCPY
                0x00000610        0x8 .\CortexM3\ARM_GCC_493\Debug\ZumoBot_Lib.a(cyfitter_cfg.o)
 .text.cyfitter_cfg
                0x00000618      0x144 .\CortexM3\ARM_GCC_493\Debug\ZumoBot_Lib.a(cyfitter_cfg.o)
                0x00000618                cyfitter_cfg
 .text.I2C_Init
                0x0000075c       0x68 .\CortexM3\ARM_GCC_493\Debug\ZumoBot_Lib.a(I2C.o)
                0x0000075c                I2C_Init
 .text.I2C_Enable
                0x000007c4       0x24 .\CortexM3\ARM_GCC_493\Debug\ZumoBot_Lib.a(I2C.o)
                0x000007c4                I2C_Enable
 .text.I2C_Start
                0x000007e8       0x28 .\CortexM3\ARM_GCC_493\Debug\ZumoBot_Lib.a(I2C.o)
                0x000007e8                I2C_Start
 .text.I2C_ISR  0x00000810      0x2cc .\CortexM3\ARM_GCC_493\Debug\ZumoBot_Lib.a(I2C_INT.o)
                0x00000810                I2C_ISR
 .text.I2C_MasterWriteBuf
                0x00000adc       0xcc .\CortexM3\ARM_GCC_493\Debug\ZumoBot_Lib.a(I2C_MASTER.o)
                0x00000adc                I2C_MasterWriteBuf
 .text.I2C_MasterReadBuf
                0x00000ba8       0xd0 .\CortexM3\ARM_GCC_493\Debug\ZumoBot_Lib.a(I2C_MASTER.o)
                0x00000ba8                I2C_MasterReadBuf
 .text.I2C_MasterStatus
                0x00000c78       0x38 .\CortexM3\ARM_GCC_493\Debug\ZumoBot_Lib.a(I2C_MASTER.o)
                0x00000c78                I2C_MasterStatus
 .text.I2C_MasterClearStatus
                0x00000cb0       0x24 .\CortexM3\ARM_GCC_493\Debug\ZumoBot_Lib.a(I2C_MASTER.o)
                0x00000cb0                I2C_MasterClearStatus
 .text.UART_Init
                0x00000cd4       0x24 .\CortexM3\ARM_GCC_493\Debug\ZumoBot_Lib.a(UART.o)
                0x00000cd4                UART_Init
 .text.UART_Enable
                0x00000cf8       0x38 .\CortexM3\ARM_GCC_493\Debug\ZumoBot_Lib.a(UART.o)
                0x00000cf8                UART_Enable
 .text.UART_Start
                0x00000d30       0x1c .\CortexM3\ARM_GCC_493\Debug\ZumoBot_Lib.a(UART.o)
                0x00000d30                UART_Start
 .text.UART_PutChar
                0x00000d4c       0x18 .\CortexM3\ARM_GCC_493\Debug\ZumoBot_Lib.a(UART.o)
                0x00000d4c                UART_PutChar
 .text.UART_IntClock_Start
                0x00000d64       0x1c .\CortexM3\ARM_GCC_493\Debug\ZumoBot_Lib.a(UART_IntClock.o)
                0x00000d64                UART_IntClock_Start
 .text          0x00000d80       0x20 .\CortexM3\ARM_GCC_493\Debug\ZumoBot_Lib.a(CyBootAsmGnu.o)
                0x00000d80                CyDelayCycles
                0x00000d90                CyEnterCriticalSection
                0x00000d98                CyExitCriticalSection
 .text.CyHalt   0x00000da0        0x4 .\CortexM3\ARM_GCC_493\Debug\ZumoBot_Lib.a(CyLib.o)
                0x00000da0                CyHalt
 .text.CyDelay  0x00000da4       0x2c .\CortexM3\ARM_GCC_493\Debug\ZumoBot_Lib.a(CyLib.o)
                0x00000da4                CyDelay
 .text.CyIntSetVector
                0x00000dd0       0x28 .\CortexM3\ARM_GCC_493\Debug\ZumoBot_Lib.a(CyLib.o)
                0x00000dd0                CyIntSetVector
 .text.CyIntSetPriority
                0x00000df8       0x30 .\CortexM3\ARM_GCC_493\Debug\ZumoBot_Lib.a(CyLib.o)
                0x00000df8                CyIntSetPriority
 .text.pow      0x00000e28      0x2f0 c:/program files (x86)/cypress/psoc creator/3.3/psoc creator/import/gnu/arm/4.9.3/bin/../lib/gcc/arm-none-eabi/4.9.3/../../../../arm-none-eabi/lib/armv7-m\libm.a(lib_a-w_pow.o)
                0x00000e28                pow
 .text.__ieee754_pow
                0x00001118      0xaa0 c:/program files (x86)/cypress/psoc creator/3.3/psoc creator/import/gnu/arm/4.9.3/bin/../lib/gcc/arm-none-eabi/4.9.3/../../../../arm-none-eabi/lib/armv7-m\libm.a(lib_a-e_pow.o)
                0x00001118                __ieee754_pow
 .text.__ieee754_sqrt
                0x00001bb8      0x18c c:/program files (x86)/cypress/psoc creator/3.3/psoc creator/import/gnu/arm/4.9.3/bin/../lib/gcc/arm-none-eabi/4.9.3/../../../../arm-none-eabi/lib/armv7-m\libm.a(lib_a-e_sqrt.o)
                0x00001bb8                __ieee754_sqrt
 .text.fabs     0x00001d44        0x8 c:/program files (x86)/cypress/psoc creator/3.3/psoc creator/import/gnu/arm/4.9.3/bin/../lib/gcc/arm-none-eabi/4.9.3/../../../../arm-none-eabi/lib/armv7-m\libm.a(lib_a-s_fabs.o)
                0x00001d44                fabs
 .text.finite   0x00001d4c        0xc c:/program files (x86)/cypress/psoc creator/3.3/psoc creator/import/gnu/arm/4.9.3/bin/../lib/gcc/arm-none-eabi/4.9.3/../../../../arm-none-eabi/lib/armv7-m\libm.a(lib_a-s_finite.o)
                0x00001d4c                finite
 .text.__fpclassifyd
                0x00001d58       0x58 c:/program files (x86)/cypress/psoc creator/3.3/psoc creator/import/gnu/arm/4.9.3/bin/../lib/gcc/arm-none-eabi/4.9.3/../../../../arm-none-eabi/lib/armv7-m\libm.a(lib_a-s_fpclassify.o)
                0x00001d58                __fpclassifyd
 .text.matherr  0x00001db0        0x4 c:/program files (x86)/cypress/psoc creator/3.3/psoc creator/import/gnu/arm/4.9.3/bin/../lib/gcc/arm-none-eabi/4.9.3/../../../../arm-none-eabi/lib/armv7-m\libm.a(lib_a-s_matherr.o)
                0x00001db0                matherr
 .text.nan      0x00001db4        0xc c:/program files (x86)/cypress/psoc creator/3.3/psoc creator/import/gnu/arm/4.9.3/bin/../lib/gcc/arm-none-eabi/4.9.3/../../../../arm-none-eabi/lib/armv7-m\libm.a(lib_a-s_nan.o)
                0x00001db4                nan
 .text.rint     0x00001dc0      0x11c c:/program files (x86)/cypress/psoc creator/3.3/psoc creator/import/gnu/arm/4.9.3/bin/../lib/gcc/arm-none-eabi/4.9.3/../../../../arm-none-eabi/lib/armv7-m\libm.a(lib_a-s_rint.o)
                0x00001dc0                rint
 *fill*         0x00001edc        0x4 
 .text.scalbn   0x00001ee0       0xf0 c:/program files (x86)/cypress/psoc creator/3.3/psoc creator/import/gnu/arm/4.9.3/bin/../lib/gcc/arm-none-eabi/4.9.3/../../../../arm-none-eabi/lib/armv7-m\libm.a(lib_a-s_scalbn.o)
                0x00001ee0                scalbn
 .text.copysign
                0x00001fd0       0x10 c:/program files (x86)/cypress/psoc creator/3.3/psoc creator/import/gnu/arm/4.9.3/bin/../lib/gcc/arm-none-eabi/4.9.3/../../../../arm-none-eabi/lib/armv7-m\libm.a(lib_a-s_copysign.o)
                0x00001fd0                copysign
 .text          0x00001fe0      0x370 c:/program files (x86)/cypress/psoc creator/3.3/psoc creator/import/gnu/arm/4.9.3/bin/../lib/gcc/arm-none-eabi/4.9.3/armv7-m\libgcc.a(_arm_addsubdf3.o)
                0x00001fe0                __aeabi_drsub
                0x00001fe8                __aeabi_dsub
                0x00001fe8                __subdf3
                0x00001fec                __aeabi_dadd
                0x00001fec                __adddf3
                0x00002264                __floatunsidf
                0x00002264                __aeabi_ui2d
                0x00002284                __floatsidf
                0x00002284                __aeabi_i2d
                0x000022a8                __aeabi_f2d
                0x000022a8                __extendsfdf2
                0x000022e4                __floatundidf
                0x000022e4                __aeabi_ul2d
                0x000022f4                __floatdidf
                0x000022f4                __aeabi_l2d
 .text          0x00002350      0x424 c:/program files (x86)/cypress/psoc creator/3.3/psoc creator/import/gnu/arm/4.9.3/bin/../lib/gcc/arm-none-eabi/4.9.3/armv7-m\libgcc.a(_arm_muldivdf3.o)
                0x00002350                __aeabi_dmul
                0x00002350                __muldf3
                0x000025a4                __divdf3
                0x000025a4                __aeabi_ddiv
 .text          0x00002774      0x110 c:/program files (x86)/cypress/psoc creator/3.3/psoc creator/import/gnu/arm/4.9.3/bin/../lib/gcc/arm-none-eabi/4.9.3/armv7-m\libgcc.a(_arm_cmpdf2.o)
                0x00002774                __gtdf2
                0x00002774                __gedf2
                0x0000277c                __ltdf2
                0x0000277c                __ledf2
                0x00002784                __nedf2
                0x00002784                __eqdf2
                0x00002784                __cmpdf2
                0x00002800                __aeabi_cdrcmple
                0x00002810                __aeabi_cdcmpeq
                0x00002810                __aeabi_cdcmple
                0x00002820                __aeabi_dcmpeq
                0x00002834                __aeabi_dcmplt
                0x00002848                __aeabi_dcmple
                0x0000285c                __aeabi_dcmpge
                0x00002870                __aeabi_dcmpgt
 .text.__errno  0x00002884        0xc c:/program files (x86)/cypress/psoc creator/3.3/psoc creator/import/gnu/arm/4.9.3/bin/../lib/gcc/arm-none-eabi/4.9.3/../../../../arm-none-eabi/lib/armv7-m\libg_nano.a(lib_a-errno.o)
                0x00002884                __errno
 .text.__libc_init_array
                0x00002890       0x4c c:/program files (x86)/cypress/psoc creator/3.3/psoc creator/import/gnu/arm/4.9.3/bin/../lib/gcc/arm-none-eabi/4.9.3/../../../../arm-none-eabi/lib/armv7-m\libg_nano.a(lib_a-init.o)
                0x00002890                __libc_init_array
 .text.memcpy   0x000028dc       0x16 c:/program files (x86)/cypress/psoc creator/3.3/psoc creator/import/gnu/arm/4.9.3/bin/../lib/gcc/arm-none-eabi/4.9.3/../../../../arm-none-eabi/lib/armv7-m\libg_nano.a(lib_a-memcpy.o)
                0x000028dc                memcpy
 .text.memset   0x000028f2       0x10 c:/program files (x86)/cypress/psoc creator/3.3/psoc creator/import/gnu/arm/4.9.3/bin/../lib/gcc/arm-none-eabi/4.9.3/../../../../arm-none-eabi/lib/armv7-m\libg_nano.a(lib_a-memset.o)
                0x000028f2                memset
 .text.__cvt    0x00002902       0xbc c:/program files (x86)/cypress/psoc creator/3.3/psoc creator/import/gnu/arm/4.9.3/bin/../lib/gcc/arm-none-eabi/4.9.3/../../../../arm-none-eabi/lib/armv7-m\libg_nano.a(lib_a-nano-vfprintf_float.o)
                0x00002902                __cvt
 .text.__exponent
                0x000029be       0x62 c:/program files (x86)/cypress/psoc creator/3.3/psoc creator/import/gnu/arm/4.9.3/bin/../lib/gcc/arm-none-eabi/4.9.3/../../../../arm-none-eabi/lib/armv7-m\libg_nano.a(lib_a-nano-vfprintf_float.o)
                0x000029be                __exponent
 .text._printf_float
                0x00002a20      0x48c c:/program files (x86)/cypress/psoc creator/3.3/psoc creator/import/gnu/arm/4.9.3/bin/../lib/gcc/arm-none-eabi/4.9.3/../../../../arm-none-eabi/lib/armv7-m\libg_nano.a(lib_a-nano-vfprintf_float.o)
                0x00002a20                _printf_float
 .text._printf_common
                0x00002eac       0xea c:/program files (x86)/cypress/psoc creator/3.3/psoc creator/import/gnu/arm/4.9.3/bin/../lib/gcc/arm-none-eabi/4.9.3/../../../../arm-none-eabi/lib/armv7-m\libg_nano.a(lib_a-nano-vfprintf_i.o)
                0x00002eac                _printf_common
 *fill*         0x00002f96        0x2 
 .text._printf_i
                0x00002f98      0x240 c:/program files (x86)/cypress/psoc creator/3.3/psoc creator/import/gnu/arm/4.9.3/bin/../lib/gcc/arm-none-eabi/4.9.3/../../../../arm-none-eabi/lib/armv7-m\libg_nano.a(lib_a-nano-vfprintf_i.o)
                0x00002f98                _printf_i
 .text.printf   0x000031d8       0x30 c:/program files (x86)/cypress/psoc creator/3.3/psoc creator/import/gnu/arm/4.9.3/bin/../lib/gcc/arm-none-eabi/4.9.3/../../../../arm-none-eabi/lib/armv7-m\libg_nano.a(lib_a-printf.o)
                0x000031d8                iprintf
                0x000031d8                printf
 .text._puts_r  0x00003208       0xbc c:/program files (x86)/cypress/psoc creator/3.3/psoc creator/import/gnu/arm/4.9.3/bin/../lib/gcc/arm-none-eabi/4.9.3/../../../../arm-none-eabi/lib/armv7-m\libg_nano.a(lib_a-puts.o)
                0x00003208                _puts_r
 .text.puts     0x000032c4       0x10 c:/program files (x86)/cypress/psoc creator/3.3/psoc creator/import/gnu/arm/4.9.3/bin/../lib/gcc/arm-none-eabi/4.9.3/../../../../arm-none-eabi/lib/armv7-m\libg_nano.a(lib_a-puts.o)
                0x000032c4                puts
 .text.strlen   0x000032d4       0x10 c:/program files (x86)/cypress/psoc creator/3.3/psoc creator/import/gnu/arm/4.9.3/bin/../lib/gcc/arm-none-eabi/4.9.3/../../../../arm-none-eabi/lib/armv7-m\libg_nano.a(lib_a-strlen.o)
                0x000032d4                strlen
 .text.__swbuf_r
                0x000032e4       0xa8 c:/program files (x86)/cypress/psoc creator/3.3/psoc creator/import/gnu/arm/4.9.3/bin/../lib/gcc/arm-none-eabi/4.9.3/../../../../arm-none-eabi/lib/armv7-m\libg_nano.a(lib_a-wbuf.o)
                0x000032e4                __swbuf_r
 .text.__swsetup_r
                0x0000338c       0xd8 c:/program files (x86)/cypress/psoc creator/3.3/psoc creator/import/gnu/arm/4.9.3/bin/../lib/gcc/arm-none-eabi/4.9.3/../../../../arm-none-eabi/lib/armv7-m\libg_nano.a(lib_a-wsetup.o)
                0x0000338c                __swsetup_r
 .text.quorem   0x00003464      0x114 c:/program files (x86)/cypress/psoc creator/3.3/psoc creator/import/gnu/arm/4.9.3/bin/../lib/gcc/arm-none-eabi/4.9.3/../../../../arm-none-eabi/lib/armv7-m\libg_nano.a(lib_a-dtoa.o)
 .text._dtoa_r  0x00003578      0xb78 c:/program files (x86)/cypress/psoc creator/3.3/psoc creator/import/gnu/arm/4.9.3/bin/../lib/gcc/arm-none-eabi/4.9.3/../../../../arm-none-eabi/lib/armv7-m\libg_nano.a(lib_a-dtoa.o)
                0x00003578                _dtoa_r
 .text.__sflush_r
                0x000040f0      0x106 c:/program files (x86)/cypress/psoc creator/3.3/psoc creator/import/gnu/arm/4.9.3/bin/../lib/gcc/arm-none-eabi/4.9.3/../../../../arm-none-eabi/lib/armv7-m\libg_nano.a(lib_a-fflush.o)
                0x000040f0                __sflush_r
 *fill*         0x000041f6        0x2 
 .text._fflush_r
                0x000041f8       0x54 c:/program files (x86)/cypress/psoc creator/3.3/psoc creator/import/gnu/arm/4.9.3/bin/../lib/gcc/arm-none-eabi/4.9.3/../../../../arm-none-eabi/lib/armv7-m\libg_nano.a(lib_a-fflush.o)
                0x000041f8                _fflush_r
 .text._cleanup_r
                0x0000424c        0xc c:/program files (x86)/cypress/psoc creator/3.3/psoc creator/import/gnu/arm/4.9.3/bin/../lib/gcc/arm-none-eabi/4.9.3/../../../../arm-none-eabi/lib/armv7-m\libg_nano.a(lib_a-findfp.o)
                0x0000424c                _cleanup_r
 .text.std.isra.0
                0x00004258       0x48 c:/program files (x86)/cypress/psoc creator/3.3/psoc creator/import/gnu/arm/4.9.3/bin/../lib/gcc/arm-none-eabi/4.9.3/../../../../arm-none-eabi/lib/armv7-m\libg_nano.a(lib_a-findfp.o)
 .text.__sfmoreglue
                0x000042a0       0x2c c:/program files (x86)/cypress/psoc creator/3.3/psoc creator/import/gnu/arm/4.9.3/bin/../lib/gcc/arm-none-eabi/4.9.3/../../../../arm-none-eabi/lib/armv7-m\libg_nano.a(lib_a-findfp.o)
                0x000042a0                __sfmoreglue
 .text.__sinit  0x000042cc       0x60 c:/program files (x86)/cypress/psoc creator/3.3/psoc creator/import/gnu/arm/4.9.3/bin/../lib/gcc/arm-none-eabi/4.9.3/../../../../arm-none-eabi/lib/armv7-m\libg_nano.a(lib_a-findfp.o)
                0x000042cc                __sinit
 .text.__sfp    0x0000432c       0x74 c:/program files (x86)/cypress/psoc creator/3.3/psoc creator/import/gnu/arm/4.9.3/bin/../lib/gcc/arm-none-eabi/4.9.3/../../../../arm-none-eabi/lib/armv7-m\libg_nano.a(lib_a-findfp.o)
                0x0000432c                __sfp
 .text._fwalk_reent
                0x000043a0       0x3c c:/program files (x86)/cypress/psoc creator/3.3/psoc creator/import/gnu/arm/4.9.3/bin/../lib/gcc/arm-none-eabi/4.9.3/../../../../arm-none-eabi/lib/armv7-m\libg_nano.a(lib_a-fwalk.o)
                0x000043a0                _fwalk_reent
 .text._localeconv_r
                0x000043dc        0x8 c:/program files (x86)/cypress/psoc creator/3.3/psoc creator/import/gnu/arm/4.9.3/bin/../lib/gcc/arm-none-eabi/4.9.3/../../../../arm-none-eabi/lib/armv7-m\libg_nano.a(lib_a-locale.o)
                0x000043dc                _localeconv_r
 .text.__smakebuf_r
                0x000043e4       0x98 c:/program files (x86)/cypress/psoc creator/3.3/psoc creator/import/gnu/arm/4.9.3/bin/../lib/gcc/arm-none-eabi/4.9.3/../../../../arm-none-eabi/lib/armv7-m\libg_nano.a(lib_a-makebuf.o)
                0x000043e4                __smakebuf_r
 .text.malloc   0x0000447c       0x10 c:/program files (x86)/cypress/psoc creator/3.3/psoc creator/import/gnu/arm/4.9.3/bin/../lib/gcc/arm-none-eabi/4.9.3/../../../../arm-none-eabi/lib/armv7-m\libg_nano.a(lib_a-malloc.o)
                0x0000447c                malloc
 .text.memchr   0x0000448c       0x1c c:/program files (x86)/cypress/psoc creator/3.3/psoc creator/import/gnu/arm/4.9.3/bin/../lib/gcc/arm-none-eabi/4.9.3/../../../../arm-none-eabi/lib/armv7-m\libg_nano.a(lib_a-memchr.o)
                0x0000448c                memchr
 .text._Balloc  0x000044a8       0x6a c:/program files (x86)/cypress/psoc creator/3.3/psoc creator/import/gnu/arm/4.9.3/bin/../lib/gcc/arm-none-eabi/4.9.3/../../../../arm-none-eabi/lib/armv7-m\libg_nano.a(lib_a-mprec.o)
                0x000044a8                _Balloc
 .text._Bfree   0x00004512       0x2e c:/program files (x86)/cypress/psoc creator/3.3/psoc creator/import/gnu/arm/4.9.3/bin/../lib/gcc/arm-none-eabi/4.9.3/../../../../arm-none-eabi/lib/armv7-m\libg_nano.a(lib_a-mprec.o)
                0x00004512                _Bfree
 .text.__multadd
                0x00004540       0x7c c:/program files (x86)/cypress/psoc creator/3.3/psoc creator/import/gnu/arm/4.9.3/bin/../lib/gcc/arm-none-eabi/4.9.3/../../../../arm-none-eabi/lib/armv7-m\libg_nano.a(lib_a-mprec.o)
                0x00004540                __multadd
 .text.__hi0bits
                0x000045bc       0x40 c:/program files (x86)/cypress/psoc creator/3.3/psoc creator/import/gnu/arm/4.9.3/bin/../lib/gcc/arm-none-eabi/4.9.3/../../../../arm-none-eabi/lib/armv7-m\libg_nano.a(lib_a-mprec.o)
                0x000045bc                __hi0bits
 .text.__lo0bits
                0x000045fc       0x5a c:/program files (x86)/cypress/psoc creator/3.3/psoc creator/import/gnu/arm/4.9.3/bin/../lib/gcc/arm-none-eabi/4.9.3/../../../../arm-none-eabi/lib/armv7-m\libg_nano.a(lib_a-mprec.o)
                0x000045fc                __lo0bits
 .text.__i2b    0x00004656       0x12 c:/program files (x86)/cypress/psoc creator/3.3/psoc creator/import/gnu/arm/4.9.3/bin/../lib/gcc/arm-none-eabi/4.9.3/../../../../arm-none-eabi/lib/armv7-m\libg_nano.a(lib_a-mprec.o)
                0x00004656                __i2b
 .text.__multiply
                0x00004668      0x120 c:/program files (x86)/cypress/psoc creator/3.3/psoc creator/import/gnu/arm/4.9.3/bin/../lib/gcc/arm-none-eabi/4.9.3/../../../../arm-none-eabi/lib/armv7-m\libg_nano.a(lib_a-mprec.o)
                0x00004668                __multiply
 .text.__pow5mult
                0x00004788       0x9c c:/program files (x86)/cypress/psoc creator/3.3/psoc creator/import/gnu/arm/4.9.3/bin/../lib/gcc/arm-none-eabi/4.9.3/../../../../arm-none-eabi/lib/armv7-m\libg_nano.a(lib_a-mprec.o)
                0x00004788                __pow5mult
 .text.__lshift
                0x00004824       0xa6 c:/program files (x86)/cypress/psoc creator/3.3/psoc creator/import/gnu/arm/4.9.3/bin/../lib/gcc/arm-none-eabi/4.9.3/../../../../arm-none-eabi/lib/armv7-m\libg_nano.a(lib_a-mprec.o)
                0x00004824                __lshift
 .text.__mcmp   0x000048ca       0x38 c:/program files (x86)/cypress/psoc creator/3.3/psoc creator/import/gnu/arm/4.9.3/bin/../lib/gcc/arm-none-eabi/4.9.3/../../../../arm-none-eabi/lib/armv7-m\libg_nano.a(lib_a-mprec.o)
                0x000048ca                __mcmp
 .text.__mdiff  0x00004902       0xbe c:/program files (x86)/cypress/psoc creator/3.3/psoc creator/import/gnu/arm/4.9.3/bin/../lib/gcc/arm-none-eabi/4.9.3/../../../../arm-none-eabi/lib/armv7-m\libg_nano.a(lib_a-mprec.o)
                0x00004902                __mdiff
 .text.__d2b    0x000049c0       0xa4 c:/program files (x86)/cypress/psoc creator/3.3/psoc creator/import/gnu/arm/4.9.3/bin/../lib/gcc/arm-none-eabi/4.9.3/../../../../arm-none-eabi/lib/armv7-m\libg_nano.a(lib_a-mprec.o)
                0x000049c0                __d2b
 .text._calloc_r
                0x00004a64       0x1c c:/program files (x86)/cypress/psoc creator/3.3/psoc creator/import/gnu/arm/4.9.3/bin/../lib/gcc/arm-none-eabi/4.9.3/../../../../arm-none-eabi/lib/armv7-m\libg_nano.a(lib_a-nano-callocr.o)
                0x00004a64                _calloc_r
 .text._free_r  0x00004a80       0x88 c:/program files (x86)/cypress/psoc creator/3.3/psoc creator/import/gnu/arm/4.9.3/bin/../lib/gcc/arm-none-eabi/4.9.3/../../../../arm-none-eabi/lib/armv7-m\libg_nano.a(lib_a-nano-freer.o)
                0x00004a80                _free_r
 .text._malloc_r
                0x00004b08       0xac c:/program files (x86)/cypress/psoc creator/3.3/psoc creator/import/gnu/arm/4.9.3/bin/../lib/gcc/arm-none-eabi/4.9.3/../../../../arm-none-eabi/lib/armv7-m\libg_nano.a(lib_a-nano-mallocr.o)
                0x00004b08                _malloc_r
 .text.__sfputc_r
                0x00004bb4       0x2c c:/program files (x86)/cypress/psoc creator/3.3/psoc creator/import/gnu/arm/4.9.3/bin/../lib/gcc/arm-none-eabi/4.9.3/../../../../arm-none-eabi/lib/armv7-m\libg_nano.a(lib_a-nano-vfprintf.o)
 .text.__sfputs_r
                0x00004be0       0x24 c:/program files (x86)/cypress/psoc creator/3.3/psoc creator/import/gnu/arm/4.9.3/bin/../lib/gcc/arm-none-eabi/4.9.3/../../../../arm-none-eabi/lib/armv7-m\libg_nano.a(lib_a-nano-vfprintf.o)
                0x00004be0                __sfputs_r
 .text._vfprintf_r
                0x00004c04      0x210 c:/program files (x86)/cypress/psoc creator/3.3/psoc creator/import/gnu/arm/4.9.3/bin/../lib/gcc/arm-none-eabi/4.9.3/../../../../arm-none-eabi/lib/armv7-m\libg_nano.a(lib_a-nano-vfprintf.o)
                0x00004c04                _vfprintf_r
                0x00004c04                _vfiprintf_r
 .text._sbrk_r  0x00004e14       0x20 c:/program files (x86)/cypress/psoc creator/3.3/psoc creator/import/gnu/arm/4.9.3/bin/../lib/gcc/arm-none-eabi/4.9.3/../../../../arm-none-eabi/lib/armv7-m\libg_nano.a(lib_a-sbrkr.o)
                0x00004e14                _sbrk_r
 .text.__sread  0x00004e34       0x22 c:/program files (x86)/cypress/psoc creator/3.3/psoc creator/import/gnu/arm/4.9.3/bin/../lib/gcc/arm-none-eabi/4.9.3/../../../../arm-none-eabi/lib/armv7-m\libg_nano.a(lib_a-stdio.o)
                0x00004e34                __sread
 .text.__swrite
                0x00004e56       0x38 c:/program files (x86)/cypress/psoc creator/3.3/psoc creator/import/gnu/arm/4.9.3/bin/../lib/gcc/arm-none-eabi/4.9.3/../../../../arm-none-eabi/lib/armv7-m\libg_nano.a(lib_a-stdio.o)
                0x00004e56                __swrite
 .text.__sseek  0x00004e8e       0x24 c:/program files (x86)/cypress/psoc creator/3.3/psoc creator/import/gnu/arm/4.9.3/bin/../lib/gcc/arm-none-eabi/4.9.3/../../../../arm-none-eabi/lib/armv7-m\libg_nano.a(lib_a-stdio.o)
                0x00004e8e                __sseek
 .text.__sclose
                0x00004eb2        0x8 c:/program files (x86)/cypress/psoc creator/3.3/psoc creator/import/gnu/arm/4.9.3/bin/../lib/gcc/arm-none-eabi/4.9.3/../../../../arm-none-eabi/lib/armv7-m\libg_nano.a(lib_a-stdio.o)
                0x00004eb2                __sclose
 *fill*         0x00004eba        0x2 
 .text._write_r
                0x00004ebc       0x24 c:/program files (x86)/cypress/psoc creator/3.3/psoc creator/import/gnu/arm/4.9.3/bin/../lib/gcc/arm-none-eabi/4.9.3/../../../../arm-none-eabi/lib/armv7-m\libg_nano.a(lib_a-writer.o)
                0x00004ebc                _write_r
 .text._close_r
                0x00004ee0       0x20 c:/program files (x86)/cypress/psoc creator/3.3/psoc creator/import/gnu/arm/4.9.3/bin/../lib/gcc/arm-none-eabi/4.9.3/../../../../arm-none-eabi/lib/armv7-m\libg_nano.a(lib_a-closer.o)
                0x00004ee0                _close_r
 .text._fstat_r
                0x00004f00       0x24 c:/program files (x86)/cypress/psoc creator/3.3/psoc creator/import/gnu/arm/4.9.3/bin/../lib/gcc/arm-none-eabi/4.9.3/../../../../arm-none-eabi/lib/armv7-m\libg_nano.a(lib_a-fstatr.o)
                0x00004f00                _fstat_r
 .text._isatty_r
                0x00004f24       0x20 c:/program files (x86)/cypress/psoc creator/3.3/psoc creator/import/gnu/arm/4.9.3/bin/../lib/gcc/arm-none-eabi/4.9.3/../../../../arm-none-eabi/lib/armv7-m\libg_nano.a(lib_a-isattyr.o)
                0x00004f24                _isatty_r
 .text._lseek_r
                0x00004f44       0x24 c:/program files (x86)/cypress/psoc creator/3.3/psoc creator/import/gnu/arm/4.9.3/bin/../lib/gcc/arm-none-eabi/4.9.3/../../../../arm-none-eabi/lib/armv7-m\libg_nano.a(lib_a-lseekr.o)
                0x00004f44                _lseek_r
 .text._read_r  0x00004f68       0x24 c:/program files (x86)/cypress/psoc creator/3.3/psoc creator/import/gnu/arm/4.9.3/bin/../lib/gcc/arm-none-eabi/4.9.3/../../../../arm-none-eabi/lib/armv7-m\libg_nano.a(lib_a-readr.o)
                0x00004f68                _read_r
 .text          0x00004f8c       0x50 c:/program files (x86)/cypress/psoc creator/3.3/psoc creator/import/gnu/arm/4.9.3/bin/../lib/gcc/arm-none-eabi/4.9.3/armv7-m\libgcc.a(_arm_fixdfsi.o)
                0x00004f8c                __aeabi_d2iz
                0x00004f8c                __fixdfsi
 .text._close   0x00004fdc       0x10 c:/program files (x86)/cypress/psoc creator/3.3/psoc creator/import/gnu/arm/4.9.3/bin/../lib/gcc/arm-none-eabi/4.9.3/../../../../arm-none-eabi/lib/armv7-m\libnosys.a(close.o)
                0x00004fdc                _close
 .text._fstat   0x00004fec       0x10 c:/program files (x86)/cypress/psoc creator/3.3/psoc creator/import/gnu/arm/4.9.3/bin/../lib/gcc/arm-none-eabi/4.9.3/../../../../arm-none-eabi/lib/armv7-m\libnosys.a(fstat.o)
                0x00004fec                _fstat
 .text._isatty  0x00004ffc       0x10 c:/program files (x86)/cypress/psoc creator/3.3/psoc creator/import/gnu/arm/4.9.3/bin/../lib/gcc/arm-none-eabi/4.9.3/../../../../arm-none-eabi/lib/armv7-m\libnosys.a(isatty.o)
                0x00004ffc                _isatty
 .text._lseek   0x0000500c       0x10 c:/program files (x86)/cypress/psoc creator/3.3/psoc creator/import/gnu/arm/4.9.3/bin/../lib/gcc/arm-none-eabi/4.9.3/../../../../arm-none-eabi/lib/armv7-m\libnosys.a(lseek.o)
                0x0000500c                _lseek
 .text._read    0x0000501c       0x10 c:/program files (x86)/cypress/psoc creator/3.3/psoc creator/import/gnu/arm/4.9.3/bin/../lib/gcc/arm-none-eabi/4.9.3/../../../../arm-none-eabi/lib/armv7-m\libnosys.a(read.o)
                0x0000501c                _read
 *(.plt)
 *(.gnu.warning)
 *(.glue_7t)
 .glue_7t       0x00000000        0x0 linker stubs
 *(.glue_7)
 .glue_7        0x00000000        0x0 linker stubs
 *(.vfp11_veneer)
 .vfp11_veneer  0x00000000        0x0 linker stubs
 *(.bootloader)
 *(.ARM.extab* .gnu.linkonce.armextab.*)
 *(.gcc_except_table)

.v4_bx          0x0000502c        0x0
 .v4_bx         0x00000000        0x0 linker stubs

.iplt           0x0000502c        0x0
 .iplt          0x00000000        0x0 c:/program files (x86)/cypress/psoc creator/3.3/psoc creator/import/gnu/arm/4.9.3/bin/../lib/gcc/arm-none-eabi/4.9.3/armv7-m/crtbegin.o

.eh_frame_hdr
 *(.eh_frame_hdr)

.eh_frame       0x0000502c        0x4
 *(.eh_frame)
 .eh_frame      0x0000502c        0x0 c:/program files (x86)/cypress/psoc creator/3.3/psoc creator/import/gnu/arm/4.9.3/bin/../lib/gcc/arm-none-eabi/4.9.3/armv7-m/crtbegin.o
 .eh_frame      0x0000502c        0x0 c:/program files (x86)/cypress/psoc creator/3.3/psoc creator/import/gnu/arm/4.9.3/bin/../lib/gcc/arm-none-eabi/4.9.3/../../../../arm-none-eabi/lib/armv7-m\libg_nano.a(lib_a-strcmp.o)
                                 0x28 (size before relaxing)
 .eh_frame      0x0000502c        0x4 c:/program files (x86)/cypress/psoc creator/3.3/psoc creator/import/gnu/arm/4.9.3/bin/../lib/gcc/arm-none-eabi/4.9.3/armv7-m/crtend.o
                0x00005030                PROVIDE (__exidx_start, .)

.ARM.exidx
 *(.ARM.exidx* .gnu.linkonce.armexidx.*)
                0x00005030                __exidx_end = .

.rodata         0x00005030      0x2a0
 *(.rodata .rodata.* .gnu.linkonce.r.*)
 .rodata.str1.4
                0x00005030       0x1a .\CortexM3\ARM_GCC_493\Debug\main.o
                                 0x1c (size before relaxing)
 *fill*         0x0000504a        0x2 
 .rodata        0x0000504c       0x3c .\CortexM3\ARM_GCC_493\Debug\ZumoBot_Lib.a(cyfitter_cfg.o)
 .rodata.str1.4
                0x00005088        0x4 c:/program files (x86)/cypress/psoc creator/3.3/psoc creator/import/gnu/arm/4.9.3/bin/../lib/gcc/arm-none-eabi/4.9.3/../../../../arm-none-eabi/lib/armv7-m\libm.a(lib_a-w_pow.o)
 *fill*         0x0000508c        0x4 
 .rodata.dp_h   0x00005090       0x10 c:/program files (x86)/cypress/psoc creator/3.3/psoc creator/import/gnu/arm/4.9.3/bin/../lib/gcc/arm-none-eabi/4.9.3/../../../../arm-none-eabi/lib/armv7-m\libm.a(lib_a-e_pow.o)
 .rodata.dp_l   0x000050a0       0x10 c:/program files (x86)/cypress/psoc creator/3.3/psoc creator/import/gnu/arm/4.9.3/bin/../lib/gcc/arm-none-eabi/4.9.3/../../../../arm-none-eabi/lib/armv7-m\libm.a(lib_a-e_pow.o)
 .rodata.bp     0x000050b0       0x10 c:/program files (x86)/cypress/psoc creator/3.3/psoc creator/import/gnu/arm/4.9.3/bin/../lib/gcc/arm-none-eabi/4.9.3/../../../../arm-none-eabi/lib/armv7-m\libm.a(lib_a-e_pow.o)
 .rodata.str1.4
                0x00000000        0x4 c:/program files (x86)/cypress/psoc creator/3.3/psoc creator/import/gnu/arm/4.9.3/bin/../lib/gcc/arm-none-eabi/4.9.3/../../../../arm-none-eabi/lib/armv7-m\libm.a(lib_a-e_pow.o)
 .rodata.TWO52  0x000050c0       0x10 c:/program files (x86)/cypress/psoc creator/3.3/psoc creator/import/gnu/arm/4.9.3/bin/../lib/gcc/arm-none-eabi/4.9.3/../../../../arm-none-eabi/lib/armv7-m\libm.a(lib_a-s_rint.o)
 .rodata.str1.1
                0x000050d0        0x2 c:/program files (x86)/cypress/psoc creator/3.3/psoc creator/import/gnu/arm/4.9.3/bin/../lib/gcc/arm-none-eabi/4.9.3/../../../../arm-none-eabi/lib/armv7-m\libg_nano.a(lib_a-impure.o)
 *fill*         0x000050d2        0x2 
 .rodata._global_impure_ptr
                0x000050d4        0x4 c:/program files (x86)/cypress/psoc creator/3.3/psoc creator/import/gnu/arm/4.9.3/bin/../lib/gcc/arm-none-eabi/4.9.3/../../../../arm-none-eabi/lib/armv7-m\libg_nano.a(lib_a-impure.o)
                0x000050d4                _global_impure_ptr
 .rodata.str1.1
                0x000050d8       0x12 c:/program files (x86)/cypress/psoc creator/3.3/psoc creator/import/gnu/arm/4.9.3/bin/../lib/gcc/arm-none-eabi/4.9.3/../../../../arm-none-eabi/lib/armv7-m\libg_nano.a(lib_a-nano-vfprintf_float.o)
 .rodata.str1.1
                0x000050ea       0x22 c:/program files (x86)/cypress/psoc creator/3.3/psoc creator/import/gnu/arm/4.9.3/bin/../lib/gcc/arm-none-eabi/4.9.3/../../../../arm-none-eabi/lib/armv7-m\libg_nano.a(lib_a-nano-vfprintf_i.o)
 .rodata.str1.1
                0x0000510c        0xd c:/program files (x86)/cypress/psoc creator/3.3/psoc creator/import/gnu/arm/4.9.3/bin/../lib/gcc/arm-none-eabi/4.9.3/../../../../arm-none-eabi/lib/armv7-m\libg_nano.a(lib_a-dtoa.o)
                                  0xf (size before relaxing)
 *fill*         0x00005119        0x3 
 .rodata.__sf_fake_stdin
                0x0000511c       0x20 c:/program files (x86)/cypress/psoc creator/3.3/psoc creator/import/gnu/arm/4.9.3/bin/../lib/gcc/arm-none-eabi/4.9.3/../../../../arm-none-eabi/lib/armv7-m\libg_nano.a(lib_a-findfp.o)
                0x0000511c                __sf_fake_stdin
 .rodata.__sf_fake_stdout
                0x0000513c       0x20 c:/program files (x86)/cypress/psoc creator/3.3/psoc creator/import/gnu/arm/4.9.3/bin/../lib/gcc/arm-none-eabi/4.9.3/../../../../arm-none-eabi/lib/armv7-m\libg_nano.a(lib_a-findfp.o)
                0x0000513c                __sf_fake_stdout
 .rodata.__sf_fake_stderr
                0x0000515c       0x20 c:/program files (x86)/cypress/psoc creator/3.3/psoc creator/import/gnu/arm/4.9.3/bin/../lib/gcc/arm-none-eabi/4.9.3/../../../../arm-none-eabi/lib/armv7-m\libg_nano.a(lib_a-findfp.o)
                0x0000515c                __sf_fake_stderr
 .rodata.str1.1
                0x0000517c        0x8 c:/program files (x86)/cypress/psoc creator/3.3/psoc creator/import/gnu/arm/4.9.3/bin/../lib/gcc/arm-none-eabi/4.9.3/../../../../arm-none-eabi/lib/armv7-m\libg_nano.a(lib_a-locale.o)
                                  0xb (size before relaxing)
 *fill*         0x00005184        0x4 
 .rodata.__mprec_tens
                0x00005188       0xc8 c:/program files (x86)/cypress/psoc creator/3.3/psoc creator/import/gnu/arm/4.9.3/bin/../lib/gcc/arm-none-eabi/4.9.3/../../../../arm-none-eabi/lib/armv7-m\libg_nano.a(lib_a-mprec.o)
                0x00005188                __mprec_tens
 .rodata.__mprec_bigtens
                0x00005250       0x28 c:/program files (x86)/cypress/psoc creator/3.3/psoc creator/import/gnu/arm/4.9.3/bin/../lib/gcc/arm-none-eabi/4.9.3/../../../../arm-none-eabi/lib/armv7-m\libg_nano.a(lib_a-mprec.o)
                0x00005250                __mprec_bigtens
 .rodata.p05.5308
                0x00005278        0xc c:/program files (x86)/cypress/psoc creator/3.3/psoc creator/import/gnu/arm/4.9.3/bin/../lib/gcc/arm-none-eabi/4.9.3/../../../../arm-none-eabi/lib/armv7-m\libg_nano.a(lib_a-mprec.o)
 .rodata.str1.1
                0x00005284       0x11 c:/program files (x86)/cypress/psoc creator/3.3/psoc creator/import/gnu/arm/4.9.3/bin/../lib/gcc/arm-none-eabi/4.9.3/../../../../arm-none-eabi/lib/armv7-m\libg_nano.a(lib_a-nano-vfprintf.o)
                0x00005298                . = ALIGN (0x4)
 *fill*         0x00005295        0x3 
 *(.init)
 .init          0x00005298        0x4 c:/program files (x86)/cypress/psoc creator/3.3/psoc creator/import/gnu/arm/4.9.3/bin/../lib/gcc/arm-none-eabi/4.9.3/armv7-m/crti.o
                0x00005298                _init
 .init          0x0000529c        0x8 c:/program files (x86)/cypress/psoc creator/3.3/psoc creator/import/gnu/arm/4.9.3/bin/../lib/gcc/arm-none-eabi/4.9.3/armv7-m/crtn.o
                0x000052a4                . = ALIGN (0x4)
                0x000052a4                __preinit_array_start = .
 *(.preinit_array)
                0x000052a4                __preinit_array_end = .
                0x000052a4                . = ALIGN (0x4)
                0x000052a4                __init_array_start = .
 *(SORT(.init_array.*))
 *(.init_array)
 .init_array    0x000052a4        0x4 c:/program files (x86)/cypress/psoc creator/3.3/psoc creator/import/gnu/arm/4.9.3/bin/../lib/gcc/arm-none-eabi/4.9.3/armv7-m/crtbegin.o
 .init_array    0x000052a8        0x4 .\CortexM3\ARM_GCC_493\Debug\Cm3Start.o
                0x000052ac                __init_array_end = .
                0x000052ac                . = ALIGN (0x4)
 *(.fini)
 .fini          0x000052ac        0x4 c:/program files (x86)/cypress/psoc creator/3.3/psoc creator/import/gnu/arm/4.9.3/bin/../lib/gcc/arm-none-eabi/4.9.3/armv7-m/crti.o
                0x000052ac                _fini
 .fini          0x000052b0        0x8 c:/program files (x86)/cypress/psoc creator/3.3/psoc creator/import/gnu/arm/4.9.3/bin/../lib/gcc/arm-none-eabi/4.9.3/armv7-m/crtn.o
                0x000052b8                . = ALIGN (0x4)
                0x000052b8                __fini_array_start = .
 *(.fini_array)
 .fini_array    0x000052b8        0x4 c:/program files (x86)/cypress/psoc creator/3.3/psoc creator/import/gnu/arm/4.9.3/bin/../lib/gcc/arm-none-eabi/4.9.3/armv7-m/crtbegin.o
 *(SORT(.fini_array.*))
                0x000052bc                __fini_array_end = .
                0x000052bc                . = ALIGN (0x4)
 *crtbegin.o(.ctors)
 *(EXCLUDE_FILE(*crtend.o) .ctors)
 *(SORT(.ctors.*))
 *crtend.o(.ctors)
                0x000052bc                . = ALIGN (0x4)
 *crtbegin.o(.dtors)
 *(EXCLUDE_FILE(*crtend.o) .dtors)
 *(SORT(.dtors.*))
 *crtend.o(.dtors)
                0x000052bc                . = ALIGN (0x4)
                0x000052bc                __cy_regions = .
                0x000052bc        0x4 LONG 0x52d0 __cy_region_init_ram
                0x000052c0        0x4 LONG 0x1fff8108 __cy_region_start_data
                0x000052c4        0x4 LONG 0xb8 __cy_region_init_size_ram
                0x000052c8        0x4 LONG 0x40 __cy_region_zero_size_ram
                0x000052cc                __cy_regions_end = .
                0x000052d0                . = ALIGN (0x8)
 *fill*         0x000052cc        0x4 
                0x000052d0                _etext = .

.cy_checksum_exclude
                0x000052d0        0x0
 *(.cy_checksum_exclude)

.ramvectors     0x1fff8000      0x100
                0x1fff8000                __cy_region_start_ram = .
 *(.ramvectors)
 .ramvectors    0x1fff8000      0x100 .\CortexM3\ARM_GCC_493\Debug\Cm3Start.o
                0x1fff8000                CyRamVectors

.noinit         0x1fff8100        0x5
 *(.noinit)
 .noinit        0x1fff8100        0x4 .\CortexM3\ARM_GCC_493\Debug\Cm3Start.o
 .noinit        0x1fff8104        0x1 .\CortexM3\ARM_GCC_493\Debug\ZumoBot_Lib.a(CyLib.o)
                0x1fff8104                CyResetStatus

.data           0x1fff8108       0xb8 load address 0x000052d0
                0x1fff8108                __cy_region_start_data = .
 *(.jcr)
 .jcr           0x1fff8108        0x0 c:/program files (x86)/cypress/psoc creator/3.3/psoc creator/import/gnu/arm/4.9.3/bin/../lib/gcc/arm-none-eabi/4.9.3/armv7-m/crtbegin.o
 .jcr           0x1fff8108        0x4 c:/program files (x86)/cypress/psoc creator/3.3/psoc creator/import/gnu/arm/4.9.3/bin/../lib/gcc/arm-none-eabi/4.9.3/armv7-m/crtend.o
 *(.got.plt)
 *(.got)
 *(.shdata)
 *(.data .data.* .gnu.linkonce.d.*)
 .data          0x1fff810c        0x4 .\CortexM3\ARM_GCC_493\Debug\Cm3Start.o
 .data          0x1fff8110       0x10 .\CortexM3\ARM_GCC_493\Debug\ZumoBot_Lib.a(CyLib.o)
                0x1fff8110                cydelay_32k_ms
                0x1fff8114                cydelay_freq_khz
                0x1fff8118                cydelay_freq_mhz
                0x1fff811c                cydelay_freq_hz
 .data.__fdlib_version
                0x1fff8120        0x1 c:/program files (x86)/cypress/psoc creator/3.3/psoc creator/import/gnu/arm/4.9.3/bin/../lib/gcc/arm-none-eabi/4.9.3/../../../../arm-none-eabi/lib/armv7-m\libm.a(lib_a-s_lib_ver.o)
                0x1fff8120                __fdlib_version
 *fill*         0x1fff8121        0x3 
 .data.impure_data
                0x1fff8124       0x60 c:/program files (x86)/cypress/psoc creator/3.3/psoc creator/import/gnu/arm/4.9.3/bin/../lib/gcc/arm-none-eabi/4.9.3/../../../../arm-none-eabi/lib/armv7-m\libg_nano.a(lib_a-impure.o)
 .data._impure_ptr
                0x1fff8184        0x4 c:/program files (x86)/cypress/psoc creator/3.3/psoc creator/import/gnu/arm/4.9.3/bin/../lib/gcc/arm-none-eabi/4.9.3/../../../../arm-none-eabi/lib/armv7-m\libg_nano.a(lib_a-impure.o)
                0x1fff8184                _impure_ptr
 .data.lconv    0x1fff8188       0x38 c:/program files (x86)/cypress/psoc creator/3.3/psoc creator/import/gnu/arm/4.9.3/bin/../lib/gcc/arm-none-eabi/4.9.3/../../../../arm-none-eabi/lib/armv7-m\libg_nano.a(lib_a-locale.o)
                0x1fff81c0                . = ALIGN (0x8)
 *(.ram)
                0x1fff81c0                _edata = .

.igot.plt       0x1fff81c0        0x0 load address 0x00005388
 .igot.plt      0x00000000        0x0 c:/program files (x86)/cypress/psoc creator/3.3/psoc creator/import/gnu/arm/4.9.3/bin/../lib/gcc/arm-none-eabi/4.9.3/armv7-m/crtbegin.o

.bss            0x1fff81c0       0x40 load address 0x00005388
                0x1fff81c0                PROVIDE (__bss_start__, .)
 *(.shbss)
 *(.bss .bss.* .gnu.linkonce.b.*)
 .bss           0x1fff81c0       0x1c c:/program files (x86)/cypress/psoc creator/3.3/psoc creator/import/gnu/arm/4.9.3/bin/../lib/gcc/arm-none-eabi/4.9.3/armv7-m/crtbegin.o
 .bss           0x1fff81dc        0x1 .\CortexM3\ARM_GCC_493\Debug\ZumoBot_Lib.a(I2C.o)
                0x1fff81dc                I2C_initVar
 .bss           0x1fff81dd        0x2 .\CortexM3\ARM_GCC_493\Debug\ZumoBot_Lib.a(UART.o)
                0x1fff81dd                UART_initVar
 *fill*         0x1fff81df        0x1 
 .bss.__malloc_sbrk_start
                0x1fff81e0        0x4 c:/program files (x86)/cypress/psoc creator/3.3/psoc creator/import/gnu/arm/4.9.3/bin/../lib/gcc/arm-none-eabi/4.9.3/../../../../arm-none-eabi/lib/armv7-m\libg_nano.a(lib_a-nano-mallocr.o)
                0x1fff81e0                __malloc_sbrk_start
 .bss.__malloc_free_list
                0x1fff81e4        0x4 c:/program files (x86)/cypress/psoc creator/3.3/psoc creator/import/gnu/arm/4.9.3/bin/../lib/gcc/arm-none-eabi/4.9.3/../../../../arm-none-eabi/lib/armv7-m\libg_nano.a(lib_a-nano-mallocr.o)
                0x1fff81e4                __malloc_free_list
 *(COMMON)
 COMMON         0x1fff81e8        0x1 .\CortexM3\ARM_GCC_493\Debug\ZumoBot_Lib.a(I2C.o)
                0x1fff81e8                I2C_state
 *fill*         0x1fff81e9        0x3 
 COMMON         0x1fff81ec       0x10 .\CortexM3\ARM_GCC_493\Debug\ZumoBot_Lib.a(I2C_MASTER.o)
                0x1fff81ec                I2C_mstrWrBufIndex
                0x1fff81ed                I2C_mstrWrBufSize
                0x1fff81ee                I2C_mstrStatus
                0x1fff81f0                I2C_mstrRdBufPtr
                0x1fff81f4                I2C_mstrControl
                0x1fff81f5                I2C_mstrRdBufSize
                0x1fff81f6                I2C_mstrRdBufIndex
                0x1fff81f8                I2C_mstrWrBufPtr
 COMMON         0x1fff81fc        0x4 c:/program files (x86)/cypress/psoc creator/3.3/psoc creator/import/gnu/arm/4.9.3/bin/../lib/gcc/arm-none-eabi/4.9.3/../../../../arm-none-eabi/lib/armv7-m\libg_nano.a(lib_a-reent.o)
                0x1fff81fc                errno
                0x1fff8200                . = ALIGN (0x8)
 *(.ram.b)
                0x1fff8200                _end = .
                0x1fff8200                __end = .
                0x1fff8200                PROVIDE (end, .)
                0x1fff8200                PROVIDE (__bss_end__, .)
                0x000052d0                __cy_region_init_ram = LOADADDR (.data)
                0x000000b8                __cy_region_init_size_ram = (_edata - ADDR (.data))
                0x00000040                __cy_region_zero_size_ram = (_end - _edata)

.heap           0x1fff8200     0x1000 load address 0x00005388
                0x1fff8200                . = _end
                0x1fff9200                . = (. + 0x1000)
 *fill*         0x1fff8200     0x1000 
                0x1fff9200                __cy_heap_limit = .

.stack          0x20007800      0x800
                0x20007800                __cy_stack_limit = .
                0x20008000                . = (. + 0x800)
 *fill*         0x20007800      0x800 
                0x00000001                ASSERT ((__cy_stack_limit >= __cy_heap_limit), region RAM overflowed with stack)
                0x00000000                cy_checksum_exclude_size = (CY_APPL_LOADABLE == 0x1)?SIZEOF (.cy_checksum_exclude):0x0
                0x00000001                ASSERT ((cy_checksum_exclude_size <= CY_CHECKSUM_EXCLUDE_SIZE), CY_BOOT: Section .cy_checksum_exclude size exceedes specified limit.)

.cyloadermeta
 *(.cyloadermeta)

.cyloadablemeta
 *(.cyloadablemeta)

.cyconfigecc    0x80000000      0x6b8
 *(.cyconfigecc)
 .cyconfigecc   0x80000000      0x6b8 .\CortexM3\ARM_GCC_493\Debug\cymetadata.o
                0x80000000                cy_meta_configecc

.cycustnvl      0x90000000        0x4
 *(.cycustnvl)
 .cycustnvl     0x90000000        0x4 .\CortexM3\ARM_GCC_493\Debug\cymetadata.o
                0x90000000                cy_meta_custnvl

.cywolatch      0x90100000        0x4
 *(.cywolatch)
 .cywolatch     0x90100000        0x4 .\CortexM3\ARM_GCC_493\Debug\cymetadata.o
                0x90100000                cy_meta_wonvl

.cyeeprom       0x90200000        0x0
 *(.cyeeprom)
                0x00000001                ASSERT ((. <= ((0x90200000 + ee_offset) + ee_size)), .cyeeprom data will not fit in EEPROM)

.cyflashprotect
                0x90400000      0x100
 *(.cyflashprotect)
 .cyflashprotect
                0x90400000      0x100 .\CortexM3\ARM_GCC_493\Debug\cymetadata.o
                0x90400000                cy_meta_flashprotect

.cymeta         0x90500000        0xc
 *(.cymeta)
 .cymeta        0x90500000        0xc .\CortexM3\ARM_GCC_493\Debug\cymetadata.o
                0x90500000                cy_metadata

.rel.dyn        0x00005388        0x0 load address 0x9050000c
 .rel.iplt      0x00000000        0x0 c:/program files (x86)/cypress/psoc creator/3.3/psoc creator/import/gnu/arm/4.9.3/bin/../lib/gcc/arm-none-eabi/4.9.3/armv7-m/crtbegin.o

.stab           0x00000000       0x84
 *(.stab)
 .stab          0x00000000       0x24 c:/program files (x86)/cypress/psoc creator/3.3/psoc creator/import/gnu/arm/4.9.3/bin/../lib/gcc/arm-none-eabi/4.9.3/../../../../arm-none-eabi/lib/armv7-m\libnosys.a(close.o)
 .stab          0x00000024       0x18 c:/program files (x86)/cypress/psoc creator/3.3/psoc creator/import/gnu/arm/4.9.3/bin/../lib/gcc/arm-none-eabi/4.9.3/../../../../arm-none-eabi/lib/armv7-m\libnosys.a(fstat.o)
                                 0x24 (size before relaxing)
 .stab          0x0000003c       0x18 c:/program files (x86)/cypress/psoc creator/3.3/psoc creator/import/gnu/arm/4.9.3/bin/../lib/gcc/arm-none-eabi/4.9.3/../../../../arm-none-eabi/lib/armv7-m\libnosys.a(isatty.o)
                                 0x24 (size before relaxing)
 .stab          0x00000054       0x18 c:/program files (x86)/cypress/psoc creator/3.3/psoc creator/import/gnu/arm/4.9.3/bin/../lib/gcc/arm-none-eabi/4.9.3/../../../../arm-none-eabi/lib/armv7-m\libnosys.a(lseek.o)
                                 0x24 (size before relaxing)
 .stab          0x0000006c       0x18 c:/program files (x86)/cypress/psoc creator/3.3/psoc creator/import/gnu/arm/4.9.3/bin/../lib/gcc/arm-none-eabi/4.9.3/../../../../arm-none-eabi/lib/armv7-m\libnosys.a(read.o)
                                 0x24 (size before relaxing)

.stabstr        0x00000000      0x117
 *(.stabstr)
 .stabstr       0x00000000      0x117 c:/program files (x86)/cypress/psoc creator/3.3/psoc creator/import/gnu/arm/4.9.3/bin/../lib/gcc/arm-none-eabi/4.9.3/../../../../arm-none-eabi/lib/armv7-m\libnosys.a(close.o)

.debug
 *(.debug)

.line
 *(.line)

.debug_srcinfo
 *(.debug_srcinfo)

.debug_sfnames
 *(.debug_sfnames)

.debug_aranges  0x00000000      0xe60
 *(.debug_aranges)
 .debug_aranges
                0x00000000       0x20 .\CortexM3\ARM_GCC_493\Debug\Accel.o
 .debug_aranges
                0x00000020       0x18 .\CortexM3\ARM_GCC_493\Debug\Gyro.o
 .debug_aranges
                0x00000038       0x28 .\CortexM3\ARM_GCC_493\Debug\I2C_made.o
 .debug_aranges
                0x00000060       0x40 .\CortexM3\ARM_GCC_493\Debug\IR.o
 .debug_aranges
                0x000000a0       0x20 .\CortexM3\ARM_GCC_493\Debug\Magnet.o
 .debug_aranges
                0x000000c0       0x40 .\CortexM3\ARM_GCC_493\Debug\Motor.o
 .debug_aranges
                0x00000100       0x28 .\CortexM3\ARM_GCC_493\Debug\Ultra.o
 .debug_aranges
                0x00000128       0x38 .\CortexM3\ARM_GCC_493\Debug\Reflectance.o
 .debug_aranges
                0x00000160       0x30 .\CortexM3\ARM_GCC_493\Debug\Nunchuk.o
 .debug_aranges
                0x00000190       0x20 .\CortexM3\ARM_GCC_493\Debug\Ambient.o
 .debug_aranges
                0x000001b0       0x30 .\CortexM3\ARM_GCC_493\Debug\main.o
 .debug_aranges
                0x000001e0       0x18 .\CortexM3\ARM_GCC_493\Debug\cymetadata.o
 .debug_aranges
                0x000001f8       0x48 .\CortexM3\ARM_GCC_493\Debug\Cm3Start.o
 .debug_aranges
                0x00000240       0x58 .\CortexM3\ARM_GCC_493\Debug\ZumoBot_Lib.a(cyfitter_cfg.o)
 .debug_aranges
                0x00000298       0xa8 .\CortexM3\ARM_GCC_493\Debug\ZumoBot_Lib.a(PWM.o)
 .debug_aranges
                0x00000340       0x38 .\CortexM3\ARM_GCC_493\Debug\ZumoBot_Lib.a(I2C.o)
 .debug_aranges
                0x00000378       0x20 .\CortexM3\ARM_GCC_493\Debug\ZumoBot_Lib.a(I2C_INT.o)
 .debug_aranges
                0x00000398       0x38 .\CortexM3\ARM_GCC_493\Debug\ZumoBot_Lib.a(I2C_PM.o)
 .debug_aranges
                0x000003d0       0x80 .\CortexM3\ARM_GCC_493\Debug\ZumoBot_Lib.a(I2C_MASTER.o)
 .debug_aranges
                0x00000450       0xf0 .\CortexM3\ARM_GCC_493\Debug\ZumoBot_Lib.a(UART.o)
 .debug_aranges
                0x00000540       0x70 .\CortexM3\ARM_GCC_493\Debug\ZumoBot_Lib.a(UART_IntClock.o)
 .debug_aranges
                0x000005b0       0x20 .\CortexM3\ARM_GCC_493\Debug\ZumoBot_Lib.a(CyBootAsmGnu.o)
 .debug_aranges
                0x000005d0      0x298 .\CortexM3\ARM_GCC_493\Debug\ZumoBot_Lib.a(CyLib.o)
 .debug_aranges
                0x00000868       0x98 .\CortexM3\ARM_GCC_493\Debug\ZumoBot_Lib.a(cyPm.o)
 .debug_aranges
                0x00000900       0x38 .\CortexM3\ARM_GCC_493\Debug\ZumoBot_Lib.a(MotorDirLeft.o)
 .debug_aranges
                0x00000938       0x38 .\CortexM3\ARM_GCC_493\Debug\ZumoBot_Lib.a(MotorDirRight.o)
 .debug_aranges
                0x00000970       0x38 .\CortexM3\ARM_GCC_493\Debug\ZumoBot_Lib.a(LL.o)
 .debug_aranges
                0x000009a8       0x88 .\CortexM3\ARM_GCC_493\Debug\ZumoBot_Lib.a(Timer_LL.o)
 .debug_aranges
                0x00000a30       0x88 .\CortexM3\ARM_GCC_493\Debug\ZumoBot_Lib.a(Timer_RR.o)
 .debug_aranges
                0x00000ab8       0x88 .\CortexM3\ARM_GCC_493\Debug\ZumoBot_Lib.a(Timer_RL.o)
 .debug_aranges
                0x00000b40       0x38 .\CortexM3\ARM_GCC_493\Debug\ZumoBot_Lib.a(RL.o)
 .debug_aranges
                0x00000b78       0x38 .\CortexM3\ARM_GCC_493\Debug\ZumoBot_Lib.a(RR.o)
 .debug_aranges
                0x00000bb0       0x88 .\CortexM3\ARM_GCC_493\Debug\ZumoBot_Lib.a(Timer_LR.o)
 .debug_aranges
                0x00000c38       0x38 .\CortexM3\ARM_GCC_493\Debug\ZumoBot_Lib.a(LR.o)
 .debug_aranges
                0x00000c70       0x88 .\CortexM3\ARM_GCC_493\Debug\ZumoBot_Lib.a(Timer.o)
 .debug_aranges
                0x00000cf8       0x38 .\CortexM3\ARM_GCC_493\Debug\ZumoBot_Lib.a(Echo.o)
 .debug_aranges
                0x00000d30       0x38 .\CortexM3\ARM_GCC_493\Debug\ZumoBot_Lib.a(IR_receiver.o)
 .debug_aranges
                0x00000d68       0x80 .\CortexM3\ARM_GCC_493\Debug\ZumoBot_Lib.a(CyFlash.o)
 .debug_aranges
                0x00000de8       0x78 .\CortexM3\ARM_GCC_493\Debug\ZumoBot_Lib.a(CySpc.o)

.debug_pubnames
 *(.debug_pubnames)

.debug_info     0x00000000     0x7d97
 *(.debug_info .gnu.linkonce.wi.*)
 .debug_info    0x00000000      0x17f .\CortexM3\ARM_GCC_493\Debug\Accel.o
 .debug_info    0x0000017f       0xae .\CortexM3\ARM_GCC_493\Debug\Gyro.o
 .debug_info    0x0000022d      0x2c9 .\CortexM3\ARM_GCC_493\Debug\I2C_made.o
 .debug_info    0x000004f6      0x28a .\CortexM3\ARM_GCC_493\Debug\IR.o
 .debug_info    0x00000780      0x19e .\CortexM3\ARM_GCC_493\Debug\Magnet.o
 .debug_info    0x0000091e      0x2d2 .\CortexM3\ARM_GCC_493\Debug\Motor.o
 .debug_info    0x00000bf0      0x216 .\CortexM3\ARM_GCC_493\Debug\Ultra.o
 .debug_info    0x00000e06      0x548 .\CortexM3\ARM_GCC_493\Debug\Reflectance.o
 .debug_info    0x0000134e      0x354 .\CortexM3\ARM_GCC_493\Debug\Nunchuk.o
 .debug_info    0x000016a2      0x119 .\CortexM3\ARM_GCC_493\Debug\Ambient.o
 .debug_info    0x000017bb      0x544 .\CortexM3\ARM_GCC_493\Debug\main.o
 .debug_info    0x00001cff      0x13f .\CortexM3\ARM_GCC_493\Debug\cymetadata.o
 .debug_info    0x00001e3e      0x3a5 .\CortexM3\ARM_GCC_493\Debug\Cm3Start.o
 .debug_info    0x000021e3      0x60d .\CortexM3\ARM_GCC_493\Debug\ZumoBot_Lib.a(cyfitter_cfg.o)
 .debug_info    0x000027f0      0x37e .\CortexM3\ARM_GCC_493\Debug\ZumoBot_Lib.a(PWM.o)
 .debug_info    0x00002b6e      0x2db .\CortexM3\ARM_GCC_493\Debug\ZumoBot_Lib.a(I2C.o)
 .debug_info    0x00002e49      0x17f .\CortexM3\ARM_GCC_493\Debug\ZumoBot_Lib.a(I2C_INT.o)
 .debug_info    0x00002fc8      0x1fe .\CortexM3\ARM_GCC_493\Debug\ZumoBot_Lib.a(I2C_PM.o)
 .debug_info    0x000031c6      0x400 .\CortexM3\ARM_GCC_493\Debug\ZumoBot_Lib.a(I2C_MASTER.o)
 .debug_info    0x000035c6      0x603 .\CortexM3\ARM_GCC_493\Debug\ZumoBot_Lib.a(UART.o)
 .debug_info    0x00003bc9      0x283 .\CortexM3\ARM_GCC_493\Debug\ZumoBot_Lib.a(UART_IntClock.o)
 .debug_info    0x00003e4c       0x86 .\CortexM3\ARM_GCC_493\Debug\ZumoBot_Lib.a(CyBootAsmGnu.o)
 .debug_info    0x00003ed2     0x1371 .\CortexM3\ARM_GCC_493\Debug\ZumoBot_Lib.a(CyLib.o)
 .debug_info    0x00005243      0xa58 .\CortexM3\ARM_GCC_493\Debug\ZumoBot_Lib.a(cyPm.o)
 .debug_info    0x00005c9b      0x121 .\CortexM3\ARM_GCC_493\Debug\ZumoBot_Lib.a(MotorDirLeft.o)
 .debug_info    0x00005dbc      0x11f .\CortexM3\ARM_GCC_493\Debug\ZumoBot_Lib.a(MotorDirRight.o)
 .debug_info    0x00005edb      0x11f .\CortexM3\ARM_GCC_493\Debug\ZumoBot_Lib.a(LL.o)
 .debug_info    0x00005ffa      0x28e .\CortexM3\ARM_GCC_493\Debug\ZumoBot_Lib.a(Timer_LL.o)
 .debug_info    0x00006288      0x28e .\CortexM3\ARM_GCC_493\Debug\ZumoBot_Lib.a(Timer_RR.o)
 .debug_info    0x00006516      0x28e .\CortexM3\ARM_GCC_493\Debug\ZumoBot_Lib.a(Timer_RL.o)
 .debug_info    0x000067a4      0x11f .\CortexM3\ARM_GCC_493\Debug\ZumoBot_Lib.a(RL.o)
 .debug_info    0x000068c3      0x11f .\CortexM3\ARM_GCC_493\Debug\ZumoBot_Lib.a(RR.o)
 .debug_info    0x000069e2      0x28e .\CortexM3\ARM_GCC_493\Debug\ZumoBot_Lib.a(Timer_LR.o)
 .debug_info    0x00006c70      0x11f .\CortexM3\ARM_GCC_493\Debug\ZumoBot_Lib.a(LR.o)
 .debug_info    0x00006d8f      0x2ce .\CortexM3\ARM_GCC_493\Debug\ZumoBot_Lib.a(Timer.o)
 .debug_info    0x0000705d      0x11f .\CortexM3\ARM_GCC_493\Debug\ZumoBot_Lib.a(Echo.o)
 .debug_info    0x0000717c      0x121 .\CortexM3\ARM_GCC_493\Debug\ZumoBot_Lib.a(IR_receiver.o)
 .debug_info    0x0000729d      0x60a .\CortexM3\ARM_GCC_493\Debug\ZumoBot_Lib.a(CyFlash.o)
 .debug_info    0x000078a7      0x4f0 .\CortexM3\ARM_GCC_493\Debug\ZumoBot_Lib.a(CySpc.o)

.debug_abbrev   0x00000000     0x2c26
 *(.debug_abbrev)
 .debug_abbrev  0x00000000       0xfa .\CortexM3\ARM_GCC_493\Debug\Accel.o
 .debug_abbrev  0x000000fa       0x4b .\CortexM3\ARM_GCC_493\Debug\Gyro.o
 .debug_abbrev  0x00000145      0x153 .\CortexM3\ARM_GCC_493\Debug\I2C_made.o
 .debug_abbrev  0x00000298      0x168 .\CortexM3\ARM_GCC_493\Debug\IR.o
 .debug_abbrev  0x00000400       0xfa .\CortexM3\ARM_GCC_493\Debug\Magnet.o
 .debug_abbrev  0x000004fa      0x108 .\CortexM3\ARM_GCC_493\Debug\Motor.o
 .debug_abbrev  0x00000602      0x13c .\CortexM3\ARM_GCC_493\Debug\Ultra.o
 .debug_abbrev  0x0000073e      0x161 .\CortexM3\ARM_GCC_493\Debug\Reflectance.o
 .debug_abbrev  0x0000089f      0x15d .\CortexM3\ARM_GCC_493\Debug\Nunchuk.o
 .debug_abbrev  0x000009fc       0x95 .\CortexM3\ARM_GCC_493\Debug\Ambient.o
 .debug_abbrev  0x00000a91      0x1f0 .\CortexM3\ARM_GCC_493\Debug\main.o
 .debug_abbrev  0x00000c81       0x77 .\CortexM3\ARM_GCC_493\Debug\cymetadata.o
 .debug_abbrev  0x00000cf8      0x20f .\CortexM3\ARM_GCC_493\Debug\Cm3Start.o
 .debug_abbrev  0x00000f07      0x212 .\CortexM3\ARM_GCC_493\Debug\ZumoBot_Lib.a(cyfitter_cfg.o)
 .debug_abbrev  0x00001119      0x14d .\CortexM3\ARM_GCC_493\Debug\ZumoBot_Lib.a(PWM.o)
 .debug_abbrev  0x00001266      0x15c .\CortexM3\ARM_GCC_493\Debug\ZumoBot_Lib.a(I2C.o)
 .debug_abbrev  0x000013c2       0xbd .\CortexM3\ARM_GCC_493\Debug\ZumoBot_Lib.a(I2C_INT.o)
 .debug_abbrev  0x0000147f      0x12b .\CortexM3\ARM_GCC_493\Debug\ZumoBot_Lib.a(I2C_PM.o)
 .debug_abbrev  0x000015aa      0x13c .\CortexM3\ARM_GCC_493\Debug\ZumoBot_Lib.a(I2C_MASTER.o)
 .debug_abbrev  0x000016e6      0x1a2 .\CortexM3\ARM_GCC_493\Debug\ZumoBot_Lib.a(UART.o)
 .debug_abbrev  0x00001888      0x139 .\CortexM3\ARM_GCC_493\Debug\ZumoBot_Lib.a(UART_IntClock.o)
 .debug_abbrev  0x000019c1       0x14 .\CortexM3\ARM_GCC_493\Debug\ZumoBot_Lib.a(CyBootAsmGnu.o)
 .debug_abbrev  0x000019d5      0x296 .\CortexM3\ARM_GCC_493\Debug\ZumoBot_Lib.a(CyLib.o)
 .debug_abbrev  0x00001c6b      0x1ed .\CortexM3\ARM_GCC_493\Debug\ZumoBot_Lib.a(cyPm.o)
 .debug_abbrev  0x00001e58       0x90 .\CortexM3\ARM_GCC_493\Debug\ZumoBot_Lib.a(MotorDirLeft.o)
 .debug_abbrev  0x00001ee8       0x90 .\CortexM3\ARM_GCC_493\Debug\ZumoBot_Lib.a(MotorDirRight.o)
 .debug_abbrev  0x00001f78       0x90 .\CortexM3\ARM_GCC_493\Debug\ZumoBot_Lib.a(LL.o)
 .debug_abbrev  0x00002008      0x11a .\CortexM3\ARM_GCC_493\Debug\ZumoBot_Lib.a(Timer_LL.o)
 .debug_abbrev  0x00002122      0x11a .\CortexM3\ARM_GCC_493\Debug\ZumoBot_Lib.a(Timer_RR.o)
 .debug_abbrev  0x0000223c      0x11a .\CortexM3\ARM_GCC_493\Debug\ZumoBot_Lib.a(Timer_RL.o)
 .debug_abbrev  0x00002356       0x90 .\CortexM3\ARM_GCC_493\Debug\ZumoBot_Lib.a(RL.o)
 .debug_abbrev  0x000023e6       0x90 .\CortexM3\ARM_GCC_493\Debug\ZumoBot_Lib.a(RR.o)
 .debug_abbrev  0x00002476      0x11a .\CortexM3\ARM_GCC_493\Debug\ZumoBot_Lib.a(Timer_LR.o)
 .debug_abbrev  0x00002590       0x90 .\CortexM3\ARM_GCC_493\Debug\ZumoBot_Lib.a(LR.o)
 .debug_abbrev  0x00002620      0x154 .\CortexM3\ARM_GCC_493\Debug\ZumoBot_Lib.a(Timer.o)
 .debug_abbrev  0x00002774       0x90 .\CortexM3\ARM_GCC_493\Debug\ZumoBot_Lib.a(Echo.o)
 .debug_abbrev  0x00002804       0x90 .\CortexM3\ARM_GCC_493\Debug\ZumoBot_Lib.a(IR_receiver.o)
 .debug_abbrev  0x00002894      0x1d1 .\CortexM3\ARM_GCC_493\Debug\ZumoBot_Lib.a(CyFlash.o)
 .debug_abbrev  0x00002a65      0x1c1 .\CortexM3\ARM_GCC_493\Debug\ZumoBot_Lib.a(CySpc.o)

.debug_line     0x00000000     0x3dc0
 *(.debug_line)
 .debug_line    0x00000000      0x17e .\CortexM3\ARM_GCC_493\Debug\Accel.o
 .debug_line    0x0000017e      0x13a .\CortexM3\ARM_GCC_493\Debug\Gyro.o
 .debug_line    0x000002b8      0x1a7 .\CortexM3\ARM_GCC_493\Debug\I2C_made.o
 .debug_line    0x0000045f      0x280 .\CortexM3\ARM_GCC_493\Debug\IR.o
 .debug_line    0x000006df      0x189 .\CortexM3\ARM_GCC_493\Debug\Magnet.o
 .debug_line    0x00000868      0x1e5 .\CortexM3\ARM_GCC_493\Debug\Motor.o
 .debug_line    0x00000a4d      0x19d .\CortexM3\ARM_GCC_493\Debug\Ultra.o
 .debug_line    0x00000bea      0x24b .\CortexM3\ARM_GCC_493\Debug\Reflectance.o
 .debug_line    0x00000e35      0x1cf .\CortexM3\ARM_GCC_493\Debug\Nunchuk.o
 .debug_line    0x00001004       0xd9 .\CortexM3\ARM_GCC_493\Debug\Ambient.o
 .debug_line    0x000010dd      0x23c .\CortexM3\ARM_GCC_493\Debug\main.o
 .debug_line    0x00001319       0x53 .\CortexM3\ARM_GCC_493\Debug\cymetadata.o
 .debug_line    0x0000136c      0x249 .\CortexM3\ARM_GCC_493\Debug\Cm3Start.o
 .debug_line    0x000015b5      0x201 .\CortexM3\ARM_GCC_493\Debug\ZumoBot_Lib.a(cyfitter_cfg.o)
 .debug_line    0x000017b6      0x1a9 .\CortexM3\ARM_GCC_493\Debug\ZumoBot_Lib.a(PWM.o)
 .debug_line    0x0000195f       0xdb .\CortexM3\ARM_GCC_493\Debug\ZumoBot_Lib.a(I2C.o)
 .debug_line    0x00001a3a      0x116 .\CortexM3\ARM_GCC_493\Debug\ZumoBot_Lib.a(I2C_INT.o)
 .debug_line    0x00001b50       0xbd .\CortexM3\ARM_GCC_493\Debug\ZumoBot_Lib.a(I2C_PM.o)
 .debug_line    0x00001c0d      0x1ff .\CortexM3\ARM_GCC_493\Debug\ZumoBot_Lib.a(I2C_MASTER.o)
 .debug_line    0x00001e0c      0x2be .\CortexM3\ARM_GCC_493\Debug\ZumoBot_Lib.a(UART.o)
 .debug_line    0x000020ca      0x195 .\CortexM3\ARM_GCC_493\Debug\ZumoBot_Lib.a(UART_IntClock.o)
 .debug_line    0x0000225f       0x68 .\CortexM3\ARM_GCC_493\Debug\ZumoBot_Lib.a(CyBootAsmGnu.o)
 .debug_line    0x000022c7      0x806 .\CortexM3\ARM_GCC_493\Debug\ZumoBot_Lib.a(CyLib.o)
 .debug_line    0x00002acd      0x366 .\CortexM3\ARM_GCC_493\Debug\ZumoBot_Lib.a(cyPm.o)
 .debug_line    0x00002e33       0x9b .\CortexM3\ARM_GCC_493\Debug\ZumoBot_Lib.a(MotorDirLeft.o)
 .debug_line    0x00002ece       0x9c .\CortexM3\ARM_GCC_493\Debug\ZumoBot_Lib.a(MotorDirRight.o)
 .debug_line    0x00002f6a       0x91 .\CortexM3\ARM_GCC_493\Debug\ZumoBot_Lib.a(LL.o)
 .debug_line    0x00002ffb      0x158 .\CortexM3\ARM_GCC_493\Debug\ZumoBot_Lib.a(Timer_LL.o)
 .debug_line    0x00003153      0x158 .\CortexM3\ARM_GCC_493\Debug\ZumoBot_Lib.a(Timer_RR.o)
 .debug_line    0x000032ab      0x158 .\CortexM3\ARM_GCC_493\Debug\ZumoBot_Lib.a(Timer_RL.o)
 .debug_line    0x00003403       0x91 .\CortexM3\ARM_GCC_493\Debug\ZumoBot_Lib.a(RL.o)
 .debug_line    0x00003494       0x91 .\CortexM3\ARM_GCC_493\Debug\ZumoBot_Lib.a(RR.o)
 .debug_line    0x00003525      0x158 .\CortexM3\ARM_GCC_493\Debug\ZumoBot_Lib.a(Timer_LR.o)
 .debug_line    0x0000367d       0x91 .\CortexM3\ARM_GCC_493\Debug\ZumoBot_Lib.a(LR.o)
 .debug_line    0x0000370e      0x15b .\CortexM3\ARM_GCC_493\Debug\ZumoBot_Lib.a(Timer.o)
 .debug_line    0x00003869       0x93 .\CortexM3\ARM_GCC_493\Debug\ZumoBot_Lib.a(Echo.o)
 .debug_line    0x000038fc       0x9a .\CortexM3\ARM_GCC_493\Debug\ZumoBot_Lib.a(IR_receiver.o)
 .debug_line    0x00003996      0x1ec .\CortexM3\ARM_GCC_493\Debug\ZumoBot_Lib.a(CyFlash.o)
 .debug_line    0x00003b82      0x23e .\CortexM3\ARM_GCC_493\Debug\ZumoBot_Lib.a(CySpc.o)

.debug_frame    0x00000000     0x3010
 *(.debug_frame)
 .debug_frame   0x00000000       0x3c .\CortexM3\ARM_GCC_493\Debug\Accel.o
 .debug_frame   0x0000003c       0x54 .\CortexM3\ARM_GCC_493\Debug\I2C_made.o
 .debug_frame   0x00000090       0xac .\CortexM3\ARM_GCC_493\Debug\IR.o
 .debug_frame   0x0000013c       0x30 .\CortexM3\ARM_GCC_493\Debug\Magnet.o
 .debug_frame   0x0000016c       0xa8 .\CortexM3\ARM_GCC_493\Debug\Motor.o
 .debug_frame   0x00000214       0x4c .\CortexM3\ARM_GCC_493\Debug\Ultra.o
 .debug_frame   0x00000260       0x90 .\CortexM3\ARM_GCC_493\Debug\Reflectance.o
 .debug_frame   0x000002f0       0x74 .\CortexM3\ARM_GCC_493\Debug\Nunchuk.o
 .debug_frame   0x00000364       0x3c .\CortexM3\ARM_GCC_493\Debug\Ambient.o
 .debug_frame   0x000003a0       0x68 .\CortexM3\ARM_GCC_493\Debug\main.o
 .debug_frame   0x00000408       0xac .\CortexM3\ARM_GCC_493\Debug\Cm3Start.o
 .debug_frame   0x000004b4       0xe4 .\CortexM3\ARM_GCC_493\Debug\ZumoBot_Lib.a(cyfitter_cfg.o)
 .debug_frame   0x00000598      0x154 .\CortexM3\ARM_GCC_493\Debug\ZumoBot_Lib.a(PWM.o)
 .debug_frame   0x000006ec       0x94 .\CortexM3\ARM_GCC_493\Debug\ZumoBot_Lib.a(I2C.o)
 .debug_frame   0x00000780       0x30 .\CortexM3\ARM_GCC_493\Debug\ZumoBot_Lib.a(I2C_INT.o)
 .debug_frame   0x000007b0       0x74 .\CortexM3\ARM_GCC_493\Debug\ZumoBot_Lib.a(I2C_PM.o)
 .debug_frame   0x00000824      0x138 .\CortexM3\ARM_GCC_493\Debug\ZumoBot_Lib.a(I2C_MASTER.o)
 .debug_frame   0x0000095c      0x250 .\CortexM3\ARM_GCC_493\Debug\ZumoBot_Lib.a(UART.o)
 .debug_frame   0x00000bac       0xe0 .\CortexM3\ARM_GCC_493\Debug\ZumoBot_Lib.a(UART_IntClock.o)
 .debug_frame   0x00000c8c      0x728 .\CortexM3\ARM_GCC_493\Debug\ZumoBot_Lib.a(CyLib.o)
 .debug_frame   0x000013b4      0x1f8 .\CortexM3\ARM_GCC_493\Debug\ZumoBot_Lib.a(cyPm.o)
 .debug_frame   0x000015ac       0x50 .\CortexM3\ARM_GCC_493\Debug\ZumoBot_Lib.a(MotorDirLeft.o)
 .debug_frame   0x000015fc       0x50 .\CortexM3\ARM_GCC_493\Debug\ZumoBot_Lib.a(MotorDirRight.o)
 .debug_frame   0x0000164c       0x50 .\CortexM3\ARM_GCC_493\Debug\ZumoBot_Lib.a(LL.o)
 .debug_frame   0x0000169c      0x108 .\CortexM3\ARM_GCC_493\Debug\ZumoBot_Lib.a(Timer_LL.o)
 .debug_frame   0x000017a4      0x108 .\CortexM3\ARM_GCC_493\Debug\ZumoBot_Lib.a(Timer_RR.o)
 .debug_frame   0x000018ac      0x108 .\CortexM3\ARM_GCC_493\Debug\ZumoBot_Lib.a(Timer_RL.o)
 .debug_frame   0x000019b4       0x50 .\CortexM3\ARM_GCC_493\Debug\ZumoBot_Lib.a(RL.o)
 .debug_frame   0x00001a04       0x50 .\CortexM3\ARM_GCC_493\Debug\ZumoBot_Lib.a(RR.o)
 .debug_frame   0x00001a54      0x108 .\CortexM3\ARM_GCC_493\Debug\ZumoBot_Lib.a(Timer_LR.o)
 .debug_frame   0x00001b5c       0x50 .\CortexM3\ARM_GCC_493\Debug\ZumoBot_Lib.a(LR.o)
 .debug_frame   0x00001bac      0x114 .\CortexM3\ARM_GCC_493\Debug\ZumoBot_Lib.a(Timer.o)
 .debug_frame   0x00001cc0       0x50 .\CortexM3\ARM_GCC_493\Debug\ZumoBot_Lib.a(Echo.o)
 .debug_frame   0x00001d10       0x50 .\CortexM3\ARM_GCC_493\Debug\ZumoBot_Lib.a(IR_receiver.o)
 .debug_frame   0x00001d60      0x174 .\CortexM3\ARM_GCC_493\Debug\ZumoBot_Lib.a(CyFlash.o)
 .debug_frame   0x00001ed4      0x160 .\CortexM3\ARM_GCC_493\Debug\ZumoBot_Lib.a(CySpc.o)
 .debug_frame   0x00002034       0x20 c:/program files (x86)/cypress/psoc creator/3.3/psoc creator/import/gnu/arm/4.9.3/bin/../lib/gcc/arm-none-eabi/4.9.3/../../../../arm-none-eabi/lib/armv7-m\libm.a(lib_a-w_atan2.o)
 .debug_frame   0x00002054       0x44 c:/program files (x86)/cypress/psoc creator/3.3/psoc creator/import/gnu/arm/4.9.3/bin/../lib/gcc/arm-none-eabi/4.9.3/../../../../arm-none-eabi/lib/armv7-m\libm.a(lib_a-w_pow.o)
 .debug_frame   0x00002098       0x48 c:/program files (x86)/cypress/psoc creator/3.3/psoc creator/import/gnu/arm/4.9.3/bin/../lib/gcc/arm-none-eabi/4.9.3/../../../../arm-none-eabi/lib/armv7-m\libm.a(lib_a-e_atan2.o)
 .debug_frame   0x000020e0       0x64 c:/program files (x86)/cypress/psoc creator/3.3/psoc creator/import/gnu/arm/4.9.3/bin/../lib/gcc/arm-none-eabi/4.9.3/../../../../arm-none-eabi/lib/armv7-m\libm.a(lib_a-e_pow.o)
 .debug_frame   0x00002144       0x30 c:/program files (x86)/cypress/psoc creator/3.3/psoc creator/import/gnu/arm/4.9.3/bin/../lib/gcc/arm-none-eabi/4.9.3/../../../../arm-none-eabi/lib/armv7-m\libm.a(lib_a-e_sqrt.o)
 .debug_frame   0x00002174       0x38 c:/program files (x86)/cypress/psoc creator/3.3/psoc creator/import/gnu/arm/4.9.3/bin/../lib/gcc/arm-none-eabi/4.9.3/../../../../arm-none-eabi/lib/armv7-m\libm.a(lib_a-s_atan.o)
 .debug_frame   0x000021ac       0x20 c:/program files (x86)/cypress/psoc creator/3.3/psoc creator/import/gnu/arm/4.9.3/bin/../lib/gcc/arm-none-eabi/4.9.3/../../../../arm-none-eabi/lib/armv7-m\libm.a(lib_a-s_fabs.o)
 .debug_frame   0x000021cc       0x20 c:/program files (x86)/cypress/psoc creator/3.3/psoc creator/import/gnu/arm/4.9.3/bin/../lib/gcc/arm-none-eabi/4.9.3/../../../../arm-none-eabi/lib/armv7-m\libm.a(lib_a-s_finite.o)
 .debug_frame   0x000021ec       0x34 c:/program files (x86)/cypress/psoc creator/3.3/psoc creator/import/gnu/arm/4.9.3/bin/../lib/gcc/arm-none-eabi/4.9.3/../../../../arm-none-eabi/lib/armv7-m\libm.a(lib_a-s_fpclassify.o)
 .debug_frame   0x00002220       0x20 c:/program files (x86)/cypress/psoc creator/3.3/psoc creator/import/gnu/arm/4.9.3/bin/../lib/gcc/arm-none-eabi/4.9.3/../../../../arm-none-eabi/lib/armv7-m\libm.a(lib_a-s_matherr.o)
 .debug_frame   0x00002240       0x20 c:/program files (x86)/cypress/psoc creator/3.3/psoc creator/import/gnu/arm/4.9.3/bin/../lib/gcc/arm-none-eabi/4.9.3/../../../../arm-none-eabi/lib/armv7-m\libm.a(lib_a-s_nan.o)
 .debug_frame   0x00002260       0x3c c:/program files (x86)/cypress/psoc creator/3.3/psoc creator/import/gnu/arm/4.9.3/bin/../lib/gcc/arm-none-eabi/4.9.3/../../../../arm-none-eabi/lib/armv7-m\libm.a(lib_a-s_rint.o)
 .debug_frame   0x0000229c       0x30 c:/program files (x86)/cypress/psoc creator/3.3/psoc creator/import/gnu/arm/4.9.3/bin/../lib/gcc/arm-none-eabi/4.9.3/../../../../arm-none-eabi/lib/armv7-m\libm.a(lib_a-s_scalbn.o)
 .debug_frame   0x000022cc       0x20 c:/program files (x86)/cypress/psoc creator/3.3/psoc creator/import/gnu/arm/4.9.3/bin/../lib/gcc/arm-none-eabi/4.9.3/../../../../arm-none-eabi/lib/armv7-m\libm.a(lib_a-s_copysign.o)
 .debug_frame   0x000022ec       0x20 c:/program files (x86)/cypress/psoc creator/3.3/psoc creator/import/gnu/arm/4.9.3/bin/../lib/gcc/arm-none-eabi/4.9.3/../../../../arm-none-eabi/lib/armv7-m\libg_nano.a(lib_a-errno.o)
 .debug_frame   0x0000230c       0x28 c:/program files (x86)/cypress/psoc creator/3.3/psoc creator/import/gnu/arm/4.9.3/bin/../lib/gcc/arm-none-eabi/4.9.3/../../../../arm-none-eabi/lib/armv7-m\libg_nano.a(lib_a-exit.o)
 .debug_frame   0x00002334       0x2c c:/program files (x86)/cypress/psoc creator/3.3/psoc creator/import/gnu/arm/4.9.3/bin/../lib/gcc/arm-none-eabi/4.9.3/../../../../arm-none-eabi/lib/armv7-m\libg_nano.a(lib_a-init.o)
 .debug_frame   0x00002360       0x28 c:/program files (x86)/cypress/psoc creator/3.3/psoc creator/import/gnu/arm/4.9.3/bin/../lib/gcc/arm-none-eabi/4.9.3/../../../../arm-none-eabi/lib/armv7-m\libg_nano.a(lib_a-memcpy.o)
 .debug_frame   0x00002388       0x20 c:/program files (x86)/cypress/psoc creator/3.3/psoc creator/import/gnu/arm/4.9.3/bin/../lib/gcc/arm-none-eabi/4.9.3/../../../../arm-none-eabi/lib/armv7-m\libg_nano.a(lib_a-memset.o)
 .debug_frame   0x000023a8       0x8c c:/program files (x86)/cypress/psoc creator/3.3/psoc creator/import/gnu/arm/4.9.3/bin/../lib/gcc/arm-none-eabi/4.9.3/../../../../arm-none-eabi/lib/armv7-m\libg_nano.a(lib_a-nano-vfprintf_float.o)
 .debug_frame   0x00002434       0x58 c:/program files (x86)/cypress/psoc creator/3.3/psoc creator/import/gnu/arm/4.9.3/bin/../lib/gcc/arm-none-eabi/4.9.3/../../../../arm-none-eabi/lib/armv7-m\libg_nano.a(lib_a-nano-vfprintf_i.o)
 .debug_frame   0x0000248c       0x74 c:/program files (x86)/cypress/psoc creator/3.3/psoc creator/import/gnu/arm/4.9.3/bin/../lib/gcc/arm-none-eabi/4.9.3/../../../../arm-none-eabi/lib/armv7-m\libg_nano.a(lib_a-printf.o)
 .debug_frame   0x00002500       0x3c c:/program files (x86)/cypress/psoc creator/3.3/psoc creator/import/gnu/arm/4.9.3/bin/../lib/gcc/arm-none-eabi/4.9.3/../../../../arm-none-eabi/lib/armv7-m\libg_nano.a(lib_a-puts.o)
 .debug_frame   0x0000253c       0x20 c:/program files (x86)/cypress/psoc creator/3.3/psoc creator/import/gnu/arm/4.9.3/bin/../lib/gcc/arm-none-eabi/4.9.3/../../../../arm-none-eabi/lib/armv7-m\libg_nano.a(lib_a-strlen.o)
 .debug_frame   0x0000255c       0x3c c:/program files (x86)/cypress/psoc creator/3.3/psoc creator/import/gnu/arm/4.9.3/bin/../lib/gcc/arm-none-eabi/4.9.3/../../../../arm-none-eabi/lib/armv7-m\libg_nano.a(lib_a-wbuf.o)
 .debug_frame   0x00002598       0x2c c:/program files (x86)/cypress/psoc creator/3.3/psoc creator/import/gnu/arm/4.9.3/bin/../lib/gcc/arm-none-eabi/4.9.3/../../../../arm-none-eabi/lib/armv7-m\libg_nano.a(lib_a-wsetup.o)
 .debug_frame   0x000025c4       0x6c c:/program files (x86)/cypress/psoc creator/3.3/psoc creator/import/gnu/arm/4.9.3/bin/../lib/gcc/arm-none-eabi/4.9.3/../../../../arm-none-eabi/lib/armv7-m\libg_nano.a(lib_a-dtoa.o)
 .debug_frame   0x00002630       0x68 c:/program files (x86)/cypress/psoc creator/3.3/psoc creator/import/gnu/arm/4.9.3/bin/../lib/gcc/arm-none-eabi/4.9.3/../../../../arm-none-eabi/lib/armv7-m\libg_nano.a(lib_a-fflush.o)
 .debug_frame   0x00002698      0x11c c:/program files (x86)/cypress/psoc creator/3.3/psoc creator/import/gnu/arm/4.9.3/bin/../lib/gcc/arm-none-eabi/4.9.3/../../../../arm-none-eabi/lib/armv7-m\libg_nano.a(lib_a-findfp.o)
 .debug_frame   0x000027b4       0x54 c:/program files (x86)/cypress/psoc creator/3.3/psoc creator/import/gnu/arm/4.9.3/bin/../lib/gcc/arm-none-eabi/4.9.3/../../../../arm-none-eabi/lib/armv7-m\libg_nano.a(lib_a-fwalk.o)
 .debug_frame   0x00002808       0x98 c:/program files (x86)/cypress/psoc creator/3.3/psoc creator/import/gnu/arm/4.9.3/bin/../lib/gcc/arm-none-eabi/4.9.3/../../../../arm-none-eabi/lib/armv7-m\libg_nano.a(lib_a-locale.o)
 .debug_frame   0x000028a0       0x34 c:/program files (x86)/cypress/psoc creator/3.3/psoc creator/import/gnu/arm/4.9.3/bin/../lib/gcc/arm-none-eabi/4.9.3/../../../../arm-none-eabi/lib/armv7-m\libg_nano.a(lib_a-makebuf.o)
 .debug_frame   0x000028d4       0x30 c:/program files (x86)/cypress/psoc creator/3.3/psoc creator/import/gnu/arm/4.9.3/bin/../lib/gcc/arm-none-eabi/4.9.3/../../../../arm-none-eabi/lib/armv7-m\libg_nano.a(lib_a-malloc.o)
 .debug_frame   0x00002904       0x28 c:/program files (x86)/cypress/psoc creator/3.3/psoc creator/import/gnu/arm/4.9.3/bin/../lib/gcc/arm-none-eabi/4.9.3/../../../../arm-none-eabi/lib/armv7-m\libg_nano.a(lib_a-memchr.o)
 .debug_frame   0x0000292c      0x230 c:/program files (x86)/cypress/psoc creator/3.3/psoc creator/import/gnu/arm/4.9.3/bin/../lib/gcc/arm-none-eabi/4.9.3/../../../../arm-none-eabi/lib/armv7-m\libg_nano.a(lib_a-mprec.o)
 .debug_frame   0x00002b5c       0x2c c:/program files (x86)/cypress/psoc creator/3.3/psoc creator/import/gnu/arm/4.9.3/bin/../lib/gcc/arm-none-eabi/4.9.3/../../../../arm-none-eabi/lib/armv7-m\libg_nano.a(lib_a-nano-callocr.o)
 .debug_frame   0x00002b88       0x2c c:/program files (x86)/cypress/psoc creator/3.3/psoc creator/import/gnu/arm/4.9.3/bin/../lib/gcc/arm-none-eabi/4.9.3/../../../../arm-none-eabi/lib/armv7-m\libg_nano.a(lib_a-nano-freer.o)
 .debug_frame   0x00002bb4       0x2c c:/program files (x86)/cypress/psoc creator/3.3/psoc creator/import/gnu/arm/4.9.3/bin/../lib/gcc/arm-none-eabi/4.9.3/../../../../arm-none-eabi/lib/armv7-m\libg_nano.a(lib_a-nano-mallocr.o)
 .debug_frame   0x00002be0       0xb8 c:/program files (x86)/cypress/psoc creator/3.3/psoc creator/import/gnu/arm/4.9.3/bin/../lib/gcc/arm-none-eabi/4.9.3/../../../../arm-none-eabi/lib/armv7-m\libg_nano.a(lib_a-nano-vfprintf.o)
 .debug_frame   0x00002c98       0x2c c:/program files (x86)/cypress/psoc creator/3.3/psoc creator/import/gnu/arm/4.9.3/bin/../lib/gcc/arm-none-eabi/4.9.3/../../../../arm-none-eabi/lib/armv7-m\libg_nano.a(lib_a-sbrkr.o)
 .debug_frame   0x00002cc4       0x88 c:/program files (x86)/cypress/psoc creator/3.3/psoc creator/import/gnu/arm/4.9.3/bin/../lib/gcc/arm-none-eabi/4.9.3/../../../../arm-none-eabi/lib/armv7-m\libg_nano.a(lib_a-stdio.o)
 .debug_frame   0x00002d4c       0x2c c:/program files (x86)/cypress/psoc creator/3.3/psoc creator/import/gnu/arm/4.9.3/bin/../lib/gcc/arm-none-eabi/4.9.3/../../../../arm-none-eabi/lib/armv7-m\libg_nano.a(lib_a-writer.o)
 .debug_frame   0x00002d78       0x2c c:/program files (x86)/cypress/psoc creator/3.3/psoc creator/import/gnu/arm/4.9.3/bin/../lib/gcc/arm-none-eabi/4.9.3/../../../../arm-none-eabi/lib/armv7-m\libg_nano.a(lib_a-closer.o)
 .debug_frame   0x00002da4       0x2c c:/program files (x86)/cypress/psoc creator/3.3/psoc creator/import/gnu/arm/4.9.3/bin/../lib/gcc/arm-none-eabi/4.9.3/../../../../arm-none-eabi/lib/armv7-m\libg_nano.a(lib_a-fstatr.o)
 .debug_frame   0x00002dd0       0x3c c:/program files (x86)/cypress/psoc creator/3.3/psoc creator/import/gnu/arm/4.9.3/bin/../lib/gcc/arm-none-eabi/4.9.3/../../../../arm-none-eabi/lib/armv7-m\libg_nano.a(lib_a-fvwrite.o)
 .debug_frame   0x00002e0c       0x2c c:/program files (x86)/cypress/psoc creator/3.3/psoc creator/import/gnu/arm/4.9.3/bin/../lib/gcc/arm-none-eabi/4.9.3/../../../../arm-none-eabi/lib/armv7-m\libg_nano.a(lib_a-isattyr.o)
 .debug_frame   0x00002e38       0x2c c:/program files (x86)/cypress/psoc creator/3.3/psoc creator/import/gnu/arm/4.9.3/bin/../lib/gcc/arm-none-eabi/4.9.3/../../../../arm-none-eabi/lib/armv7-m\libg_nano.a(lib_a-lseekr.o)
 .debug_frame   0x00002e64       0x28 c:/program files (x86)/cypress/psoc creator/3.3/psoc creator/import/gnu/arm/4.9.3/bin/../lib/gcc/arm-none-eabi/4.9.3/../../../../arm-none-eabi/lib/armv7-m\libg_nano.a(lib_a-memmove.o)
 .debug_frame   0x00002e8c       0x3c c:/program files (x86)/cypress/psoc creator/3.3/psoc creator/import/gnu/arm/4.9.3/bin/../lib/gcc/arm-none-eabi/4.9.3/../../../../arm-none-eabi/lib/armv7-m\libg_nano.a(lib_a-nano-reallocr.o)
 .debug_frame   0x00002ec8       0x2c c:/program files (x86)/cypress/psoc creator/3.3/psoc creator/import/gnu/arm/4.9.3/bin/../lib/gcc/arm-none-eabi/4.9.3/../../../../arm-none-eabi/lib/armv7-m\libg_nano.a(lib_a-readr.o)
 .debug_frame   0x00002ef4       0x5c c:/program files (x86)/cypress/psoc creator/3.3/psoc creator/import/gnu/arm/4.9.3/bin/../lib/gcc/arm-none-eabi/4.9.3/../../../../arm-none-eabi/lib/armv7-m\libg_nano.a(lib_a-reent.o)
 .debug_frame   0x00002f50       0x20 c:/program files (x86)/cypress/psoc creator/3.3/psoc creator/import/gnu/arm/4.9.3/bin/../lib/gcc/arm-none-eabi/4.9.3/../../../../arm-none-eabi/lib/armv7-m\libg_nano.a(lib_a-nano-msizer.o)
 .debug_frame   0x00002f70       0x20 c:/program files (x86)/cypress/psoc creator/3.3/psoc creator/import/gnu/arm/4.9.3/bin/../lib/gcc/arm-none-eabi/4.9.3/../../../../arm-none-eabi/lib/armv7-m\libnosys.a(close.o)
 .debug_frame   0x00002f90       0x20 c:/program files (x86)/cypress/psoc creator/3.3/psoc creator/import/gnu/arm/4.9.3/bin/../lib/gcc/arm-none-eabi/4.9.3/../../../../arm-none-eabi/lib/armv7-m\libnosys.a(fstat.o)
 .debug_frame   0x00002fb0       0x20 c:/program files (x86)/cypress/psoc creator/3.3/psoc creator/import/gnu/arm/4.9.3/bin/../lib/gcc/arm-none-eabi/4.9.3/../../../../arm-none-eabi/lib/armv7-m\libnosys.a(isatty.o)
 .debug_frame   0x00002fd0       0x20 c:/program files (x86)/cypress/psoc creator/3.3/psoc creator/import/gnu/arm/4.9.3/bin/../lib/gcc/arm-none-eabi/4.9.3/../../../../arm-none-eabi/lib/armv7-m\libnosys.a(lseek.o)
 .debug_frame   0x00002ff0       0x20 c:/program files (x86)/cypress/psoc creator/3.3/psoc creator/import/gnu/arm/4.9.3/bin/../lib/gcc/arm-none-eabi/4.9.3/../../../../arm-none-eabi/lib/armv7-m\libnosys.a(read.o)

.debug_str      0x00000000     0x2888
 *(.debug_str)
 .debug_str     0x00000000      0x1a1 .\CortexM3\ARM_GCC_493\Debug\Accel.o
                                0x1e9 (size before relaxing)
 .debug_str     0x000001a1        0x9 .\CortexM3\ARM_GCC_493\Debug\Gyro.o
                                0x197 (size before relaxing)
 .debug_str     0x000001aa       0xa0 .\CortexM3\ARM_GCC_493\Debug\I2C_made.o
                                0x228 (size before relaxing)
 .debug_str     0x0000024a       0x6d .\CortexM3\ARM_GCC_493\Debug\IR.o
                                0x206 (size before relaxing)
 .debug_str     0x000002b7       0x13 .\CortexM3\ARM_GCC_493\Debug\Magnet.o
                                0x1cb (size before relaxing)
 .debug_str     0x000002ca       0xbd .\CortexM3\ARM_GCC_493\Debug\Motor.o
                                0x25a (size before relaxing)
 .debug_str     0x00000387       0xa0 .\CortexM3\ARM_GCC_493\Debug\Ultra.o
                                0x23f (size before relaxing)
 .debug_str     0x00000427      0x285 .\CortexM3\ARM_GCC_493\Debug\Reflectance.o
                                0x438 (size before relaxing)
 .debug_str     0x000006ac       0x48 .\CortexM3\ARM_GCC_493\Debug\Nunchuk.o
                                0x241 (size before relaxing)
 .debug_str     0x000006f4       0x27 .\CortexM3\ARM_GCC_493\Debug\Ambient.o
                                0x196 (size before relaxing)
 .debug_str     0x0000071b       0x5d .\CortexM3\ARM_GCC_493\Debug\main.o
                                0x29f (size before relaxing)
 .debug_str     0x00000778       0x77 .\CortexM3\ARM_GCC_493\Debug\cymetadata.o
                                0x1e0 (size before relaxing)
 .debug_str     0x000007ef      0x160 .\CortexM3\ARM_GCC_493\Debug\Cm3Start.o
                                0x2f4 (size before relaxing)
 .debug_str     0x0000094f      0x185 .\CortexM3\ARM_GCC_493\Debug\ZumoBot_Lib.a(cyfitter_cfg.o)
                                0x32e (size before relaxing)
 .debug_str     0x00000ad4      0x187 .\CortexM3\ARM_GCC_493\Debug\ZumoBot_Lib.a(PWM.o)
                                0x33a (size before relaxing)
 .debug_str     0x00000c5b       0xff .\CortexM3\ARM_GCC_493\Debug\ZumoBot_Lib.a(I2C.o)
                                0x2d8 (size before relaxing)
 .debug_str     0x00000d5a       0x88 .\CortexM3\ARM_GCC_493\Debug\ZumoBot_Lib.a(I2C_INT.o)
                                0x249 (size before relaxing)
 .debug_str     0x00000de2       0x58 .\CortexM3\ARM_GCC_493\Debug\ZumoBot_Lib.a(I2C_PM.o)
                                0x267 (size before relaxing)
 .debug_str     0x00000e3a      0x12b .\CortexM3\ARM_GCC_493\Debug\ZumoBot_Lib.a(I2C_MASTER.o)
                                0x38e (size before relaxing)
 .debug_str     0x00000f65      0x289 .\CortexM3\ARM_GCC_493\Debug\ZumoBot_Lib.a(UART.o)
                                0x45f (size before relaxing)
 .debug_str     0x000011ee      0x185 .\CortexM3\ARM_GCC_493\Debug\ZumoBot_Lib.a(UART_IntClock.o)
                                0x32c (size before relaxing)
 .debug_str     0x00001373      0x7bc .\CortexM3\ARM_GCC_493\Debug\ZumoBot_Lib.a(CyLib.o)
                                0xa19 (size before relaxing)
 .debug_str     0x00001b2f      0x35b .\CortexM3\ARM_GCC_493\Debug\ZumoBot_Lib.a(cyPm.o)
                                0x711 (size before relaxing)
 .debug_str     0x00001e8a       0x78 .\CortexM3\ARM_GCC_493\Debug\ZumoBot_Lib.a(MotorDirLeft.o)
                                0x1fb (size before relaxing)
 .debug_str     0x00001f02       0x71 .\CortexM3\ARM_GCC_493\Debug\ZumoBot_Lib.a(MotorDirRight.o)
                                0x200 (size before relaxing)
 .debug_str     0x00001f73       0x35 .\CortexM3\ARM_GCC_493\Debug\ZumoBot_Lib.a(LL.o)
                                0x1c9 (size before relaxing)
 .debug_str     0x00001fa8      0x11b .\CortexM3\ARM_GCC_493\Debug\ZumoBot_Lib.a(Timer_LL.o)
                                0x30f (size before relaxing)
 .debug_str     0x000020c3      0x10f .\CortexM3\ARM_GCC_493\Debug\ZumoBot_Lib.a(Timer_RR.o)
                                0x30f (size before relaxing)
 .debug_str     0x000021d2      0x10f .\CortexM3\ARM_GCC_493\Debug\ZumoBot_Lib.a(Timer_RL.o)
                                0x30f (size before relaxing)
 .debug_str     0x000022e1       0x35 .\CortexM3\ARM_GCC_493\Debug\ZumoBot_Lib.a(RL.o)
                                0x1c9 (size before relaxing)
 .debug_str     0x00002316       0x35 .\CortexM3\ARM_GCC_493\Debug\ZumoBot_Lib.a(RR.o)
                                0x1c9 (size before relaxing)
 .debug_str     0x0000234b      0x10f .\CortexM3\ARM_GCC_493\Debug\ZumoBot_Lib.a(Timer_LR.o)
                                0x30f (size before relaxing)
 .debug_str     0x0000245a       0x35 .\CortexM3\ARM_GCC_493\Debug\ZumoBot_Lib.a(LR.o)
                                0x1c9 (size before relaxing)
 .debug_str     0x0000248f       0xf5 .\CortexM3\ARM_GCC_493\Debug\ZumoBot_Lib.a(Timer.o)
                                0x30f (size before relaxing)
 .debug_str     0x00002584       0x4e .\CortexM3\ARM_GCC_493\Debug\ZumoBot_Lib.a(Echo.o)
                                0x1d3 (size before relaxing)
 .debug_str     0x000025d2       0x6a .\CortexM3\ARM_GCC_493\Debug\ZumoBot_Lib.a(IR_receiver.o)
                                0x1f6 (size before relaxing)
 .debug_str     0x0000263c      0x19e .\CortexM3\ARM_GCC_493\Debug\ZumoBot_Lib.a(CyFlash.o)
                                0x38b (size before relaxing)
 .debug_str     0x000027da       0xae .\CortexM3\ARM_GCC_493\Debug\ZumoBot_Lib.a(CySpc.o)
                                0x314 (size before relaxing)

.debug_loc      0x00000000     0x2c26
 *(.debug_loc)
 .debug_loc     0x00000000       0x9f .\CortexM3\ARM_GCC_493\Debug\Accel.o
 .debug_loc     0x0000009f       0xa5 .\CortexM3\ARM_GCC_493\Debug\I2C_made.o
 .debug_loc     0x00000144      0x114 .\CortexM3\ARM_GCC_493\Debug\IR.o
 .debug_loc     0x00000258       0x78 .\CortexM3\ARM_GCC_493\Debug\Magnet.o
 .debug_loc     0x000002d0       0xde .\CortexM3\ARM_GCC_493\Debug\Motor.o
 .debug_loc     0x000003ae       0x70 .\CortexM3\ARM_GCC_493\Debug\Reflectance.o
 .debug_loc     0x0000041e       0x89 .\CortexM3\ARM_GCC_493\Debug\Nunchuk.o
 .debug_loc     0x000004a7      0x154 .\CortexM3\ARM_GCC_493\Debug\Ambient.o
 .debug_loc     0x000005fb      0x196 .\CortexM3\ARM_GCC_493\Debug\main.o
 .debug_loc     0x00000791      0x144 .\CortexM3\ARM_GCC_493\Debug\Cm3Start.o
 .debug_loc     0x000008d5      0x259 .\CortexM3\ARM_GCC_493\Debug\ZumoBot_Lib.a(cyfitter_cfg.o)
 .debug_loc     0x00000b2e       0x26 .\CortexM3\ARM_GCC_493\Debug\ZumoBot_Lib.a(PWM.o)
 .debug_loc     0x00000b54       0x39 .\CortexM3\ARM_GCC_493\Debug\ZumoBot_Lib.a(I2C.o)
 .debug_loc     0x00000b8d       0x29 .\CortexM3\ARM_GCC_493\Debug\ZumoBot_Lib.a(I2C_INT.o)
 .debug_loc     0x00000bb6       0x13 .\CortexM3\ARM_GCC_493\Debug\ZumoBot_Lib.a(I2C_PM.o)
 .debug_loc     0x00000bc9      0x52f .\CortexM3\ARM_GCC_493\Debug\ZumoBot_Lib.a(I2C_MASTER.o)
 .debug_loc     0x000010f8      0x258 .\CortexM3\ARM_GCC_493\Debug\ZumoBot_Lib.a(UART.o)
 .debug_loc     0x00001350      0x128 .\CortexM3\ARM_GCC_493\Debug\ZumoBot_Lib.a(UART_IntClock.o)
 .debug_loc     0x00001478      0xa11 .\CortexM3\ARM_GCC_493\Debug\ZumoBot_Lib.a(CyLib.o)
 .debug_loc     0x00001e89      0x1e4 .\CortexM3\ARM_GCC_493\Debug\ZumoBot_Lib.a(cyPm.o)
 .debug_loc     0x0000206d       0x55 .\CortexM3\ARM_GCC_493\Debug\ZumoBot_Lib.a(MotorDirLeft.o)
 .debug_loc     0x000020c2       0x42 .\CortexM3\ARM_GCC_493\Debug\ZumoBot_Lib.a(MotorDirRight.o)
 .debug_loc     0x00002104       0x42 .\CortexM3\ARM_GCC_493\Debug\ZumoBot_Lib.a(LL.o)
 .debug_loc     0x00002146       0x42 .\CortexM3\ARM_GCC_493\Debug\ZumoBot_Lib.a(RL.o)
 .debug_loc     0x00002188       0x42 .\CortexM3\ARM_GCC_493\Debug\ZumoBot_Lib.a(RR.o)
 .debug_loc     0x000021ca       0x42 .\CortexM3\ARM_GCC_493\Debug\ZumoBot_Lib.a(LR.o)
 .debug_loc     0x0000220c       0x36 .\CortexM3\ARM_GCC_493\Debug\ZumoBot_Lib.a(Timer.o)
 .debug_loc     0x00002242       0x42 .\CortexM3\ARM_GCC_493\Debug\ZumoBot_Lib.a(Echo.o)
 .debug_loc     0x00002284       0x55 .\CortexM3\ARM_GCC_493\Debug\ZumoBot_Lib.a(IR_receiver.o)
 .debug_loc     0x000022d9      0x300 .\CortexM3\ARM_GCC_493\Debug\ZumoBot_Lib.a(CyFlash.o)
 .debug_loc     0x000025d9      0x64d .\CortexM3\ARM_GCC_493\Debug\ZumoBot_Lib.a(CySpc.o)

.debug_macinfo
 *(.debug_macinfo)

.debug_ranges   0x00000000      0xbd0
 *(.debug_ranges)
 .debug_ranges  0x00000000       0x10 .\CortexM3\ARM_GCC_493\Debug\Accel.o
 .debug_ranges  0x00000010       0x18 .\CortexM3\ARM_GCC_493\Debug\I2C_made.o
 .debug_ranges  0x00000028       0x30 .\CortexM3\ARM_GCC_493\Debug\IR.o
 .debug_ranges  0x00000058       0x10 .\CortexM3\ARM_GCC_493\Debug\Magnet.o
 .debug_ranges  0x00000068       0x30 .\CortexM3\ARM_GCC_493\Debug\Motor.o
 .debug_ranges  0x00000098       0x18 .\CortexM3\ARM_GCC_493\Debug\Ultra.o
 .debug_ranges  0x000000b0       0x28 .\CortexM3\ARM_GCC_493\Debug\Reflectance.o
 .debug_ranges  0x000000d8       0x20 .\CortexM3\ARM_GCC_493\Debug\Nunchuk.o
 .debug_ranges  0x000000f8       0x10 .\CortexM3\ARM_GCC_493\Debug\Ambient.o
 .debug_ranges  0x00000108       0x20 .\CortexM3\ARM_GCC_493\Debug\main.o
 .debug_ranges  0x00000128       0x38 .\CortexM3\ARM_GCC_493\Debug\Cm3Start.o
 .debug_ranges  0x00000160       0x48 .\CortexM3\ARM_GCC_493\Debug\ZumoBot_Lib.a(cyfitter_cfg.o)