Archive member included because of file (symbol)

.\CortexM3\ARM_GCC_493\Debug\ZumoBot_Lib_GyroAccel2.a(cyfitter_cfg.o)
                              .\CortexM3\ARM_GCC_493\Debug\Cm3Start.o (cyfitter_cfg)
.\CortexM3\ARM_GCC_493\Debug\ZumoBot_Lib_GyroAccel2.a(PWM.o)
                              .\CortexM3\ARM_GCC_493\Debug\Motor.o (PWM_Stop)
.\CortexM3\ARM_GCC_493\Debug\ZumoBot_Lib_GyroAccel2.a(I2C.o)
                              .\CortexM3\ARM_GCC_493\Debug\Nunchuk.o (I2C_Start)
.\CortexM3\ARM_GCC_493\Debug\ZumoBot_Lib_GyroAccel2.a(I2C_INT.o)
                              .\CortexM3\ARM_GCC_493\Debug\ZumoBot_Lib_GyroAccel2.a(I2C.o) (I2C_ISR)
.\CortexM3\ARM_GCC_493\Debug\ZumoBot_Lib_GyroAccel2.a(I2C_PM.o)
                              .\CortexM3\ARM_GCC_493\Debug\ZumoBot_Lib_GyroAccel2.a(I2C.o) (I2C_backup)
.\CortexM3\ARM_GCC_493\Debug\ZumoBot_Lib_GyroAccel2.a(I2C_MASTER.o)
                              .\CortexM3\ARM_GCC_493\Debug\I2C_made.o (I2C_MasterWriteBuf)
.\CortexM3\ARM_GCC_493\Debug\ZumoBot_Lib_GyroAccel2.a(UART.o)
                              .\CortexM3\ARM_GCC_493\Debug\main.o (UART_Start)
.\CortexM3\ARM_GCC_493\Debug\ZumoBot_Lib_GyroAccel2.a(UART_IntClock.o)
                              .\CortexM3\ARM_GCC_493\Debug\ZumoBot_Lib_GyroAccel2.a(UART.o) (UART_IntClock_Start)
.\CortexM3\ARM_GCC_493\Debug\ZumoBot_Lib_GyroAccel2.a(CyBootAsmGnu.o)
                              .\CortexM3\ARM_GCC_493\Debug\ZumoBot_Lib_GyroAccel2.a(cyfitter_cfg.o) (CyDelayCycles)
.\CortexM3\ARM_GCC_493\Debug\ZumoBot_Lib_GyroAccel2.a(CyLib.o)
                              .\CortexM3\ARM_GCC_493\Debug\Cm3Start.o (CyHalt)
.\CortexM3\ARM_GCC_493\Debug\ZumoBot_Lib_GyroAccel2.a(cyPm.o)
                              .\CortexM3\ARM_GCC_493\Debug\ZumoBot_Lib_GyroAccel2.a(CyLib.o) (CyPmReadStatus)
.\CortexM3\ARM_GCC_493\Debug\ZumoBot_Lib_GyroAccel2.a(MotorDirLeft.o)
                              .\CortexM3\ARM_GCC_493\Debug\Motor.o (MotorDirLeft_Write)
.\CortexM3\ARM_GCC_493\Debug\ZumoBot_Lib_GyroAccel2.a(MotorDirRight.o)
                              .\CortexM3\ARM_GCC_493\Debug\Motor.o (MotorDirRight_Write)
.\CortexM3\ARM_GCC_493\Debug\ZumoBot_Lib_GyroAccel2.a(LL.o)
                              .\CortexM3\ARM_GCC_493\Debug\Reflectance.o (LL_Write)
.\CortexM3\ARM_GCC_493\Debug\ZumoBot_Lib_GyroAccel2.a(Timer_LL.o)
                              .\CortexM3\ARM_GCC_493\Debug\Reflectance.o (Timer_LL_ReadStatusRegister)
.\CortexM3\ARM_GCC_493\Debug\ZumoBot_Lib_GyroAccel2.a(Timer_RR.o)
                              .\CortexM3\ARM_GCC_493\Debug\Reflectance.o (Timer_RR_ReadStatusRegister)
.\CortexM3\ARM_GCC_493\Debug\ZumoBot_Lib_GyroAccel2.a(Timer_RL.o)
                              .\CortexM3\ARM_GCC_493\Debug\Reflectance.o (Timer_RL_ReadStatusRegister)
.\CortexM3\ARM_GCC_493\Debug\ZumoBot_Lib_GyroAccel2.a(RL.o)
                              .\CortexM3\ARM_GCC_493\Debug\Reflectance.o (RL_Write)
.\CortexM3\ARM_GCC_493\Debug\ZumoBot_Lib_GyroAccel2.a(RR.o)
                              .\CortexM3\ARM_GCC_493\Debug\Reflectance.o (RR_Write)
.\CortexM3\ARM_GCC_493\Debug\ZumoBot_Lib_GyroAccel2.a(Timer_LR.o)
                              .\CortexM3\ARM_GCC_493\Debug\Reflectance.o (Timer_LR_ReadStatusRegister)
.\CortexM3\ARM_GCC_493\Debug\ZumoBot_Lib_GyroAccel2.a(LR.o)
                              .\CortexM3\ARM_GCC_493\Debug\Reflectance.o (LR_Write)
.\CortexM3\ARM_GCC_493\Debug\ZumoBot_Lib_GyroAccel2.a(Timer.o)
                              .\CortexM3\ARM_GCC_493\Debug\Ultra.o (Timer_Stop)
.\CortexM3\ARM_GCC_493\Debug\ZumoBot_Lib_GyroAccel2.a(Echo.o)
                              .\CortexM3\ARM_GCC_493\Debug\Ultra.o (Echo_Read)
.\CortexM3\ARM_GCC_493\Debug\ZumoBot_Lib_GyroAccel2.a(ultra_isr.o)
                              .\CortexM3\ARM_GCC_493\Debug\Ultra.o (ultra_isr_StartEx)
.\CortexM3\ARM_GCC_493\Debug\ZumoBot_Lib_GyroAccel2.a(Trig.o)
                              .\CortexM3\ARM_GCC_493\Debug\Ultra.o (Trig_Write)
.\CortexM3\ARM_GCC_493\Debug\ZumoBot_Lib_GyroAccel2.a(IR_receiver.o)
                              .\CortexM3\ARM_GCC_493\Debug\IR.o (IR_receiver_Read)
.\CortexM3\ARM_GCC_493\Debug\ZumoBot_Lib_GyroAccel2.a(CyFlash.o)
                              .\CortexM3\ARM_GCC_493\Debug\ZumoBot_Lib_GyroAccel2.a(cyPm.o) (CyFlash_SetWaitCycles)
.\CortexM3\ARM_GCC_493\Debug\ZumoBot_Lib_GyroAccel2.a(CySpc.o)
                              .\CortexM3\ARM_GCC_493\Debug\ZumoBot_Lib_GyroAccel2.a(CyFlash.o) (CySpcStart)
c:/program files (x86)/cypress/psoc creator/3.3/psoc creator/import/gnu/arm/4.9.3/bin/../lib/gcc/arm-none-eabi/4.9.3/../../../../arm-none-eabi/lib/armv7-m\libm.a(lib_a-w_atan2.o)
                              .\CortexM3\ARM_GCC_493\Debug\Magnet.o (atan2)
c:/program files (x86)/cypress/psoc creator/3.3/psoc creator/import/gnu/arm/4.9.3/bin/../lib/gcc/arm-none-eabi/4.9.3/../../../../arm-none-eabi/lib/armv7-m\libm.a(lib_a-w_pow.o)
                              .\CortexM3\ARM_GCC_493\Debug\IR.o (pow)
[...]
Memory Configuration

Name             Origin             Length             Attributes
rom              0x00000000         0x00040000         xr
ram              0x1fff8000         0x00010000         xrw
*default*        0x00000000         0xffffffff

Linker script and memory map

LOAD c:/program files (x86)/cypress/psoc creator/3.3/psoc creator/import/gnu/arm/4.9.3/bin/../lib/gcc/arm-none-eabi/4.9.3/armv7-m/crti.o
LOAD c:/program files (x86)/cypress/psoc creator/3.3/psoc creator/import/gnu/arm/4.9.3/bin/../lib/gcc/arm-none-eabi/4.9.3/armv7-m/crtbegin.o
LOAD c:/program files (x86)/cypress/psoc creator/3.3/psoc creator/import/gnu/arm/4.9.3/bin/../lib/gcc/arm-none-eabi/4.9.3/../../../../arm-none-eabi/lib/armv7-m/crt0.o
START GROUP
LOAD .\CortexM3\ARM_GCC_493\Debug\Accel.o
LOAD .\CortexM3\ARM_GCC_493\Debug\Gyro.o
LOAD .\CortexM3\ARM_GCC_493\Debug\I2C_made.o
LOAD .\CortexM3\ARM_GCC_493\Debug\IR.o
LOAD .\CortexM3\ARM_GCC_493\Debug\Magnet.o
LOAD .\CortexM3\ARM_GCC_493\Debug\Motor.o
LOAD .\CortexM3\ARM_GCC_493\Debug\Ultra.o
LOAD .\CortexM3\ARM_GCC_493\Debug\Reflectance.o
LOAD .\CortexM3\ARM_GCC_493\Debug\Nunchuk.o
LOAD .\CortexM3\ARM_GCC_493\Debug\Ambient.o
LOAD .\CortexM3\ARM_GCC_493\Debug\main.o
LOAD .\CortexM3\ARM_GCC_493\Debug\cymetadata.o
LOAD .\CortexM3\ARM_GCC_493\Debug\Cm3Start.o
LOAD .\CortexM3\ARM_GCC_493\Debug\ZumoBot_Lib_GyroAccel2.a
LOAD C:\Program Files (x86)\Cypress\PSoC Creator\3.3\PSoC Creator\psoc\content\cycomponentlibrary\CyComponentLibrary.cylib\CortexM3\ARM_GCC_493\Debug\CyComponentLibrary.a
LOAD c:/program files (x86)/cypress/psoc creator/3.3/psoc creator/import/gnu/arm/4.9.3/bin/../lib/gcc/arm-none-eabi/4.9.3/../../../../arm-none-eabi/lib/armv7-m\libm.a
END GROUP
START GROUP
LOAD c:/program files (x86)/cypress/psoc creator/3.3/psoc creator/import/gnu/arm/4.9.3/bin/../lib/gcc/arm-none-eabi/4.9.3/armv7-m\libgcc.a
LOAD c:/program files (x86)/cypress/psoc creator/3.3/psoc creator/import/gnu/arm/4.9.3/bin/../lib/gcc/arm-none-eabi/4.9.3/../../../../arm-none-eabi/lib/armv7-m\libg_nano.a
LOAD c:/program files (x86)/cypress/psoc creator/3.3/psoc creator/import/gnu/arm/4.9.3/bin/../lib/gcc/arm-none-eabi/4.9.3/../../../../arm-none-eabi/lib/armv7-m\libc_nano.a
END GROUP
START GROUP
LOAD c:/program files (x86)/cypress/psoc creator/3.3/psoc creator/import/gnu/arm/4.9.3/bin/../lib/gcc/arm-none-eabi/4.9.3/armv7-m\libgcc.a
LOAD c:/program files (x86)/cypress/psoc creator/3.3/psoc creator/import/gnu/arm/4.9.3/bin/../lib/gcc/arm-none-eabi/4.9.3/../../../../arm-none-eabi/lib/armv7-m\libc_nano.a
END GROUP
LOAD c:/program files (x86)/cypress/psoc creator/3.3/psoc creator/import/gnu/arm/4.9.3/bin/../lib/gcc/arm-none-eabi/4.9.3/armv7-m/crtend.o
LOAD c:/program files (x86)/cypress/psoc creator/3.3/psoc creator/import/gnu/arm/4.9.3/bin/../lib/gcc/arm-none-eabi/4.9.3/armv7-m/crtn.o
START GROUP
LOAD c:/program files (x86)/cypress/psoc creator/3.3/psoc creator/import/gnu/arm/4.9.3/bin/../lib/gcc/arm-none-eabi/4.9.3/armv7-m\libgcc.a
LOAD c:/program files (x86)/cypress/psoc creator/3.3/psoc creator/import/gnu/arm/4.9.3/bin/../lib/gcc/arm-none-eabi/4.9.3/../../../../arm-none-eabi/lib/armv7-m\libc.a
LOAD c:/program files (x86)/cypress/psoc creator/3.3/psoc creator/import/gnu/arm/4.9.3/bin/../lib/gcc/arm-none-eabi/4.9.3/../../../../arm-none-eabi/lib/armv7-m\libnosys.a
END GROUP
                0x00000000                CY_APPL_ORIGIN = 0x0
                0x00000100                CY_FLASH_ROW_SIZE = 0x100
                0x00000020                CY_ECC_ROW_SIZE = 0x20
                0x00000000                CY_EE_IN_BTLDR = 0x0
                0x00000000                CY_APPL_LOADABLE = 0x0
                0x00000800                CY_EE_SIZE = 0x800
                0x00000001                CY_APPL_NUM = 0x1
                0x00000001                CY_APPL_MAX = 0x1
                0x00000040                CY_METADATA_SIZE = 0x40
                0x00000000                CY_APPL_LOADABLE = 0x0
                0x00000000                CY_CHECKSUM_EXCLUDE_SIZE = ALIGN (0x0, CY_FLASH_ROW_SIZE)
                0x1fff8200                PROVIDE (__cy_heap_start, _end)
                0x00000001                PROVIDE (__cy_region_num, ((__cy_regions_end - __cy_regions) / 0x10))
                0x20008000                PROVIDE (__cy_stack, (ORIGIN (ram) + 0x10000))
                0x20007800                PROVIDE (__cy_heap_end, (__cy_stack - 0x800))

.cybootloader   0x00000000        0x0
 *(.cybootloader)
                0x00000000                appl1_start = CY_APPL_ORIGIN?CY_APPL_ORIGIN:ALIGN (CY_FLASH_ROW_SIZE)
                0x0001ff00                appl2_start = (appl1_start + ALIGN ((((0x40000 - appl1_start) - (0x2 * CY_FLASH_ROW_SIZE)) / 0x2), CY_FLASH_ROW_SIZE))
                0x00000000                appl_start = (CY_APPL_NUM == 0x1)?appl1_start:appl2_start
                0x00000000                ecc_offset = ((appl_start / CY_FLASH_ROW_SIZE) * CY_ECC_ROW_SIZE)
                0x00000000                ee_offset = (CY_APPL_LOADABLE && ! (CY_EE_IN_BTLDR))?((CY_EE_SIZE / CY_APPL_MAX) * (CY_APPL_NUM - 0x1)):0x0
                0x00000800                ee_size = (CY_APPL_LOADABLE && ! (CY_EE_IN_BTLDR))?(CY_EE_SIZE / CY_APPL_MAX):CY_EE_SIZE
                0x00000000                PROVIDE (CY_ECC_OFFSET, ecc_offset)

.text           0x00000000     0x4864
 CREATE_OBJECT_SYMBOLS
                0x00000000                PROVIDE (__cy_interrupt_vector, RomVectors)
 *(.romvectors)
 .romvectors    0x00000000       0x10 .\CortexM3\ARM_GCC_493\Debug\Cm3Start.o
                0x00000000                RomVectors
                0x00000001                ASSERT ((. != __cy_interrupt_vector), No interrupt vector)
                0x00000001                ASSERT (CY_APPL_ORIGIN?(SIZEOF (.cybootloader) <= CY_APPL_ORIGIN):0x1, Wrong image location)
                0x00000010                PROVIDE (__cy_reset, Reset)
 *(.text.Reset)
 .text.Reset    0x00000010       0x18 .\CortexM3\ARM_GCC_493\Debug\Cm3Start.o
                0x00000010                Reset
                0x00000001                ASSERT ((. != __cy_reset), No reset code)
 *(.dma_init)
                0x00000001                ASSERT ((((appl_start + .) <= 0x10000) || 0x1), DMA Init must be within the first 64k of flash)
 *(.text .text.* .gnu.linkonce.t.*)
 .text          0x00000028       0x5c c:/program files (x86)/cypress/psoc creator/3.3/psoc creator/import/gnu/arm/4.9.3/bin/../lib/gcc/arm-none-eabi/4.9.3/armv7-m/crtbegin.o
 .text.I2C_write
                0x00000084       0x2c .\CortexM3\ARM_GCC_493\Debug\I2C_made.o
                0x00000084                I2C_write
 .text.I2C_read
                0x000000b0       0x58 .\CortexM3\ARM_GCC_493\Debug\I2C_made.o
                0x000000b0                I2C_read
 .text.convert_raw
                0x00000108        0x8 .\CortexM3\ARM_GCC_493\Debug\I2C_made.o
                0x00000108                convert_raw
 .text.value_convert_accel
                0x00000110      0x158 .\CortexM3\ARM_GCC_493\Debug\main.o
                0x00000110                value_convert_accel
 .text.main     0x00000268      0x160 .\CortexM3\ARM_GCC_493\Debug\main.o
                0x00000268                main
 .text._write   0x000003c8       0x1c .\CortexM3\ARM_GCC_493\Debug\main.o
                0x000003c8                _write
 .text.IntDefaultHandler
                0x000003e4        0x4 .\CortexM3\ARM_GCC_493\Debug\Cm3Start.o
                0x000003e4                IntDefaultHandler
 .text._sbrk    0x000003e8       0x30 .\CortexM3\ARM_GCC_493\Debug\Cm3Start.o
                0x000003e8                _sbrk
 .text.Start_c  0x00000418       0x4c .\CortexM3\ARM_GCC_493\Debug\Cm3Start.o
                0x00000418                Start_c
 .text.initialize_psoc
                0x00000464       0x74 .\CortexM3\ARM_GCC_493\Debug\Cm3Start.o
                0x00000464                initialize_psoc
 .text.CyClockStartupError
                0x000004d8        0x4 .\CortexM3\ARM_GCC_493\Debug\ZumoBot_Lib_GyroAccel2.a(cyfitter_cfg.o)
 .text.cfg_write_bytes32
                0x000004dc       0x34 .\CortexM3\ARM_GCC_493\Debug\ZumoBot_Lib_GyroAccel2.a(cyfitter_cfg.o)
 .text.AnalogSetDefault
                0x00000510       0x28 .\CortexM3\ARM_GCC_493\Debug\ZumoBot_Lib_GyroAccel2.a(cyfitter_cfg.o)
 .text.CYMEMZERO
                0x00000538        0xc .\CortexM3\ARM_GCC_493\Debug\ZumoBot_Lib_GyroAccel2.a(cyfitter_cfg.o)
 .text.ClockSetup
                0x00000544       0xd0 .\CortexM3\ARM_GCC_493\Debug\ZumoBot_Lib_GyroAccel2.a(cyfitter_cfg.o)
 .text.CYCONFIGCPY
                0x00000614        0x8 .\CortexM3\ARM_GCC_493\Debug\ZumoBot_Lib_GyroAccel2.a(cyfitter_cfg.o)
 .text.cyfitter_cfg
                0x0000061c      0x144 .\CortexM3\ARM_GCC_493\Debug\ZumoBot_Lib_GyroAccel2.a(cyfitter_cfg.o)
                0x0000061c                cyfitter_cfg
 .text.I2C_Init
                0x00000760       0x68 .\CortexM3\ARM_GCC_493\Debug\ZumoBot_Lib_GyroAccel2.a(I2C.o)
                0x00000760                I2C_Init
 .text.I2C_Enable
                0x000007c8       0x24 .\CortexM3\ARM_GCC_493\Debug\ZumoBot_Lib_GyroAccel2.a(I2C.o)
                0x000007c8                I2C_Enable
 .text.I2C_Start
                0x000007ec       0x28 .\CortexM3\ARM_GCC_493\Debug\ZumoBot_Lib_GyroAccel2.a(I2C.o)
                0x000007ec                I2C_Start
 .text.I2C_ISR  0x00000814      0x2cc .\CortexM3\ARM_GCC_493\Debug\ZumoBot_Lib_GyroAccel2.a(I2C_INT.o)
                0x00000814                I2C_ISR
 .text.I2C_MasterWriteBuf
                0x00000ae0       0xcc .\CortexM3\ARM_GCC_493\Debug\ZumoBot_Lib_GyroAccel2.a(I2C_MASTER.o)
                0x00000ae0                I2C_MasterWriteBuf
 .text.I2C_MasterReadBuf
                0x00000bac       0xd0 .\CortexM3\ARM_GCC_493\Debug\ZumoBot_Lib_GyroAccel2.a(I2C_MASTER.o)
                0x00000bac                I2C_MasterReadBuf
 .text.I2C_MasterStatus
                0x00000c7c       0x38 .\CortexM3\ARM_GCC_493\Debug\ZumoBot_Lib_GyroAccel2.a(I2C_MASTER.o)
                0x00000c7c                I2C_MasterStatus
 .text.I2C_MasterClearStatus
                0x00000cb4       0x24 .\CortexM3\ARM_GCC_493\Debug\ZumoBot_Lib_GyroAccel2.a(I2C_MASTER.o)
                0x00000cb4                I2C_MasterClearStatus
 .text.UART_Init
                0x00000cd8       0x24 .\CortexM3\ARM_GCC_493\Debug\ZumoBot_Lib_GyroAccel2.a(UART.o)
                0x00000cd8                UART_Init
 .text.UART_Enable
                0x00000cfc       0x38 .\CortexM3\ARM_GCC_493\Debug\ZumoBot_Lib_GyroAccel2.a(UART.o)
                0x00000cfc                UART_Enable
 .text.UART_Start
                0x00000d34       0x1c .\CortexM3\ARM_GCC_493\Debug\ZumoBot_Lib_GyroAccel2.a(UART.o)
                0x00000d34                UART_Start
 .text.UART_PutChar
                0x00000d50       0x18 .\CortexM3\ARM_GCC_493\Debug\ZumoBot_Lib_GyroAccel2.a(UART.o)
                0x00000d50                UART_PutChar
 .text.UART_IntClock_Start
                0x00000d68       0x1c .\CortexM3\ARM_GCC_493\Debug\ZumoBot_Lib_GyroAccel2.a(UART_IntClock.o)
                0x00000d68                UART_IntClock_Start
 *fill*         0x00000d84        0x4 
 .text          0x00000d88       0x20 .\CortexM3\ARM_GCC_493\Debug\ZumoBot_Lib_GyroAccel2.a(CyBootAsmGnu.o)
                0x00000d88                CyDelayCycles
                0x00000d98                CyEnterCriticalSection
                0x00000da0                CyExitCriticalSection
 .text.CyHalt   0x00000da8        0x4 .\CortexM3\ARM_GCC_493\Debug\ZumoBot_Lib_GyroAccel2.a(CyLib.o)
                0x00000da8                CyHalt
 .text.CyDelay  0x00000dac       0x2c .\CortexM3\ARM_GCC_493\Debug\ZumoBot_Lib_GyroAccel2.a(CyLib.o)
                0x00000dac                CyDelay
 .text.CyIntSetVector
                0x00000dd8       0x28 .\CortexM3\ARM_GCC_493\Debug\ZumoBot_Lib_GyroAccel2.a(CyLib.o)
                0x00000dd8                CyIntSetVector
 .text.CyIntSetPriority
                0x00000e00       0x30 .\CortexM3\ARM_GCC_493\Debug\ZumoBot_Lib_GyroAccel2.a(CyLib.o)
                0x00000e00                CyIntSetPriority
 .text.atan2    0x00000e30        0x4 c:/program files (x86)/cypress/psoc creator/3.3/psoc creator/import/gnu/arm/4.9.3/bin/../lib/gcc/arm-none-eabi/4.9.3/../../../../arm-none-eabi/lib/armv7-m\libm.a(lib_a-w_atan2.o)
                0x00000e30                atan2
 *fill*         0x00000e34        0x4 
 .text.__ieee754_atan2
                0x00000e38      0x1b8 c:/program files (x86)/cypress/psoc creator/3.3/psoc creator/import/gnu/arm/4.9.3/bin/../lib/gcc/arm-none-eabi/4.9.3/../../../../arm-none-eabi/lib/armv7-m\libm.a(lib_a-e_atan2.o)
                0x00000e38                __ieee754_atan2
 .text.atan     0x00000ff0      0x338 c:/program files (x86)/cypress/psoc creator/3.3/psoc creator/import/gnu/arm/4.9.3/bin/../lib/gcc/arm-none-eabi/4.9.3/../../../../arm-none-eabi/lib/armv7-m\libm.a(lib_a-s_atan.o)
                0x00000ff0                atan
 .text.fabs     0x00001328        0x8 c:/program files (x86)/cypress/psoc creator/3.3/psoc creator/import/gnu/arm/4.9.3/bin/../lib/gcc/arm-none-eabi/4.9.3/../../../../arm-none-eabi/lib/armv7-m\libm.a(lib_a-s_fabs.o)
                0x00001328                fabs
 .text.__fpclassifyd
                0x00001330       0x58 c:/program files (x86)/cypress/psoc creator/3.3/psoc creator/import/gnu/arm/4.9.3/bin/../lib/gcc/arm-none-eabi/4.9.3/../../../../arm-none-eabi/lib/armv7-m\libm.a(lib_a-s_fpclassify.o)
                0x00001330                __fpclassifyd
 .text          0x00001388      0x370 c:/program files (x86)/cypress/psoc creator/3.3/psoc creator/import/gnu/arm/4.9.3/bin/../lib/gcc/arm-none-eabi/4.9.3/armv7-m\libgcc.a(_arm_addsubdf3.o)
                0x00001388                __aeabi_drsub
                0x00001390                __aeabi_dsub
                0x00001390                __subdf3
                0x00001394                __aeabi_dadd
                0x00001394                __adddf3
                0x0000160c                __floatunsidf
                0x0000160c                __aeabi_ui2d
                0x0000162c                __floatsidf
                0x0000162c                __aeabi_i2d
                0x00001650                __aeabi_f2d
                0x00001650                __extendsfdf2
                0x0000168c                __floatundidf
                0x0000168c                __aeabi_ul2d
                0x0000169c                __floatdidf
                0x0000169c                __aeabi_l2d
 .text          0x000016f8      0x424 c:/program files (x86)/cypress/psoc creator/3.3/psoc creator/import/gnu/arm/4.9.3/bin/../lib/gcc/arm-none-eabi/4.9.3/armv7-m\libgcc.a(_arm_muldivdf3.o)
                0x000016f8                __aeabi_dmul
                0x000016f8                __muldf3
                0x0000194c                __divdf3
                0x0000194c                __aeabi_ddiv
 .text          0x00001b1c      0x110 c:/program files (x86)/cypress/psoc creator/3.3/psoc creator/import/gnu/arm/4.9.3/bin/../lib/gcc/arm-none-eabi/4.9.3/armv7-m\libgcc.a(_arm_cmpdf2.o)
                0x00001b1c                __gtdf2
                0x00001b1c                __gedf2
                0x00001b24                __ltdf2
                0x00001b24                __ledf2
                0x00001b2c                __nedf2
                0x00001b2c                __eqdf2
                0x00001b2c                __cmpdf2
                0x00001ba8                __aeabi_cdrcmple
                0x00001bb8                __aeabi_cdcmpeq
                0x00001bb8                __aeabi_cdcmple
                0x00001bc8                __aeabi_dcmpeq
                0x00001bdc                __aeabi_dcmplt
                0x00001bf0                __aeabi_dcmple
                0x00001c04                __aeabi_dcmpge
                0x00001c18                __aeabi_dcmpgt
 .text          0x00001c2c       0xa0 c:/program files (x86)/cypress/psoc creator/3.3/psoc creator/import/gnu/arm/4.9.3/bin/../lib/gcc/arm-none-eabi/4.9.3/armv7-m\libgcc.a(_arm_truncdfsf2.o)
                0x00001c2c                __truncdfsf2
                0x00001c2c                __aeabi_d2f
 .text          0x00001ccc      0x21c c:/program files (x86)/cypress/psoc creator/3.3/psoc creator/import/gnu/arm/4.9.3/bin/../lib/gcc/arm-none-eabi/4.9.3/armv7-m\libgcc.a(_arm_addsubsf3.o)
                0x00001ccc                __aeabi_frsub
                0x00001cd4                __subsf3
                0x00001cd4                __aeabi_fsub
                0x00001cd8                __aeabi_fadd
                0x00001cd8                __addsf3
                0x00001e38                __aeabi_ui2f
                0x00001e38                __floatunsisf
                0x00001e40                __aeabi_i2f
                0x00001e40                __floatsisf
                0x00001e5c                __aeabi_ul2f
                0x00001e5c                __floatundisf
                0x00001e6c                __aeabi_l2f
                0x00001e6c                __floatdisf
 .text          0x00001ee8      0x2a0 c:/program files (x86)/cypress/psoc creator/3.3/psoc creator/import/gnu/arm/4.9.3/bin/../lib/gcc/arm-none-eabi/4.9.3/armv7-m\libgcc.a(_arm_muldivsf3.o)
                0x00001ee8                __mulsf3
                0x00001ee8                __aeabi_fmul
                0x00002050                __aeabi_fdiv
                0x00002050                __divsf3
 .text.__errno  0x00002188        0xc c:/program files (x86)/cypress/psoc creator/3.3/psoc creator/import/gnu/arm/4.9.3/bin/../lib/gcc/arm-none-eabi/4.9.3/../../../../arm-none-eabi/lib/armv7-m\libg_nano.a(lib_a-errno.o)
                0x00002188                __errno
 .text.__libc_init_array
                0x00002194       0x4c c:/program files (x86)/cypress/psoc creator/3.3/psoc creator/import/gnu/arm/4.9.3/bin/../lib/gcc/arm-none-eabi/4.9.3/../../../../arm-none-eabi/lib/armv7-m\libg_nano.a(lib_a-init.o)
                0x00002194                __libc_init_array
 .text.memcpy   0x000021e0       0x16 c:/program files (x86)/cypress/psoc creator/3.3/psoc creator/import/gnu/arm/4.9.3/bin/../lib/gcc/arm-none-eabi/4.9.3/../../../../arm-none-eabi/lib/armv7-m\libg_nano.a(lib_a-memcpy.o)
                0x000021e0                memcpy
 .text.memset   0x000021f6       0x10 c:/program files (x86)/cypress/psoc creator/3.3/psoc creator/import/gnu/arm/4.9.3/bin/../lib/gcc/arm-none-eabi/4.9.3/../../../../arm-none-eabi/lib/armv7-m\libg_nano.a(lib_a-memset.o)
                0x000021f6                memset
 .text.__cvt    0x00002206       0xbc c:/program files (x86)/cypress/psoc creator/3.3/psoc creator/import/gnu/arm/4.9.3/bin/../lib/gcc/arm-none-eabi/4.9.3/../../../../arm-none-eabi/lib/armv7-m\libg_nano.a(lib_a-nano-vfprintf_float.o)
                0x00002206                __cvt
 .text.__exponent
                0x000022c2       0x62 c:/program files (x86)/cypress/psoc creator/3.3/psoc creator/import/gnu/arm/4.9.3/bin/../lib/gcc/arm-none-eabi/4.9.3/../../../../arm-none-eabi/lib/armv7-m\libg_nano.a(lib_a-nano-vfprintf_float.o)
                0x000022c2                __exponent
 .text._printf_float
                0x00002324      0x48c c:/program files (x86)/cypress/psoc creator/3.3/psoc creator/import/gnu/arm/4.9.3/bin/../lib/gcc/arm-none-eabi/4.9.3/../../../../arm-none-eabi/lib/armv7-m\libg_nano.a(lib_a-nano-vfprintf_float.o)
                0x00002324                _printf_float
 .text._printf_common
                0x000027b0       0xea c:/program files (x86)/cypress/psoc creator/3.3/psoc creator/import/gnu/arm/4.9.3/bin/../lib/gcc/arm-none-eabi/4.9.3/../../../../arm-none-eabi/lib/armv7-m\libg_nano.a(lib_a-nano-vfprintf_i.o)
                0x000027b0                _printf_common
 *fill*         0x0000289a        0x2 
 .text._printf_i
                0x0000289c      0x240 c:/program files (x86)/cypress/psoc creator/3.3/psoc creator/import/gnu/arm/4.9.3/bin/../lib/gcc/arm-none-eabi/4.9.3/../../../../arm-none-eabi/lib/armv7-m\libg_nano.a(lib_a-nano-vfprintf_i.o)
                0x0000289c                _printf_i
 .text.printf   0x00002adc       0x30 c:/program files (x86)/cypress/psoc creator/3.3/psoc creator/import/gnu/arm/4.9.3/bin/../lib/gcc/arm-none-eabi/4.9.3/../../../../arm-none-eabi/lib/armv7-m\libg_nano.a(lib_a-printf.o)
                0x00002adc                iprintf
                0x00002adc                printf
 .text.strlen   0x00002b0c       0x10 c:/program files (x86)/cypress/psoc creator/3.3/psoc creator/import/gnu/arm/4.9.3/bin/../lib/gcc/arm-none-eabi/4.9.3/../../../../arm-none-eabi/lib/armv7-m\libg_nano.a(lib_a-strlen.o)
                0x00002b0c                strlen
 .text.quorem   0x00002b1c      0x114 c:/program files (x86)/cypress/psoc creator/3.3/psoc creator/import/gnu/arm/4.9.3/bin/../lib/gcc/arm-none-eabi/4.9.3/../../../../arm-none-eabi/lib/armv7-m\libg_nano.a(lib_a-dtoa.o)
 .text._dtoa_r  0x00002c30      0xb78 c:/program files (x86)/cypress/psoc creator/3.3/psoc creator/import/gnu/arm/4.9.3/bin/../lib/gcc/arm-none-eabi/4.9.3/../../../../arm-none-eabi/lib/armv7-m\libg_nano.a(lib_a-dtoa.o)
                0x00002c30                _dtoa_r
 .text._cleanup_r
                0x000037a8        0xc c:/program files (x86)/cypress/psoc creator/3.3/psoc creator/import/gnu/arm/4.9.3/bin/../lib/gcc/arm-none-eabi/4.9.3/../../../../arm-none-eabi/lib/armv7-m\libg_nano.a(lib_a-findfp.o)
                0x000037a8                _cleanup_r
 .text.std.isra.0
                0x000037b4       0x48 c:/program files (x86)/cypress/psoc creator/3.3/psoc creator/import/gnu/arm/4.9.3/bin/../lib/gcc/arm-none-eabi/4.9.3/../../../../arm-none-eabi/lib/armv7-m\libg_nano.a(lib_a-findfp.o)
 .text.__sfmoreglue
                0x000037fc       0x2c c:/program files (x86)/cypress/psoc creator/3.3/psoc creator/import/gnu/arm/4.9.3/bin/../lib/gcc/arm-none-eabi/4.9.3/../../../../arm-none-eabi/lib/armv7-m\libg_nano.a(lib_a-findfp.o)
                0x000037fc                __sfmoreglue
 .text.__sinit  0x00003828       0x60 c:/program files (x86)/cypress/psoc creator/3.3/psoc creator/import/gnu/arm/4.9.3/bin/../lib/gcc/arm-none-eabi/4.9.3/../../../../arm-none-eabi/lib/armv7-m\libg_nano.a(lib_a-findfp.o)
                0x00003828                __sinit
 .text.__sfp    0x00003888       0x74 c:/program files (x86)/cypress/psoc creator/3.3/psoc creator/import/gnu/arm/4.9.3/bin/../lib/gcc/arm-none-eabi/4.9.3/../../../../arm-none-eabi/lib/armv7-m\libg_nano.a(lib_a-findfp.o)
                0x00003888                __sfp
 .text._fwalk_reent
                0x000038fc       0x3c c:/program files (x86)/cypress/psoc creator/3.3/psoc creator/import/gnu/arm/4.9.3/bin/../lib/gcc/arm-none-eabi/4.9.3/../../../../arm-none-eabi/lib/armv7-m\libg_nano.a(lib_a-fwalk.o)
                0x000038fc                _fwalk_reent
 .text._localeconv_r
                0x00003938        0x8 c:/program files (x86)/cypress/psoc creator/3.3/psoc creator/import/gnu/arm/4.9.3/bin/../lib/gcc/arm-none-eabi/4.9.3/../../../../arm-none-eabi/lib/armv7-m\libg_nano.a(lib_a-locale.o)
                0x00003938                _localeconv_r
 .text.malloc   0x00003940       0x10 c:/program files (x86)/cypress/psoc creator/3.3/psoc creator/import/gnu/arm/4.9.3/bin/../lib/gcc/arm-none-eabi/4.9.3/../../../../arm-none-eabi/lib/armv7-m\libg_nano.a(lib_a-malloc.o)
                0x00003940                malloc
 .text.memchr   0x00003950       0x1c c:/program files (x86)/cypress/psoc creator/3.3/psoc creator/import/gnu/arm/4.9.3/bin/../lib/gcc/arm-none-eabi/4.9.3/../../../../arm-none-eabi/lib/armv7-m\libg_nano.a(lib_a-memchr.o)
                0x00003950                memchr
 .text._Balloc  0x0000396c       0x6a c:/program files (x86)/cypress/psoc creator/3.3/psoc creator/import/gnu/arm/4.9.3/bin/../lib/gcc/arm-none-eabi/4.9.3/../../../../arm-none-eabi/lib/armv7-m\libg_nano.a(lib_a-mprec.o)
                0x0000396c                _Balloc
 .text._Bfree   0x000039d6       0x2e c:/program files (x86)/cypress/psoc creator/3.3/psoc creator/import/gnu/arm/4.9.3/bin/../lib/gcc/arm-none-eabi/4.9.3/../../../../arm-none-eabi/lib/armv7-m\libg_nano.a(lib_a-mprec.o)
                0x000039d6                _Bfree
 .text.__multadd
                0x00003a04       0x7c c:/program files (x86)/cypress/psoc creator/3.3/psoc creator/import/gnu/arm/4.9.3/bin/../lib/gcc/arm-none-eabi/4.9.3/../../../../arm-none-eabi/lib/armv7-m\libg_nano.a(lib_a-mprec.o)
                0x00003a04                __multadd
 .text.__hi0bits
                0x00003a80       0x40 c:/program files (x86)/cypress/psoc creator/3.3/psoc creator/import/gnu/arm/4.9.3/bin/../lib/gcc/arm-none-eabi/4.9.3/../../../../arm-none-eabi/lib/armv7-m\libg_nano.a(lib_a-mprec.o)
                0x00003a80                __hi0bits
 .text.__lo0bits
                0x00003ac0       0x5a c:/program files (x86)/cypress/psoc creator/3.3/psoc creator/import/gnu/arm/4.9.3/bin/../lib/gcc/arm-none-eabi/4.9.3/../../../../arm-none-eabi/lib/armv7-m\libg_nano.a(lib_a-mprec.o)
                0x00003ac0                __lo0bits
 .text.__i2b    0x00003b1a       0x12 c:/program files (x86)/cypress/psoc creator/3.3/psoc creator/import/gnu/arm/4.9.3/bin/../lib/gcc/arm-none-eabi/4.9.3/../../../../arm-none-eabi/lib/armv7-m\libg_nano.a(lib_a-mprec.o)
                0x00003b1a                __i2b
 .text.__multiply
                0x00003b2c      0x120 c:/program files (x86)/cypress/psoc creator/3.3/psoc creator/import/gnu/arm/4.9.3/bin/../lib/gcc/arm-none-eabi/4.9.3/../../../../arm-none-eabi/lib/armv7-m\libg_nano.a(lib_a-mprec.o)
                0x00003b2c                __multiply
 .text.__pow5mult
                0x00003c4c       0x9c c:/program files (x86)/cypress/psoc creator/3.3/psoc creator/import/gnu/arm/4.9.3/bin/../lib/gcc/arm-none-eabi/4.9.3/../../../../arm-none-eabi/lib/armv7-m\libg_nano.a(lib_a-mprec.o)
                0x00003c4c                __pow5mult
 .text.__lshift
                0x00003ce8       0xa6 c:/program files (x86)/cypress/psoc creator/3.3/psoc creator/import/gnu/arm/4.9.3/bin/../lib/gcc/arm-none-eabi/4.9.3/../../../../arm-none-eabi/lib/armv7-m\libg_nano.a(lib_a-mprec.o)
                0x00003ce8                __lshift
 .text.__mcmp   0x00003d8e       0x38 c:/program files (x86)/cypress/psoc creator/3.3/psoc creator/import/gnu/arm/4.9.3/bin/../lib/gcc/arm-none-eabi/4.9.3/../../../../arm-none-eabi/lib/armv7-m\libg_nano.a(lib_a-mprec.o)
                0x00003d8e                __mcmp
 .text.__mdiff  0x00003dc6       0xbe c:/program files (x86)/cypress/psoc creator/3.3/psoc creator/import/gnu/arm/4.9.3/bin/../lib/gcc/arm-none-eabi/4.9.3/../../../../arm-none-eabi/lib/armv7-m\libg_nano.a(lib_a-mprec.o)
                0x00003dc6                __mdiff
 .text.__d2b    0x00003e84       0xa4 c:/program files (x86)/cypress/psoc creator/3.3/psoc creator/import/gnu/arm/4.9.3/bin/../lib/gcc/arm-none-eabi/4.9.3/../../../../arm-none-eabi/lib/armv7-m\libg_nano.a(lib_a-mprec.o)
                0x00003e84                __d2b
 .text._calloc_r
                0x00003f28       0x1c c:/program files (x86)/cypress/psoc creator/3.3/psoc creator/import/gnu/arm/4.9.3/bin/../lib/gcc/arm-none-eabi/4.9.3/../../../../arm-none-eabi/lib/armv7-m\libg_nano.a(lib_a-nano-callocr.o)
                0x00003f28                _calloc_r
 .text._free_r  0x00003f44       0x88 c:/program files (x86)/cypress/psoc creator/3.3/psoc creator/import/gnu/arm/4.9.3/bin/../lib/gcc/arm-none-eabi/4.9.3/../../../../arm-none-eabi/lib/armv7-m\libg_nano.a(lib_a-nano-freer.o)
                0x00003f44                _free_r
 .text._malloc_r
                0x00003fcc       0xac c:/program files (x86)/cypress/psoc creator/3.3/psoc creator/import/gnu/arm/4.9.3/bin/../lib/gcc/arm-none-eabi/4.9.3/../../../../arm-none-eabi/lib/armv7-m\libg_nano.a(lib_a-nano-mallocr.o)
                0x00003fcc                _malloc_r
 .text.__sfputc_r
                0x00004078       0x2c c:/program files (x86)/cypress/psoc creator/3.3/psoc creator/import/gnu/arm/4.9.3/bin/../lib/gcc/arm-none-eabi/4.9.3/../../../../arm-none-eabi/lib/armv7-m\libg_nano.a(lib_a-nano-vfprintf.o)
 .text.__sfputs_r
                0x000040a4       0x24 c:/program files (x86)/cypress/psoc creator/3.3/psoc creator/import/gnu/arm/4.9.3/bin/../lib/gcc/arm-none-eabi/4.9.3/../../../../arm-none-eabi/lib/armv7-m\libg_nano.a(lib_a-nano-vfprintf.o)
                0x000040a4                __sfputs_r
 .text._vfprintf_r
                0x000040c8      0x210 c:/program files (x86)/cypress/psoc creator/3.3/psoc creator/import/gnu/arm/4.9.3/bin/../lib/gcc/arm-none-eabi/4.9.3/../../../../arm-none-eabi/lib/armv7-m\libg_nano.a(lib_a-nano-vfprintf.o)
                0x000040c8                _vfprintf_r
                0x000040c8                _vfiprintf_r
 .text._sbrk_r  0x000042d8       0x20 c:/program files (x86)/cypress/psoc creator/3.3/psoc creator/import/gnu/arm/4.9.3/bin/../lib/gcc/arm-none-eabi/4.9.3/../../../../arm-none-eabi/lib/armv7-m\libg_nano.a(lib_a-sbrkr.o)
                0x000042d8                _sbrk_r
 .text.__sread  0x000042f8       0x22 c:/program files (x86)/cypress/psoc creator/3.3/psoc creator/import/gnu/arm/4.9.3/bin/../lib/gcc/arm-none-eabi/4.9.3/../../../../arm-none-eabi/lib/armv7-m\libg_nano.a(lib_a-stdio.o)
                0x000042f8                __sread
 .text.__swrite
                0x0000431a       0x38 c:/program files (x86)/cypress/psoc creator/3.3/psoc creator/import/gnu/arm/4.9.3/bin/../lib/gcc/arm-none-eabi/4.9.3/../../../../arm-none-eabi/lib/armv7-m\libg_nano.a(lib_a-stdio.o)
                0x0000431a                __swrite
 .text.__sseek  0x00004352       0x24 c:/program files (x86)/cypress/psoc creator/3.3/psoc creator/import/gnu/arm/4.9.3/bin/../lib/gcc/arm-none-eabi/4.9.3/../../../../arm-none-eabi/lib/armv7-m\libg_nano.a(lib_a-stdio.o)
                0x00004352                __sseek
 .text.__sclose
                0x00004376        0x8 c:/program files (x86)/cypress/psoc creator/3.3/psoc creator/import/gnu/arm/4.9.3/bin/../lib/gcc/arm-none-eabi/4.9.3/../../../../arm-none-eabi/lib/armv7-m\libg_nano.a(lib_a-stdio.o)
                0x00004376                __sclose
 *fill*         0x0000437e        0x2 
 .text.__swbuf_r
                0x00004380       0xa8 c:/program files (x86)/cypress/psoc creator/3.3/psoc creator/import/gnu/arm/4.9.3/bin/../lib/gcc/arm-none-eabi/4.9.3/../../../../arm-none-eabi/lib/armv7-m\libg_nano.a(lib_a-wbuf.o)
                0x00004380                __swbuf_r
 .text._write_r
                0x00004428       0x24 c:/program files (x86)/cypress/psoc creator/3.3/psoc creator/import/gnu/arm/4.9.3/bin/../lib/gcc/arm-none-eabi/4.9.3/../../../../arm-none-eabi/lib/armv7-m\libg_nano.a(lib_a-writer.o)
                0x00004428                _write_r
 .text.__swsetup_r
                0x0000444c       0xd8 c:/program files (x86)/cypress/psoc creator/3.3/psoc creator/import/gnu/arm/4.9.3/bin/../lib/gcc/arm-none-eabi/4.9.3/../../../../arm-none-eabi/lib/armv7-m\libg_nano.a(lib_a-wsetup.o)
                0x0000444c                __swsetup_r
 .text._close_r
                0x00004524       0x20 c:/program files (x86)/cypress/psoc creator/3.3/psoc creator/import/gnu/arm/4.9.3/bin/../lib/gcc/arm-none-eabi/4.9.3/../../../../arm-none-eabi/lib/armv7-m\libg_nano.a(lib_a-closer.o)
                0x00004524                _close_r
 .text.__sflush_r
                0x00004544      0x106 c:/program files (x86)/cypress/psoc creator/3.3/psoc creator/import/gnu/arm/4.9.3/bin/../lib/gcc/arm-none-eabi/4.9.3/../../../../arm-none-eabi/lib/armv7-m\libg_nano.a(lib_a-fflush.o)
                0x00004544                __sflush_r
 *fill*         0x0000464a        0x2 
 .text._fflush_r
                0x0000464c       0x54 c:/program files (x86)/cypress/psoc creator/3.3/psoc creator/import/gnu/arm/4.9.3/bin/../lib/gcc/arm-none-eabi/4.9.3/../../../../arm-none-eabi/lib/armv7-m\libg_nano.a(lib_a-fflush.o)
                0x0000464c                _fflush_r
 .text._lseek_r
                0x000046a0       0x24 c:/program files (x86)/cypress/psoc creator/3.3/psoc creator/import/gnu/arm/4.9.3/bin/../lib/gcc/arm-none-eabi/4.9.3/../../../../arm-none-eabi/lib/armv7-m\libg_nano.a(lib_a-lseekr.o)
                0x000046a0                _lseek_r
 .text.__smakebuf_r
                0x000046c4       0x98 c:/program files (x86)/cypress/psoc creator/3.3/psoc creator/import/gnu/arm/4.9.3/bin/../lib/gcc/arm-none-eabi/4.9.3/../../../../arm-none-eabi/lib/armv7-m\libg_nano.a(lib_a-makebuf.o)
                0x000046c4                __smakebuf_r
 .text._read_r  0x0000475c       0x24 c:/program files (x86)/cypress/psoc creator/3.3/psoc creator/import/gnu/arm/4.9.3/bin/../lib/gcc/arm-none-eabi/4.9.3/../../../../arm-none-eabi/lib/armv7-m\libg_nano.a(lib_a-readr.o)
                0x0000475c                _read_r
 .text._fstat_r
                0x00004780       0x24 c:/program files (x86)/cypress/psoc creator/3.3/psoc creator/import/gnu/arm/4.9.3/bin/../lib/gcc/arm-none-eabi/4.9.3/../../../../arm-none-eabi/lib/armv7-m\libg_nano.a(lib_a-fstatr.o)
                0x00004780                _fstat_r
 .text._isatty_r
                0x000047a4       0x20 c:/program files (x86)/cypress/psoc creator/3.3/psoc creator/import/gnu/arm/4.9.3/bin/../lib/gcc/arm-none-eabi/4.9.3/../../../../arm-none-eabi/lib/armv7-m\libg_nano.a(lib_a-isattyr.o)
                0x000047a4                _isatty_r
 .text          0x000047c4       0x50 c:/program files (x86)/cypress/psoc creator/3.3/psoc creator/import/gnu/arm/4.9.3/bin/../lib/gcc/arm-none-eabi/4.9.3/armv7-m\libgcc.a(_arm_fixdfsi.o)
                0x000047c4                __aeabi_d2iz
                0x000047c4                __fixdfsi
 .text._close   0x00004814       0x10 c:/program files (x86)/cypress/psoc creator/3.3/psoc creator/import/gnu/arm/4.9.3/bin/../lib/gcc/arm-none-eabi/4.9.3/../../../../arm-none-eabi/lib/armv7-m\libnosys.a(close.o)
                0x00004814                _close
 .text._fstat   0x00004824       0x10 c:/program files (x86)/cypress/psoc creator/3.3/psoc creator/import/gnu/arm/4.9.3/bin/../lib/gcc/arm-none-eabi/4.9.3/../../../../arm-none-eabi/lib/armv7-m\libnosys.a(fstat.o)
                0x00004824                _fstat
 .text._isatty  0x00004834       0x10 c:/program files (x86)/cypress/psoc creator/3.3/psoc creator/import/gnu/arm/4.9.3/bin/../lib/gcc/arm-none-eabi/4.9.3/../../../../arm-none-eabi/lib/armv7-m\libnosys.a(isatty.o)
                0x00004834                _isatty
 .text._lseek   0x00004844       0x10 c:/program files (x86)/cypress/psoc creator/3.3/psoc creator/import/gnu/arm/4.9.3/bin/../lib/gcc/arm-none-eabi/4.9.3/../../../../arm-none-eabi/lib/armv7-m\libnosys.a(lseek.o)
                0x00004844                _lseek
 .text._read    0x00004854       0x10 c:/program files (x86)/cypress/psoc creator/3.3/psoc creator/import/gnu/arm/4.9.3/bin/../lib/gcc/arm-none-eabi/4.9.3/../../../../arm-none-eabi/lib/armv7-m\libnosys.a(read.o)
                0x00004854                _read
 *(.plt)
 *(.gnu.warning)
 *(.glue_7t)
 .glue_7t       0x00000000        0x0 linker stubs
 *(.glue_7)
 .glue_7        0x00000000        0x0 linker stubs
 *(.vfp11_veneer)
 .vfp11_veneer  0x00000000        0x0 linker stubs
 *(.bootloader)
 *(.ARM.extab* .gnu.linkonce.armextab.*)
 *(.gcc_except_table)

.v4_bx          0x00004864        0x0
 .v4_bx         0x00000000        0x0 linker stubs

.iplt           0x00004864        0x0
 .iplt          0x00000000        0x0 c:/program files (x86)/cypress/psoc creator/3.3/psoc creator/import/gnu/arm/4.9.3/bin/../lib/gcc/arm-none-eabi/4.9.3/armv7-m/crtbegin.o

.eh_frame_hdr
 *(.eh_frame_hdr)

.eh_frame       0x00004864        0x4
 *(.eh_frame)
 .eh_frame      0x00004864        0x0 c:/program files (x86)/cypress/psoc creator/3.3/psoc creator/import/gnu/arm/4.9.3/bin/../lib/gcc/arm-none-eabi/4.9.3/armv7-m/crtbegin.o
 .eh_frame      0x00004864        0x0 c:/program files (x86)/cypress/psoc creator/3.3/psoc creator/import/gnu/arm/4.9.3/bin/../lib/gcc/arm-none-eabi/4.9.3/../../../../arm-none-eabi/lib/armv7-m\libg_nano.a(lib_a-strcmp.o)
                                 0x28 (size before relaxing)
 .eh_frame      0x00004864        0x4 c:/program files (x86)/cypress/psoc creator/3.3/psoc creator/import/gnu/arm/4.9.3/bin/../lib/gcc/arm-none-eabi/4.9.3/armv7-m/crtend.o
                0x00004868                PROVIDE (__exidx_start, .)

.ARM.exidx
 *(.ARM.exidx* .gnu.linkonce.armexidx.*)
                0x00004868                __exidx_end = .

.rodata         0x00004868      0x2a0
 *(.rodata .rodata.* .gnu.linkonce.r.*)
 .rodata.str1.4
                0x00004868       0x20 .\CortexM3\ARM_GCC_493\Debug\main.o
 .rodata        0x00004888       0x3c .\CortexM3\ARM_GCC_493\Debug\ZumoBot_Lib_GyroAccel2.a(cyfitter_cfg.o)
 *fill*         0x000048c4        0x4 
 .rodata.atanlo
                0x000048c8       0x20 c:/program files (x86)/cypress/psoc creator/3.3/psoc creator/import/gnu/arm/4.9.3/bin/../lib/gcc/arm-none-eabi/4.9.3/../../../../arm-none-eabi/lib/armv7-m\libm.a(lib_a-s_atan.o)
 .rodata.atanhi
                0x000048e8       0x20 c:/program files (x86)/cypress/psoc creator/3.3/psoc creator/import/gnu/arm/4.9.3/bin/../lib/gcc/arm-none-eabi/4.9.3/../../../../arm-none-eabi/lib/armv7-m\libm.a(lib_a-s_atan.o)
 .rodata.str1.1
                0x00004908        0x2 c:/program files (x86)/cypress/psoc creator/3.3/psoc creator/import/gnu/arm/4.9.3/bin/../lib/gcc/arm-none-eabi/4.9.3/../../../../arm-none-eabi/lib/armv7-m\libg_nano.a(lib_a-impure.o)
 *fill*         0x0000490a        0x2 
 .rodata._global_impure_ptr
                0x0000490c        0x4 c:/program files (x86)/cypress/psoc creator/3.3/psoc creator/import/gnu/arm/4.9.3/bin/../lib/gcc/arm-none-eabi/4.9.3/../../../../arm-none-eabi/lib/armv7-m\libg_nano.a(lib_a-impure.o)
                0x0000490c                _global_impure_ptr
 .rodata.str1.1
                0x00004910       0x12 c:/program files (x86)/cypress/psoc creator/3.3/psoc creator/import/gnu/arm/4.9.3/bin/../lib/gcc/arm-none-eabi/4.9.3/../../../../arm-none-eabi/lib/armv7-m\libg_nano.a(lib_a-nano-vfprintf_float.o)
 .rodata.str1.1
                0x00004922       0x22 c:/program files (x86)/cypress/psoc creator/3.3/psoc creator/import/gnu/arm/4.9.3/bin/../lib/gcc/arm-none-eabi/4.9.3/../../../../arm-none-eabi/lib/armv7-m\libg_nano.a(lib_a-nano-vfprintf_i.o)
 .rodata.str1.1
                0x00004944        0xd c:/program files (x86)/cypress/psoc creator/3.3/psoc creator/import/gnu/arm/4.9.3/bin/../lib/gcc/arm-none-eabi/4.9.3/../../../../arm-none-eabi/lib/armv7-m\libg_nano.a(lib_a-dtoa.o)
                                  0xf (size before relaxing)
 *fill*         0x00004951        0x3 
 .rodata.__sf_fake_stdin
                0x00004954       0x20 c:/program files (x86)/cypress/psoc creator/3.3/psoc creator/import/gnu/arm/4.9.3/bin/../lib/gcc/arm-none-eabi/4.9.3/../../../../arm-none-eabi/lib/armv7-m\libg_nano.a(lib_a-findfp.o)
                0x00004954                __sf_fake_stdin
 .rodata.__sf_fake_stdout
                0x00004974       0x20 c:/program files (x86)/cypress/psoc creator/3.3/psoc creator/import/gnu/arm/4.9.3/bin/../lib/gcc/arm-none-eabi/4.9.3/../../../../arm-none-eabi/lib/armv7-m\libg_nano.a(lib_a-findfp.o)
                0x00004974                __sf_fake_stdout
 .rodata.__sf_fake_stderr
                0x00004994       0x20 c:/program files (x86)/cypress/psoc creator/3.3/psoc creator/import/gnu/arm/4.9.3/bin/../lib/gcc/arm-none-eabi/4.9.3/../../../../arm-none-eabi/lib/armv7-m\libg_nano.a(lib_a-findfp.o)
                0x00004994                __sf_fake_stderr
 .rodata.str1.1
                0x000049b4        0x8 c:/program files (x86)/cypress/psoc creator/3.3/psoc creator/import/gnu/arm/4.9.3/bin/../lib/gcc/arm-none-eabi/4.9.3/../../../../arm-none-eabi/lib/armv7-m\libg_nano.a(lib_a-locale.o)
                                  0xb (size before relaxing)
 *fill*         0x000049bc        0x4 
 .rodata.__mprec_tens
                0x000049c0       0xc8 c:/program files (x86)/cypress/psoc creator/3.3/psoc creator/import/gnu/arm/4.9.3/bin/../lib/gcc/arm-none-eabi/4.9.3/../../../../arm-none-eabi/lib/armv7-m\libg_nano.a(lib_a-mprec.o)
                0x000049c0                __mprec_tens
 .rodata.__mprec_bigtens
                0x00004a88       0x28 c:/program files (x86)/cypress/psoc creator/3.3/psoc creator/import/gnu/arm/4.9.3/bin/../lib/gcc/arm-none-eabi/4.9.3/../../../../arm-none-eabi/lib/armv7-m\libg_nano.a(lib_a-mprec.o)
                0x00004a88                __mprec_bigtens
 .rodata.p05.5308
                0x00004ab0        0xc c:/program files (x86)/cypress/psoc creator/3.3/psoc creator/import/gnu/arm/4.9.3/bin/../lib/gcc/arm-none-eabi/4.9.3/../../../../arm-none-eabi/lib/armv7-m\libg_nano.a(lib_a-mprec.o)
 .rodata.str1.1
                0x00004abc       0x11 c:/program files (x86)/cypress/psoc creator/3.3/psoc creator/import/gnu/arm/4.9.3/bin/../lib/gcc/arm-none-eabi/4.9.3/../../../../arm-none-eabi/lib/armv7-m\libg_nano.a(lib_a-nano-vfprintf.o)
                0x00004ad0                . = ALIGN (0x4)
 *fill*         0x00004acd        0x3 
 *(.init)
 .init          0x00004ad0        0x4 c:/program files (x86)/cypress/psoc creator/3.3/psoc creator/import/gnu/arm/4.9.3/bin/../lib/gcc/arm-none-eabi/4.9.3/armv7-m/crti.o
                0x00004ad0                _init
 .init          0x00004ad4        0x8 c:/program files (x86)/cypress/psoc creator/3.3/psoc creator/import/gnu/arm/4.9.3/bin/../lib/gcc/arm-none-eabi/4.9.3/armv7-m/crtn.o
                0x00004adc                . = ALIGN (0x4)
                0x00004adc                __preinit_array_start = .
 *(.preinit_array)
                0x00004adc                __preinit_array_end = .
                0x00004adc                . = ALIGN (0x4)
                0x00004adc                __init_array_start = .
 *(SORT(.init_array.*))
 *(.init_array)
 .init_array    0x00004adc        0x4 c:/program files (x86)/cypress/psoc creator/3.3/psoc creator/import/gnu/arm/4.9.3/bin/../lib/gcc/arm-none-eabi/4.9.3/armv7-m/crtbegin.o
 .init_array    0x00004ae0        0x4 .\CortexM3\ARM_GCC_493\Debug\Cm3Start.o
                0x00004ae4                __init_array_end = .
                0x00004ae4                . = ALIGN (0x4)
 *(.fini)
 .fini          0x00004ae4        0x4 c:/program files (x86)/cypress/psoc creator/3.3/psoc creator/import/gnu/arm/4.9.3/bin/../lib/gcc/arm-none-eabi/4.9.3/armv7-m/crti.o
                0x00004ae4                _fini
 .fini          0x00004ae8        0x8 c:/program files (x86)/cypress/psoc creator/3.3/psoc creator/import/gnu/arm/4.9.3/bin/../lib/gcc/arm-none-eabi/4.9.3/armv7-m/crtn.o
                0x00004af0                . = ALIGN (0x4)
                0x00004af0                __fini_array_start = .
 *(.fini_array)
 .fini_array    0x00004af0        0x4 c:/program files (x86)/cypress/psoc creator/3.3/psoc creator/import/gnu/arm/4.9.3/bin/../lib/gcc/arm-none-eabi/4.9.3/armv7-m/crtbegin.o
 *(SORT(.fini_array.*))
                0x00004af4                __fini_array_end = .
                0x00004af4                . = ALIGN (0x4)
 *crtbegin.o(.ctors)
 *(EXCLUDE_FILE(*crtend.o) .ctors)
 *(SORT(.ctors.*))
 *crtend.o(.ctors)
                0x00004af4                . = ALIGN (0x4)
 *crtbegin.o(.dtors)
 *(EXCLUDE_FILE(*crtend.o) .dtors)
 *(SORT(.dtors.*))
 *crtend.o(.dtors)
                0x00004af4                . = ALIGN (0x4)
                0x00004af4                __cy_regions = .
                0x00004af4        0x4 LONG 0x4b08 __cy_region_init_ram
                0x00004af8        0x4 LONG 0x1fff8108 __cy_region_start_data
                0x00004afc        0x4 LONG 0xb8 __cy_region_init_size_ram
                0x00004b00        0x4 LONG 0x40 __cy_region_zero_size_ram
                0x00004b04                __cy_regions_end = .
                0x00004b08                . = ALIGN (0x8)
 *fill*         0x00004b04        0x4 
                0x00004b08                _etext = .

.cy_checksum_exclude
                0x00004b08        0x0
 *(.cy_checksum_exclude)

.ramvectors     0x1fff8000      0x100
                0x1fff8000                __cy_region_start_ram = .
 *(.ramvectors)
 .ramvectors    0x1fff8000      0x100 .\CortexM3\ARM_GCC_493\Debug\Cm3Start.o
                0x1fff8000                CyRamVectors

.noinit         0x1fff8100        0x5
 *(.noinit)
 .noinit        0x1fff8100        0x4 .\CortexM3\ARM_GCC_493\Debug\Cm3Start.o
 .noinit        0x1fff8104        0x1 .\CortexM3\ARM_GCC_493\Debug\ZumoBot_Lib_GyroAccel2.a(CyLib.o)
                0x1fff8104                CyResetStatus

.data           0x1fff8108       0xb8 load address 0x00004b08
                0x1fff8108                __cy_region_start_data = .
 *(.jcr)
 .jcr           0x1fff8108        0x0 c:/program files (x86)/cypress/psoc creator/3.3/psoc creator/import/gnu/arm/4.9.3/bin/../lib/gcc/arm-none-eabi/4.9.3/armv7-m/crtbegin.o
 .jcr           0x1fff8108        0x4 c:/program files (x86)/cypress/psoc creator/3.3/psoc creator/import/gnu/arm/4.9.3/bin/../lib/gcc/arm-none-eabi/4.9.3/armv7-m/crtend.o
 *(.got.plt)
 *(.got)
 *(.shdata)
 *(.data .data.* .gnu.linkonce.d.*)
 .data          0x1fff810c        0x4 .\CortexM3\ARM_GCC_493\Debug\Cm3Start.o
 .data          0x1fff8110       0x10 .\CortexM3\ARM_GCC_493\Debug\ZumoBot_Lib_GyroAccel2.a(CyLib.o)
                0x1fff8110                cydelay_32k_ms
                0x1fff8114                cydelay_freq_khz
                0x1fff8118                cydelay_freq_mhz
                0x1fff811c                cydelay_freq_hz
 .data.impure_data
                0x1fff8120       0x60 c:/program files (x86)/cypress/psoc creator/3.3/psoc creator/import/gnu/arm/4.9.3/bin/../lib/gcc/arm-none-eabi/4.9.3/../../../../arm-none-eabi/lib/armv7-m\libg_nano.a(lib_a-impure.o)
 .data._impure_ptr
                0x1fff8180        0x4 c:/program files (x86)/cypress/psoc creator/3.3/psoc creator/import/gnu/arm/4.9.3/bin/../lib/gcc/arm-none-eabi/4.9.3/../../../../arm-none-eabi/lib/armv7-m\libg_nano.a(lib_a-impure.o)
                0x1fff8180                _impure_ptr
 .data.lconv    0x1fff8184       0x38 c:/program files (x86)/cypress/psoc creator/3.3/psoc creator/import/gnu/arm/4.9.3/bin/../lib/gcc/arm-none-eabi/4.9.3/../../../../arm-none-eabi/lib/armv7-m\libg_nano.a(lib_a-locale.o)
                0x1fff81c0                . = ALIGN (0x8)
 *fill*         0x1fff81bc        0x4 
 *(.ram)
                0x1fff81c0                _edata = .

.igot.plt       0x1fff81c0        0x0 load address 0x00004bc0
 .igot.plt      0x00000000        0x0 c:/program files (x86)/cypress/psoc creator/3.3/psoc creator/import/gnu/arm/4.9.3/bin/../lib/gcc/arm-none-eabi/4.9.3/armv7-m/crtbegin.o

.bss            0x1fff81c0       0x40 load address 0x00004bc0
                0x1fff81c0                PROVIDE (__bss_start__, .)
 *(.shbss)
 *(.bss .bss.* .gnu.linkonce.b.*)
 .bss           0x1fff81c0       0x1c c:/program files (x86)/cypress/psoc creator/3.3/psoc creator/import/gnu/arm/4.9.3/bin/../lib/gcc/arm-none-eabi/4.9.3/armv7-m/crtbegin.o
 .bss           0x1fff81dc        0x1 .\CortexM3\ARM_GCC_493\Debug\ZumoBot_Lib_GyroAccel2.a(I2C.o)
                0x1fff81dc                I2C_initVar
 .bss           0x1fff81dd        0x2 .\CortexM3\ARM_GCC_493\Debug\ZumoBot_Lib_GyroAccel2.a(UART.o)
                0x1fff81dd                UART_initVar
 *fill*         0x1fff81df        0x1 
 .bss.__malloc_sbrk_start
                0x1fff81e0        0x4 c:/program files (x86)/cypress/psoc creator/3.3/psoc creator/import/gnu/arm/4.9.3/bin/../lib/gcc/arm-none-eabi/4.9.3/../../../../arm-none-eabi/lib/armv7-m\libg_nano.a(lib_a-nano-mallocr.o)
                0x1fff81e0                __malloc_sbrk_start
 .bss.__malloc_free_list
                0x1fff81e4        0x4 c:/program files (x86)/cypress/psoc creator/3.3/psoc creator/import/gnu/arm/4.9.3/bin/../lib/gcc/arm-none-eabi/4.9.3/../../../../arm-none-eabi/lib/armv7-m\libg_nano.a(lib_a-nano-mallocr.o)
                0x1fff81e4                __malloc_free_list
 *(COMMON)
 COMMON         0x1fff81e8        0x1 .\CortexM3\ARM_GCC_493\Debug\ZumoBot_Lib_GyroAccel2.a(I2C.o)
                0x1fff81e8                I2C_state
 *fill*         0x1fff81e9        0x3 
 COMMON         0x1fff81ec       0x10 .\CortexM3\ARM_GCC_493\Debug\ZumoBot_Lib_GyroAccel2.a(I2C_MASTER.o)
                0x1fff81ec                I2C_mstrWrBufIndex
                0x1fff81ed                I2C_mstrWrBufSize
                0x1fff81ee                I2C_mstrStatus
                0x1fff81f0                I2C_mstrRdBufPtr
                0x1fff81f4                I2C_mstrControl
                0x1fff81f5                I2C_mstrRdBufSize
                0x1fff81f6                I2C_mstrRdBufIndex
                0x1fff81f8                I2C_mstrWrBufPtr
 COMMON         0x1fff81fc        0x4 c:/program files (x86)/cypress/psoc creator/3.3/psoc creator/import/gnu/arm/4.9.3/bin/../lib/gcc/arm-none-eabi/4.9.3/../../../../arm-none-eabi/lib/armv7-m\libg_nano.a(lib_a-reent.o)
                0x1fff81fc                errno
                0x1fff8200                . = ALIGN (0x8)
 *(.ram.b)
                0x1fff8200                _end = .
                0x1fff8200                __end = .
                0x1fff8200                PROVIDE (end, .)
                0x1fff8200                PROVIDE (__bss_end__, .)
                0x00004b08                __cy_region_init_ram = LOADADDR (.data)
                0x000000b8                __cy_region_init_size_ram = (_edata - ADDR (.data))
                0x00000040                __cy_region_zero_size_ram = (_end - _edata)

.heap           0x1fff8200     0x1000 load address 0x00004bc0
                0x1fff8200                . = _end
                0x1fff9200                . = (. + 0x1000)
 *fill*         0x1fff8200     0x1000 
                0x1fff9200                __cy_heap_limit = .

.stack          0x20007800      0x800
                0x20007800                __cy_stack_limit = .
                0x20008000                . = (. + 0x800)
 *fill*         0x20007800      0x800 
                0x00000001                ASSERT ((__cy_stack_limit >= __cy_heap_limit), region RAM overflowed with stack)
                0x00000000                cy_checksum_exclude_size = (CY_APPL_LOADABLE == 0x1)?SIZEOF (.cy_checksum_exclude):0x0
                0x00000001                ASSERT ((cy_checksum_exclude_size <= CY_CHECKSUM_EXCLUDE_SIZE), CY_BOOT: Section .cy_checksum_exclude size exceedes specified limit.)

.cyloadermeta
 *(.cyloadermeta)

.cyloadablemeta
 *(.cyloadablemeta)

.cyconfigecc    0x80000000      0x6bc
 *(.cyconfigecc)
 .cyconfigecc   0x80000000      0x6bc .\CortexM3\ARM_GCC_493\Debug\cymetadata.o
                0x80000000                cy_meta_configecc

.cycustnvl      0x90000000        0x4
 *(.cycustnvl)
 .cycustnvl     0x90000000        0x4 .\CortexM3\ARM_GCC_493\Debug\cymetadata.o
                0x90000000                cy_meta_custnvl

.cywolatch      0x90100000        0x4
 *(.cywolatch)
 .cywolatch     0x90100000        0x4 .\CortexM3\ARM_GCC_493\Debug\cymetadata.o
                0x90100000                cy_meta_wonvl

.cyeeprom       0x90200000        0x0
 *(.cyeeprom)
                0x00000001                ASSERT ((. <= ((0x90200000 + ee_offset) + ee_size)), .cyeeprom data will not fit in EEPROM)

.cyflashprotect
                0x90400000      0x100
 *(.cyflashprotect)
 .cyflashprotect
                0x90400000      0x100 .\CortexM3\ARM_GCC_493\Debug\cymetadata.o
                0x90400000                cy_meta_flashprotect

.cymeta         0x90500000        0xc
 *(.cymeta)
 .cymeta        0x90500000        0xc .\CortexM3\ARM_GCC_493\Debug\cymetadata.o
                0x90500000                cy_metadata

.rel.dyn        0x00004bc0        0x0 load address 0x9050000c
 .rel.iplt      0x00000000        0x0 c:/program files (x86)/cypress/psoc creator/3.3/psoc creator/import/gnu/arm/4.9.3/bin/../lib/gcc/arm-none-eabi/4.9.3/armv7-m/crtbegin.o

.stab           0x00000000       0x84
 *(.stab)
 .stab          0x00000000       0x24 c:/program files (x86)/cypress/psoc creator/3.3/psoc creator/import/gnu/arm/4.9.3/bin/../lib/gcc/arm-none-eabi/4.9.3/../../../../arm-none-eabi/lib/armv7-m\libnosys.a(close.o)
 .stab          0x00000024       0x18 c:/program files (x86)/cypress/psoc creator/3.3/psoc creator/import/gnu/arm/4.9.3/bin/../lib/gcc/arm-none-eabi/4.9.3/../../../../arm-none-eabi/lib/armv7-m\libnosys.a(fstat.o)
                                 0x24 (size before relaxing)
 .stab          0x0000003c       0x18 c:/program files (x86)/cypress/psoc creator/3.3/psoc creator/import/gnu/arm/4.9.3/bin/../lib/gcc/arm-none-eabi/4.9.3/../../../../arm-none-eabi/lib/armv7-m\libnosys.a(isatty.o)
                                 0x24 (size before relaxing)
 .stab          0x00000054       0x18 c:/program files (x86)/cypress/psoc creator/3.3/psoc creator/import/gnu/arm/4.9.3/bin/../lib/gcc/arm-none-eabi/4.9.3/../../../../arm-none-eabi/lib/armv7-m\libnosys.a(lseek.o)
                                 0x24 (size before relaxing)
 .stab          0x0000006c       0x18 c:/program files (x86)/cypress/psoc creator/3.3/psoc creator/import/gnu/arm/4.9.3/bin/../lib/gcc/arm-none-eabi/4.9.3/../../../../arm-none-eabi/lib/armv7-m\libnosys.a(read.o)
                                 0x24 (size before relaxing)

.stabstr        0x00000000      0x117
 *(.stabstr)
 .stabstr       0x00000000      0x117 c:/program files (x86)/cypress/psoc creator/3.3/psoc creator/import/gnu/arm/4.9.3/bin/../lib/gcc/arm-none-eabi/4.9.3/../../../../arm-none-eabi/lib/armv7-m\libnosys.a(close.o)

.debug
 *(.debug)

.line
 *(.line)

.debug_srcinfo
 *(.debug_srcinfo)

.debug_sfnames
 *(.debug_sfnames)

.debug_aranges  0x00000000      0xf20
 *(.debug_aranges)
 .debug_aranges
                0x00000000       0x18 .\CortexM3\ARM_GCC_493\Debug\Accel.o
 .debug_aranges
                0x00000018       0x18 .\CortexM3\ARM_GCC_493\Debug\Gyro.o
 .debug_aranges
                0x00000030       0x30 .\CortexM3\ARM_GCC_493\Debug\I2C_made.o
 .debug_aranges
                0x00000060       0x40 .\CortexM3\ARM_GCC_493\Debug\IR.o
 .debug_aranges
                0x000000a0       0x20 .\CortexM3\ARM_GCC_493\Debug\Magnet.o
 .debug_aranges
                0x000000c0       0x40 .\CortexM3\ARM_GCC_493\Debug\Motor.o
 .debug_aranges
                0x00000100       0x30 .\CortexM3\ARM_GCC_493\Debug\Ultra.o
 .debug_aranges
                0x00000130       0x38 .\CortexM3\ARM_GCC_493\Debug\Reflectance.o
 .debug_aranges
                0x00000168       0x30 .\CortexM3\ARM_GCC_493\Debug\Nunchuk.o
 .debug_aranges
                0x00000198       0x20 .\CortexM3\ARM_GCC_493\Debug\Ambient.o
 .debug_aranges
                0x000001b8       0x30 .\CortexM3\ARM_GCC_493\Debug\main.o
 .debug_aranges
                0x000001e8       0x18 .\CortexM3\ARM_GCC_493\Debug\cymetadata.o
 .debug_aranges
                0x00000200       0x48 .\CortexM3\ARM_GCC_493\Debug\Cm3Start.o
 .debug_aranges
                0x00000248       0x58 .\CortexM3\ARM_GCC_493\Debug\ZumoBot_Lib_GyroAccel2.a(cyfitter_cfg.o)
 .debug_aranges
                0x000002a0       0xa8 .\CortexM3\ARM_GCC_493\Debug\ZumoBot_Lib_GyroAccel2.a(PWM.o)
 .debug_aranges
                0x00000348       0x38 .\CortexM3\ARM_GCC_493\Debug\ZumoBot_Lib_GyroAccel2.a(I2C.o)
 .debug_aranges
                0x00000380       0x20 .\CortexM3\ARM_GCC_493\Debug\ZumoBot_Lib_GyroAccel2.a(I2C_INT.o)
 .debug_aranges
                0x000003a0       0x38 .\CortexM3\ARM_GCC_493\Debug\ZumoBot_Lib_GyroAccel2.a(I2C_PM.o)
 .debug_aranges
                0x000003d8       0x80 .\CortexM3\ARM_GCC_493\Debug\ZumoBot_Lib_GyroAccel2.a(I2C_MASTER.o)
 .debug_aranges
                0x00000458       0xf0 .\CortexM3\ARM_GCC_493\Debug\ZumoBot_Lib_GyroAccel2.a(UART.o)
 .debug_aranges
                0x00000548       0x70 .\CortexM3\ARM_GCC_493\Debug\ZumoBot_Lib_GyroAccel2.a(UART_IntClock.o)
 .debug_aranges
                0x000005b8       0x20 .\CortexM3\ARM_GCC_493\Debug\ZumoBot_Lib_GyroAccel2.a(CyBootAsmGnu.o)
 .debug_aranges
                0x000005d8      0x298 .\CortexM3\ARM_GCC_493\Debug\ZumoBot_Lib_GyroAccel2.a(CyLib.o)
 .debug_aranges
                0x00000870       0x98 .\CortexM3\ARM_GCC_493\Debug\ZumoBot_Lib_GyroAccel2.a(cyPm.o)
 .debug_aranges
                0x00000908       0x38 .\CortexM3\ARM_GCC_493\Debug\ZumoBot_Lib_GyroAccel2.a(MotorDirLeft.o)
 .debug_aranges
                0x00000940       0x38 .\CortexM3\ARM_GCC_493\Debug\ZumoBot_Lib_GyroAccel2.a(MotorDirRight.o)
 .debug_aranges
                0x00000978       0x38 .\CortexM3\ARM_GCC_493\Debug\ZumoBot_Lib_GyroAccel2.a(LL.o)
 .debug_aranges
                0x000009b0       0x88 .\CortexM3\ARM_GCC_493\Debug\ZumoBot_Lib_GyroAccel2.a(Timer_LL.o)
 .debug_aranges
                0x00000a38       0x88 .\CortexM3\ARM_GCC_493\Debug\ZumoBot_Lib_GyroAccel2.a(Timer_RR.o)
 .debug_aranges
                0x00000ac0       0x88 .\CortexM3\ARM_GCC_493\Debug\ZumoBot_Lib_GyroAccel2.a(Timer_RL.o)
 .debug_aranges
                0x00000b48       0x38 .\CortexM3\ARM_GCC_493\Debug\ZumoBot_Lib_GyroAccel2.a(RL.o)
 .debug_aranges
                0x00000b80       0x38 .\CortexM3\ARM_GCC_493\Debug\ZumoBot_Lib_GyroAccel2.a(RR.o)
 .debug_aranges
                0x00000bb8       0x88 .\CortexM3\ARM_GCC_493\Debug\ZumoBot_Lib_GyroAccel2.a(Timer_LR.o)
 .debug_aranges
                0x00000c40       0x38 .\CortexM3\ARM_GCC_493\Debug\ZumoBot_Lib_GyroAccel2.a(LR.o)
 .debug_aranges
                0x00000c78       0x88 .\CortexM3\ARM_GCC_493\Debug\ZumoBot_Lib_GyroAccel2.a(Timer.o)
 .debug_aranges
                0x00000d00       0x38 .\CortexM3\ARM_GCC_493\Debug\ZumoBot_Lib_GyroAccel2.a(Echo.o)
 .debug_aranges
                0x00000d38       0x80 .\CortexM3\ARM_GCC_493\Debug\ZumoBot_Lib_GyroAccel2.a(ultra_isr.o)
 .debug_aranges
                0x00000db8       0x38 .\CortexM3\ARM_GCC_493\Debug\ZumoBot_Lib_GyroAccel2.a(Trig.o)
 .debug_aranges
                0x00000df0       0x38 .\CortexM3\ARM_GCC_493\Debug\ZumoBot_Lib_GyroAccel2.a(IR_receiver.o)
 .debug_aranges
                0x00000e28       0x80 .\CortexM3\ARM_GCC_493\Debug\ZumoBot_Lib_GyroAccel2.a(CyFlash.o)
 .debug_aranges
                0x00000ea8       0x78 .\CortexM3\ARM_GCC_493\Debug\ZumoBot_Lib_GyroAccel2.a(CySpc.o)

.debug_pubnames
 *(.debug_pubnames)

.debug_info     0x00000000     0x870c
 *(.debug_info .gnu.linkonce.wi.*)
 .debug_info    0x00000000       0xae .\CortexM3\ARM_GCC_493\Debug\Accel.o
 .debug_info    0x000000ae       0xa7 .\CortexM3\ARM_GCC_493\Debug\Gyro.o
 .debug_info    0x00000155      0x322 .\CortexM3\ARM_GCC_493\Debug\I2C_made.o
 .debug_info    0x00000477      0x24f .\CortexM3\ARM_GCC_493\Debug\IR.o
 .debug_info    0x000006c6      0x162 .\CortexM3\ARM_GCC_493\Debug\Magnet.o
 .debug_info    0x00000828      0x2d2 .\CortexM3\ARM_GCC_493\Debug\Motor.o
 .debug_info    0x00000afa      0x6ac .\CortexM3\ARM_GCC_493\Debug\Ultra.o
 .debug_info    0x000011a6      0x530 .\CortexM3\ARM_GCC_493\Debug\Reflectance.o
 .debug_info    0x000016d6      0x2fd .\CortexM3\ARM_GCC_493\Debug\Nunchuk.o
 .debug_info    0x000019d3      0x119 .\CortexM3\ARM_GCC_493\Debug\Ambient.o
 .debug_info    0x00001aec      0x789 .\CortexM3\ARM_GCC_493\Debug\main.o
 .debug_info    0x00002275      0x13f .\CortexM3\ARM_GCC_493\Debug\cymetadata.o
 .debug_info    0x000023b4      0x3a5 .\CortexM3\ARM_GCC_493\Debug\Cm3Start.o
 .debug_info    0x00002759      0x60d .\CortexM3\ARM_GCC_493\Debug\ZumoBot_Lib_GyroAccel2.a(cyfitter_cfg.o)
 .debug_info    0x00002d66      0x37e .\CortexM3\ARM_GCC_493\Debug\ZumoBot_Lib_GyroAccel2.a(PWM.o)
 .debug_info    0x000030e4      0x2db .\CortexM3\ARM_GCC_493\Debug\ZumoBot_Lib_GyroAccel2.a(I2C.o)
 .debug_info    0x000033bf      0x17f .\CortexM3\ARM_GCC_493\Debug\ZumoBot_Lib_GyroAccel2.a(I2C_INT.o)
 .debug_info    0x0000353e      0x1fe .\CortexM3\ARM_GCC_493\Debug\ZumoBot_Lib_GyroAccel2.a(I2C_PM.o)
 .debug_info    0x0000373c      0x400 .\CortexM3\ARM_GCC_493\Debug\ZumoBot_Lib_GyroAccel2.a(I2C_MASTER.o)
 .debug_info    0x00003b3c      0x603 .\CortexM3\ARM_GCC_493\Debug\ZumoBot_Lib_GyroAccel2.a(UART.o)
 .debug_info    0x0000413f      0x283 .\CortexM3\ARM_GCC_493\Debug\ZumoBot_Lib_GyroAccel2.a(UART_IntClock.o)
 .debug_info    0x000043c2       0x99 .\CortexM3\ARM_GCC_493\Debug\ZumoBot_Lib_GyroAccel2.a(CyBootAsmGnu.o)
 .debug_info    0x0000445b     0x1371 .\CortexM3\ARM_GCC_493\Debug\ZumoBot_Lib_GyroAccel2.a(CyLib.o)
 .debug_info    0x000057cc      0xa58 .\CortexM3\ARM_GCC_493\Debug\ZumoBot_Lib_GyroAccel2.a(cyPm.o)
 .debug_info    0x00006224      0x121 .\CortexM3\ARM_GCC_493\Debug\ZumoBot_Lib_GyroAccel2.a(MotorDirLeft.o)
 .debug_info    0x00006345      0x11f .\CortexM3\ARM_GCC_493\Debug\ZumoBot_Lib_GyroAccel2.a(MotorDirRight.o)
 .debug_info    0x00006464      0x11f .\CortexM3\ARM_GCC_493\Debug\ZumoBot_Lib_GyroAccel2.a(LL.o)
 .debug_info    0x00006583      0x28e .\CortexM3\ARM_GCC_493\Debug\ZumoBot_Lib_GyroAccel2.a(Timer_LL.o)
 .debug_info    0x00006811      0x28e .\CortexM3\ARM_GCC_493\Debug\ZumoBot_Lib_GyroAccel2.a(Timer_RR.o)
 .debug_info    0x00006a9f      0x28e .\CortexM3\ARM_GCC_493\Debug\ZumoBot_Lib_GyroAccel2.a(Timer_RL.o)
 .debug_info    0x00006d2d      0x11f .\CortexM3\ARM_GCC_493\Debug\ZumoBot_Lib_GyroAccel2.a(RL.o)
 .debug_info    0x00006e4c      0x11f .\CortexM3\ARM_GCC_493\Debug\ZumoBot_Lib_GyroAccel2.a(RR.o)
 .debug_info    0x00006f6b      0x28e .\CortexM3\ARM_GCC_493\Debug\ZumoBot_Lib_GyroAccel2.a(Timer_LR.o)
 .debug_info    0x000071f9      0x11f .\CortexM3\ARM_GCC_493\Debug\ZumoBot_Lib_GyroAccel2.a(LR.o)
 .debug_info    0x00007318      0x2ce .\CortexM3\ARM_GCC_493\Debug\ZumoBot_Lib_GyroAccel2.a(Timer.o)
 .debug_info    0x000075e6      0x11f .\CortexM3\ARM_GCC_493\Debug\ZumoBot_Lib_GyroAccel2.a(Echo.o)
 .debug_info    0x00007705      0x2cb .\CortexM3\ARM_GCC_493\Debug\ZumoBot_Lib_GyroAccel2.a(ultra_isr.o)
 .debug_info    0x000079d0      0x121 .\CortexM3\ARM_GCC_493\Debug\ZumoBot_Lib_GyroAccel2.a(Trig.o)
 .debug_info    0x00007af1      0x121 .\CortexM3\ARM_GCC_493\Debug\ZumoBot_Lib_GyroAccel2.a(IR_receiver.o)
 .debug_info    0x00007c12      0x60a .\CortexM3\ARM_GCC_493\Debug\ZumoBot_Lib_GyroAccel2.a(CyFlash.o)
 .debug_info    0x0000821c      0x4f0 .\CortexM3\ARM_GCC_493\Debug\ZumoBot_Lib_GyroAccel2.a(CySpc.o)

.debug_abbrev   0x00000000     0x2e6e
 *(.debug_abbrev)
 .debug_abbrev  0x00000000       0x4b .\CortexM3\ARM_GCC_493\Debug\Accel.o
 .debug_abbrev  0x0000004b       0x4b .\CortexM3\ARM_GCC_493\Debug\Gyro.o
 .debug_abbrev  0x00000096      0x171 .\CortexM3\ARM_GCC_493\Debug\I2C_made.o
 .debug_abbrev  0x00000207      0x128 .\CortexM3\ARM_GCC_493\Debug\IR.o
 .debug_abbrev  0x0000032f       0xe3 .\CortexM3\ARM_GCC_493\Debug\Magnet.o
 .debug_abbrev  0x00000412      0x108 .\CortexM3\ARM_GCC_493\Debug\Motor.o
 .debug_abbrev  0x0000051a      0x269 .\CortexM3\ARM_GCC_493\Debug\Ultra.o
 .debug_abbrev  0x00000783      0x177 .\CortexM3\ARM_GCC_493\Debug\Reflectance.o
 .debug_abbrev  0x000008fa      0x14f .\CortexM3\ARM_GCC_493\Debug\Nunchuk.o
 .debug_abbrev  0x00000a49       0x95 .\CortexM3\ARM_GCC_493\Debug\Ambient.o
 .debug_abbrev  0x00000ade      0x1e8 .\CortexM3\ARM_GCC_493\Debug\main.o
 .debug_abbrev  0x00000cc6       0x77 .\CortexM3\ARM_GCC_493\Debug\cymetadata.o
 .debug_abbrev  0x00000d3d      0x20f .\CortexM3\ARM_GCC_493\Debug\Cm3Start.o
 .debug_abbrev  0x00000f4c      0x212 .\CortexM3\ARM_GCC_493\Debug\ZumoBot_Lib_GyroAccel2.a(cyfitter_cfg.o)
 .debug_abbrev  0x0000115e      0x14d .\CortexM3\ARM_GCC_493\Debug\ZumoBot_Lib_GyroAccel2.a(PWM.o)
 .debug_abbrev  0x000012ab      0x15c .\CortexM3\ARM_GCC_493\Debug\ZumoBot_Lib_GyroAccel2.a(I2C.o)
 .debug_abbrev  0x00001407       0xbd .\CortexM3\ARM_GCC_493\Debug\ZumoBot_Lib_GyroAccel2.a(I2C_INT.o)
 .debug_abbrev  0x000014c4      0x12b .\CortexM3\ARM_GCC_493\Debug\ZumoBot_Lib_GyroAccel2.a(I2C_PM.o)
 .debug_abbrev  0x000015ef      0x13c .\CortexM3\ARM_GCC_493\Debug\ZumoBot_Lib_GyroAccel2.a(I2C_MASTER.o)
 .debug_abbrev  0x0000172b      0x1a2 .\CortexM3\ARM_GCC_493\Debug\ZumoBot_Lib_GyroAccel2.a(UART.o)
 .debug_abbrev  0x000018cd      0x139 .\CortexM3\ARM_GCC_493\Debug\ZumoBot_Lib_GyroAccel2.a(UART_IntClock.o)
 .debug_abbrev  0x00001a06       0x14 .\CortexM3\ARM_GCC_493\Debug\ZumoBot_Lib_GyroAccel2.a(CyBootAsmGnu.o)
 .debug_abbrev  0x00001a1a      0x296 .\CortexM3\ARM_GCC_493\Debug\ZumoBot_Lib_GyroAccel2.a(CyLib.o)
 .debug_abbrev  0x00001cb0      0x1ed .\CortexM3\ARM_GCC_493\Debug\ZumoBot_Lib_GyroAccel2.a(cyPm.o)
 .debug_abbrev  0x00001e9d       0x90 .\CortexM3\ARM_GCC_493\Debug\ZumoBot_Lib_GyroAccel2.a(MotorDirLeft.o)
 .debug_abbrev  0x00001f2d       0x90 .\CortexM3\ARM_GCC_493\Debug\ZumoBot_Lib_GyroAccel2.a(MotorDirRight.o)
 .debug_abbrev  0x00001fbd       0x90 .\CortexM3\ARM_GCC_493\Debug\ZumoBot_Lib_GyroAccel2.a(LL.o)
 .debug_abbrev  0x0000204d      0x11a .\CortexM3\ARM_GCC_493\Debug\ZumoBot_Lib_GyroAccel2.a(Timer_LL.o)
 .debug_abbrev  0x00002167      0x11a .\CortexM3\ARM_GCC_493\Debug\ZumoBot_Lib_GyroAccel2.a(Timer_RR.o)
 .debug_abbrev  0x00002281      0x11a .\CortexM3\ARM_GCC_493\Debug\ZumoBot_Lib_GyroAccel2.a(Timer_RL.o)
 .debug_abbrev  0x0000239b       0x90 .\CortexM3\ARM_GCC_493\Debug\ZumoBot_Lib_GyroAccel2.a(RL.o)
 .debug_abbrev  0x0000242b       0x90 .\CortexM3\ARM_GCC_493\Debug\ZumoBot_Lib_GyroAccel2.a(RR.o)
 .debug_abbrev  0x000024bb      0x11a .\CortexM3\ARM_GCC_493\Debug\ZumoBot_Lib_GyroAccel2.a(Timer_LR.o)
 .debug_abbrev  0x000025d5       0x90 .\CortexM3\ARM_GCC_493\Debug\ZumoBot_Lib_GyroAccel2.a(LR.o)
 .debug_abbrev  0x00002665      0x154 .\CortexM3\ARM_GCC_493\Debug\ZumoBot_Lib_GyroAccel2.a(Timer.o)
 .debug_abbrev  0x000027b9       0x90 .\CortexM3\ARM_GCC_493\Debug\ZumoBot_Lib_GyroAccel2.a(Echo.o)
 .debug_abbrev  0x00002849      0x173 .\CortexM3\ARM_GCC_493\Debug\ZumoBot_Lib_GyroAccel2.a(ultra_isr.o)
 .debug_abbrev  0x000029bc       0x90 .\CortexM3\ARM_GCC_493\Debug\ZumoBot_Lib_GyroAccel2.a(Trig.o)
 .debug_abbrev  0x00002a4c       0x90 .\CortexM3\ARM_GCC_493\Debug\ZumoBot_Lib_GyroAccel2.a(IR_receiver.o)
 .debug_abbrev  0x00002adc      0x1d1 .\CortexM3\ARM_GCC_493\Debug\ZumoBot_Lib_GyroAccel2.a(CyFlash.o)
 .debug_abbrev  0x00002cad      0x1c1 .\CortexM3\ARM_GCC_493\Debug\ZumoBot_Lib_GyroAccel2.a(CySpc.o)

.debug_line     0x00000000     0x3fdb
 *(.debug_line)
 .debug_line    0x00000000      0x13a .\CortexM3\ARM_GCC_493\Debug\Accel.o
 .debug_line    0x0000013a      0x13a .\CortexM3\ARM_GCC_493\Debug\Gyro.o
 .debug_line    0x00000274      0x1b7 .\CortexM3\ARM_GCC_493\Debug\I2C_made.o
 .debug_line    0x0000042b      0x271 .\CortexM3\ARM_GCC_493\Debug\IR.o
 .debug_line    0x0000069c      0x17b .\CortexM3\ARM_GCC_493\Debug\Magnet.o
 .debug_line    0x00000817      0x1e6 .\CortexM3\ARM_GCC_493\Debug\Motor.o
 .debug_line    0x000009fd      0x1f6 .\CortexM3\ARM_GCC_493\Debug\Ultra.o
 .debug_line    0x00000bf3      0x249 .\CortexM3\ARM_GCC_493\Debug\Reflectance.o
 .debug_line    0x00000e3c      0x1c2 .\CortexM3\ARM_GCC_493\Debug\Nunchuk.o
 .debug_line    0x00000ffe       0xd9 .\CortexM3\ARM_GCC_493\Debug\Ambient.o
 .debug_line    0x000010d7      0x27b .\CortexM3\ARM_GCC_493\Debug\main.o
 .debug_line    0x00001352       0x53 .\CortexM3\ARM_GCC_493\Debug\cymetadata.o
 .debug_line    0x000013a5      0x249 .\CortexM3\ARM_GCC_493\Debug\Cm3Start.o
 .debug_line    0x000015ee      0x201 .\CortexM3\ARM_GCC_493\Debug\ZumoBot_Lib_GyroAccel2.a(cyfitter_cfg.o)
 .debug_line    0x000017ef      0x1a9 .\CortexM3\ARM_GCC_493\Debug\ZumoBot_Lib_GyroAccel2.a(PWM.o)
 .debug_line    0x00001998       0xdb .\CortexM3\ARM_GCC_493\Debug\ZumoBot_Lib_GyroAccel2.a(I2C.o)
 .debug_line    0x00001a73      0x116 .\CortexM3\ARM_GCC_493\Debug\ZumoBot_Lib_GyroAccel2.a(I2C_INT.o)
 .debug_line    0x00001b89       0xbd .\CortexM3\ARM_GCC_493\Debug\ZumoBot_Lib_GyroAccel2.a(I2C_PM.o)
 .debug_line    0x00001c46      0x1ff .\CortexM3\ARM_GCC_493\Debug\ZumoBot_Lib_GyroAccel2.a(I2C_MASTER.o)
 .debug_line    0x00001e45      0x2be .\CortexM3\ARM_GCC_493\Debug\ZumoBot_Lib_GyroAccel2.a(UART.o)
 .debug_line    0x00002103      0x195 .\CortexM3\ARM_GCC_493\Debug\ZumoBot_Lib_GyroAccel2.a(UART_IntClock.o)
 .debug_line    0x00002298       0x68 .\CortexM3\ARM_GCC_493\Debug\ZumoBot_Lib_GyroAccel2.a(CyBootAsmGnu.o)
 .debug_line    0x00002300      0x806 .\CortexM3\ARM_GCC_493\Debug\ZumoBot_Lib_GyroAccel2.a(CyLib.o)
 .debug_line    0x00002b06      0x366 .\CortexM3\ARM_GCC_493\Debug\ZumoBot_Lib_GyroAccel2.a(cyPm.o)
 .debug_line    0x00002e6c       0x9b .\CortexM3\ARM_GCC_493\Debug\ZumoBot_Lib_GyroAccel2.a(MotorDirLeft.o)
 .debug_line    0x00002f07       0x9c .\CortexM3\ARM_GCC_493\Debug\ZumoBot_Lib_GyroAccel2.a(MotorDirRight.o)
 .debug_line    0x00002fa3       0x91 .\CortexM3\ARM_GCC_493\Debug\ZumoBot_Lib_GyroAccel2.a(LL.o)
 .debug_line    0x00003034      0x158 .\CortexM3\ARM_GCC_493\Debug\ZumoBot_Lib_GyroAccel2.a(Timer_LL.o)
 .debug_line    0x0000318c      0x158 .\CortexM3\ARM_GCC_493\Debug\ZumoBot_Lib_GyroAccel2.a(Timer_RR.o)
 .debug_line    0x000032e4      0x158 .\CortexM3\ARM_GCC_493\Debug\ZumoBot_Lib_GyroAccel2.a(Timer_RL.o)
 .debug_line    0x0000343c       0x91 .\CortexM3\ARM_GCC_493\Debug\ZumoBot_Lib_GyroAccel2.a(RL.o)
 .debug_line    0x000034cd       0x91 .\CortexM3\ARM_GCC_493\Debug\ZumoBot_Lib_GyroAccel2.a(RR.o)
 .debug_line    0x0000355e      0x158 .\CortexM3\ARM_GCC_493\Debug\ZumoBot_Lib_GyroAccel2.a(Timer_LR.o)
 .debug_line    0x000036b6       0x91 .\CortexM3\ARM_GCC_493\Debug\ZumoBot_Lib_GyroAccel2.a(LR.o)
 .debug_line    0x00003747      0x15b .\CortexM3\ARM_GCC_493\Debug\ZumoBot_Lib_GyroAccel2.a(Timer.o)
 .debug_line    0x000038a2       0x93 .\CortexM3\ARM_GCC_493\Debug\ZumoBot_Lib_GyroAccel2.a(Echo.o)
 .debug_line    0x00003935      0x14f .\CortexM3\ARM_GCC_493\Debug\ZumoBot_Lib_GyroAccel2.a(ultra_isr.o)
 .debug_line    0x00003a84       0x93 .\CortexM3\ARM_GCC_493\Debug\ZumoBot_Lib_GyroAccel2.a(Trig.o)
 .debug_line    0x00003b17       0x9a .\CortexM3\ARM_GCC_493\Debug\ZumoBot_Lib_GyroAccel2.a(IR_receiver.o)
 .debug_line    0x00003bb1      0x1ec .\CortexM3\ARM_GCC_493\Debug\ZumoBot_Lib_GyroAccel2.a(CyFlash.o)
 .debug_line    0x00003d9d      0x23e .\CortexM3\ARM_GCC_493\Debug\ZumoBot_Lib_GyroAccel2.a(CySpc.o)

.debug_frame    0x00000000     0x3130
 *(.debug_frame)
 .debug_frame   0x00000000       0x64 .\CortexM3\ARM_GCC_493\Debug\I2C_made.o
 .debug_frame   0x00000064       0xac .\CortexM3\ARM_GCC_493\Debug\IR.o
 .debug_frame   0x00000110       0x2c .\CortexM3\ARM_GCC_493\Debug\Magnet.o
 .debug_frame   0x0000013c       0xa8 .\CortexM3\ARM_GCC_493\Debug\Motor.o
 .debug_frame   0x000001e4       0x64 .\CortexM3\ARM_GCC_493\Debug\Ultra.o
 .debug_frame   0x00000248       0x80 .\CortexM3\ARM_GCC_493\Debug\Reflectance.o
 .debug_frame   0x000002c8       0x70 .\CortexM3\ARM_GCC_493\Debug\Nunchuk.o
 .debug_frame   0x00000338       0x3c .\CortexM3\ARM_GCC_493\Debug\Ambient.o
 .debug_frame   0x00000374       0x9c .\CortexM3\ARM_GCC_493\Debug\main.o
 .debug_frame   0x00000410       0xac .\CortexM3\ARM_GCC_493\Debug\Cm3Start.o
 .debug_frame   0x000004bc       0xe4 .\CortexM3\ARM_GCC_493\Debug\ZumoBot_Lib_GyroAccel2.a(cyfitter_cfg.o)
 .debug_frame   0x000005a0      0x154 .\CortexM3\ARM_GCC_493\Debug\ZumoBot_Lib_GyroAccel2.a(PWM.o)
 .debug_frame   0x000006f4       0x94 .\CortexM3\ARM_GCC_493\Debug\ZumoBot_Lib_GyroAccel2.a(I2C.o)
 .debug_frame   0x00000788       0x30 .\CortexM3\ARM_GCC_493\Debug\ZumoBot_Lib_GyroAccel2.a(I2C_INT.o)
 .debug_frame   0x000007b8       0x74 .\CortexM3\ARM_GCC_493\Debug\ZumoBot_Lib_GyroAccel2.a(I2C_PM.o)
 .debug_frame   0x0000082c      0x138 .\CortexM3\ARM_GCC_493\Debug\ZumoBot_Lib_GyroAccel2.a(I2C_MASTER.o)
 .debug_frame   0x00000964      0x250 .\CortexM3\ARM_GCC_493\Debug\ZumoBot_Lib_GyroAccel2.a(UART.o)
 .debug_frame   0x00000bb4       0xe0 .\CortexM3\ARM_GCC_493\Debug\ZumoBot_Lib_GyroAccel2.a(UART_IntClock.o)
 .debug_frame   0x00000c94      0x728 .\CortexM3\ARM_GCC_493\Debug\ZumoBot_Lib_GyroAccel2.a(CyLib.o)
 .debug_frame   0x000013bc      0x1f8 .\CortexM3\ARM_GCC_493\Debug\ZumoBot_Lib_GyroAccel2.a(cyPm.o)
 .debug_frame   0x000015b4       0x50 .\CortexM3\ARM_GCC_493\Debug\ZumoBot_Lib_GyroAccel2.a(MotorDirLeft.o)
 .debug_frame   0x00001604       0x50 .\CortexM3\ARM_GCC_493\Debug\ZumoBot_Lib_GyroAccel2.a(MotorDirRight.o)
 .debug_frame   0x00001654       0x50 .\CortexM3\ARM_GCC_493\Debug\ZumoBot_Lib_GyroAccel2.a(LL.o)
 .debug_frame   0x000016a4      0x108 .\CortexM3\ARM_GCC_493\Debug\ZumoBot_Lib_GyroAccel2.a(Timer_LL.o)
 .debug_frame   0x000017ac      0x108 .\CortexM3\ARM_GCC_493\Debug\ZumoBot_Lib_GyroAccel2.a(Timer_RR.o)
 .debug_frame   0x000018b4      0x108 .\CortexM3\ARM_GCC_493\Debug\ZumoBot_Lib_GyroAccel2.a(Timer_RL.o)
 .debug_frame   0x000019bc       0x50 .\CortexM3\ARM_GCC_493\Debug\ZumoBot_Lib_GyroAccel2.a(RL.o)
 .debug_frame   0x00001a0c       0x50 .\CortexM3\ARM_GCC_493\Debug\ZumoBot_Lib_GyroAccel2.a(RR.o)
 .debug_frame   0x00001a5c      0x108 .\CortexM3\ARM_GCC_493\Debug\ZumoBot_Lib_GyroAccel2.a(Timer_LR.o)
 .debug_frame   0x00001b64       0x50 .\CortexM3\ARM_GCC_493\Debug\ZumoBot_Lib_GyroAccel2.a(LR.o)
 .debug_frame   0x00001bb4      0x114 .\CortexM3\ARM_GCC_493\Debug\ZumoBot_Lib_GyroAccel2.a(Timer.o)
 .debug_frame   0x00001cc8       0x50 .\CortexM3\ARM_GCC_493\Debug\ZumoBot_Lib_GyroAccel2.a(Echo.o)
 .debug_frame   0x00001d18      0x104 .\CortexM3\ARM_GCC_493\Debug\ZumoBot_Lib_GyroAccel2.a(ultra_isr.o)
 .debug_frame   0x00001e1c       0x50 .\CortexM3\ARM_GCC_493\Debug\ZumoBot_Lib_GyroAccel2.a(Trig.o)
 .debug_frame   0x00001e6c       0x50 .\CortexM3\ARM_GCC_493\Debug\ZumoBot_Lib_GyroAccel2.a(IR_receiver.o)
 .debug_frame   0x00001ebc      0x174 .\CortexM3\ARM_GCC_493\Debug\ZumoBot_Lib_GyroAccel2.a(CyFlash.o)
 .debug_frame   0x00002030      0x160 .\CortexM3\ARM_GCC_493\Debug\ZumoBot_Lib_GyroAccel2.a(CySpc.o)
 .debug_frame   0x00002190       0x20 c:/program files (x86)/cypress/psoc creator/3.3/psoc creator/import/gnu/arm/4.9.3/bin/../lib/gcc/arm-none-eabi/4.9.3/../../../../arm-none-eabi/lib/armv7-m\libm.a(lib_a-w_atan2.o)
 .debug_frame   0x000021b0       0x44 c:/program files (x86)/cypress/psoc creator/3.3/psoc creator/import/gnu/arm/4.9.3/bin/../lib/gcc/arm-none-eabi/4.9.3/../../../../arm-none-eabi/lib/armv7-m\libm.a(lib_a-w_pow.o)
 .debug_frame   0x000021f4       0x48 c:/program files (x86)/cypress/psoc creator/3.3/psoc creator/import/gnu/arm/4.9.3/bin/../lib/gcc/arm-none-eabi/4.9.3/../../../../arm-none-eabi/lib/armv7-m\libm.a(lib_a-e_atan2.o)
 .debug_frame   0x0000223c       0x64 c:/program files (x86)/cypress/psoc creator/3.3/psoc creator/import/gnu/arm/4.9.3/bin/../lib/gcc/arm-none-eabi/4.9.3/../../../../arm-none-eabi/lib/armv7-m\libm.a(lib_a-e_pow.o)
 .debug_frame   0x000022a0       0x30 c:/program files (x86)/cypress/psoc creator/3.3/psoc creator/import/gnu/arm/4.9.3/bin/../lib/gcc/arm-none-eabi/4.9.3/../../../../arm-none-eabi/lib/armv7-m\libm.a(lib_a-e_sqrt.o)
 .debug_frame   0x000022d0       0x38 c:/program files (x86)/cypress/psoc creator/3.3/psoc creator/import/gnu/arm/4.9.3/bin/../lib/gcc/arm-none-eabi/4.9.3/../../../../arm-none-eabi/lib/armv7-m\libm.a(lib_a-s_atan.o)
 .debug_frame   0x00002308       0x20 c:/program files (x86)/cypress/psoc creator/3.3/psoc creator/import/gnu/arm/4.9.3/bin/../lib/gcc/arm-none-eabi/4.9.3/../../../../arm-none-eabi/lib/armv7-m\libm.a(lib_a-s_fabs.o)
 .debug_frame   0x00002328       0x20 c:/program files (x86)/cypress/psoc creator/3.3/psoc creator/import/gnu/arm/4.9.3/bin/../lib/gcc/arm-none-eabi/4.9.3/../../../../arm-none-eabi/lib/armv7-m\libm.a(lib_a-s_finite.o)
 .debug_frame   0x00002348       0x34 c:/program files (x86)/cypress/psoc creator/3.3/psoc creator/import/gnu/arm/4.9.3/bin/../lib/gcc/arm-none-eabi/4.9.3/../../../../arm-none-eabi/lib/armv7-m\libm.a(lib_a-s_fpclassify.o)
 .debug_frame   0x0000237c       0x20 c:/program files (x86)/cypress/psoc creator/3.3/psoc creator/import/gnu/arm/4.9.3/bin/../lib/gcc/arm-none-eabi/4.9.3/../../../../arm-none-eabi/lib/armv7-m\libm.a(lib_a-s_matherr.o)
 .debug_frame   0x0000239c       0x20 c:/program files (x86)/cypress/psoc creator/3.3/psoc creator/import/gnu/arm/4.9.3/bin/../lib/gcc/arm-none-eabi/4.9.3/../../../../arm-none-eabi/lib/armv7-m\libm.a(lib_a-s_nan.o)
 .debug_frame   0x000023bc       0x3c c:/program files (x86)/cypress/psoc creator/3.3/psoc creator/import/gnu/arm/4.9.3/bin/../lib/gcc/arm-none-eabi/4.9.3/../../../../arm-none-eabi/lib/armv7-m\libm.a(lib_a-s_rint.o)
 .debug_frame   0x000023f8       0x30 c:/program files (x86)/cypress/psoc creator/3.3/psoc creator/import/gnu/arm/4.9.3/bin/../lib/gcc/arm-none-eabi/4.9.3/../../../../arm-none-eabi/lib/armv7-m\libm.a(lib_a-s_scalbn.o)
 .debug_frame   0x00002428       0x20 c:/program files (x86)/cypress/psoc creator/3.3/psoc creator/import/gnu/arm/4.9.3/bin/../lib/gcc/arm-none-eabi/4.9.3/../../../../arm-none-eabi/lib/armv7-m\libm.a(lib_a-s_copysign.o)
 .debug_frame   0x00002448       0x20 c:/program files (x86)/cypress/psoc creator/3.3/psoc creator/import/gnu/arm/4.9.3/bin/../lib/gcc/arm-none-eabi/4.9.3/../../../../arm-none-eabi/lib/armv7-m\libg_nano.a(lib_a-errno.o)
 .debug_frame   0x00002468       0x28 c:/program files (x86)/cypress/psoc creator/3.3/psoc creator/import/gnu/arm/4.9.3/bin/../lib/gcc/arm-none-eabi/4.9.3/../../../../arm-none-eabi/lib/armv7-m\libg_nano.a(lib_a-exit.o)
 .debug_frame   0x00002490       0x2c c:/program files (x86)/cypress/psoc creator/3.3/psoc creator/import/gnu/arm/4.9.3/bin/../lib/gcc/arm-none-eabi/4.9.3/../../../../arm-none-eabi/lib/armv7-m\libg_nano.a(lib_a-init.o)
 .debug_frame   0x000024bc       0x28 c:/program files (x86)/cypress/psoc creator/3.3/psoc creator/import/gnu/arm/4.9.3/bin/../lib/gcc/arm-none-eabi/4.9.3/../../../../arm-none-eabi/lib/armv7-m\libg_nano.a(lib_a-memcpy.o)
 .debug_frame   0x000024e4       0x20 c:/program files (x86)/cypress/psoc creator/3.3/psoc creator/import/gnu/arm/4.9.3/bin/../lib/gcc/arm-none-eabi/4.9.3/../../../../arm-none-eabi/lib/armv7-m\libg_nano.a(lib_a-memset.o)
 .debug_frame   0x00002504       0x8c c:/program files (x86)/cypress/psoc creator/3.3/psoc creator/import/gnu/arm/4.9.3/bin/../lib/gcc/arm-none-eabi/4.9.3/../../../../arm-none-eabi/lib/armv7-m\libg_nano.a(lib_a-nano-vfprintf_float.o)
 .debug_frame   0x00002590       0x58 c:/program files (x86)/cypress/psoc creator/3.3/psoc creator/import/gnu/arm/4.9.3/bin/../lib/gcc/arm-none-eabi/4.9.3/../../../../arm-none-eabi/lib/armv7-m\libg_nano.a(lib_a-nano-vfprintf_i.o)
 .debug_frame   0x000025e8       0x74 c:/program files (x86)/cypress/psoc creator/3.3/psoc creator/import/gnu/arm/4.9.3/bin/../lib/gcc/arm-none-eabi/4.9.3/../../../../arm-none-eabi/lib/armv7-m\libg_nano.a(lib_a-printf.o)
 .debug_frame   0x0000265c       0x20 c:/program files (x86)/cypress/psoc creator/3.3/psoc creator/import/gnu/arm/4.9.3/bin/../lib/gcc/arm-none-eabi/4.9.3/../../../../arm-none-eabi/lib/armv7-m\libg_nano.a(lib_a-strlen.o)
 .debug_frame   0x0000267c       0x6c c:/program files (x86)/cypress/psoc creator/3.3/psoc creator/import/gnu/arm/4.9.3/bin/../lib/gcc/arm-none-eabi/4.9.3/../../../../arm-none-eabi/lib/armv7-m\libg_nano.a(lib_a-dtoa.o)
 .debug_frame   0x000026e8      0x11c c:/program files (x86)/cypress/psoc creator/3.3/psoc creator/import/gnu/arm/4.9.3/bin/../lib/gcc/arm-none-eabi/4.9.3/../../../../arm-none-eabi/lib/armv7-m\libg_nano.a(lib_a-findfp.o)
 .debug_frame   0x00002804       0x54 c:/program files (x86)/cypress/psoc creator/3.3/psoc creator/import/gnu/arm/4.9.3/bin/../lib/gcc/arm-none-eabi/4.9.3/../../../../arm-none-eabi/lib/armv7-m\libg_nano.a(lib_a-fwalk.o)
 .debug_frame   0x00002858       0x98 c:/program files (x86)/cypress/psoc creator/3.3/psoc creator/import/gnu/arm/4.9.3/bin/../lib/gcc/arm-none-eabi/4.9.3/../../../../arm-none-eabi/lib/armv7-m\libg_nano.a(lib_a-locale.o)
 .debug_frame   0x000028f0       0x30 c:/program files (x86)/cypress/psoc creator/3.3/psoc creator/import/gnu/arm/4.9.3/bin/../lib/gcc/arm-none-eabi/4.9.3/../../../../arm-none-eabi/lib/armv7-m\libg_nano.a(lib_a-malloc.o)
 .debug_frame   0x00002920       0x28 c:/program files (x86)/cypress/psoc creator/3.3/psoc creator/import/gnu/arm/4.9.3/bin/../lib/gcc/arm-none-eabi/4.9.3/../../../../arm-none-eabi/lib/armv7-m\libg_nano.a(lib_a-memchr.o)
 .debug_frame   0x00002948      0x230 c:/program files (x86)/cypress/psoc creator/3.3/psoc creator/import/gnu/arm/4.9.3/bin/../lib/gcc/arm-none-eabi/4.9.3/../../../../arm-none-eabi/lib/armv7-m\libg_nano.a(lib_a-mprec.o)
 .debug_frame   0x00002b78       0x2c c:/program files (x86)/cypress/psoc creator/3.3/psoc creator/import/gnu/arm/4.9.3/bin/../lib/gcc/arm-none-eabi/4.9.3/../../../../arm-none-eabi/lib/armv7-m\libg_nano.a(lib_a-nano-callocr.o)
 .debug_frame   0x00002ba4       0x2c c:/program files (x86)/cypress/psoc creator/3.3/psoc creator/import/gnu/arm/4.9.3/bin/../lib/gcc/arm-none-eabi/4.9.3/../../../../arm-none-eabi/lib/armv7-m\libg_nano.a(lib_a-nano-freer.o)
 .debug_frame   0x00002bd0       0x2c c:/program files (x86)/cypress/psoc creator/3.3/psoc creator/import/gnu/arm/4.9.3/bin/../lib/gcc/arm-none-eabi/4.9.3/../../../../arm-none-eabi/lib/armv7-m\libg_nano.a(lib_a-nano-mallocr.o)
 .debug_frame   0x00002bfc       0xb8 c:/program files (x86)/cypress/psoc creator/3.3/psoc creator/import/gnu/arm/4.9.3/bin/../lib/gcc/arm-none-eabi/4.9.3/../../../../arm-none-eabi/lib/armv7-m\libg_nano.a(lib_a-nano-vfprintf.o)
 .debug_frame   0x00002cb4       0x2c c:/program files (x86)/cypress/psoc creator/3.3/psoc creator/import/gnu/arm/4.9.3/bin/../lib/gcc/arm-none-eabi/4.9.3/../../../../arm-none-eabi/lib/armv7-m\libg_nano.a(lib_a-sbrkr.o)
 .debug_frame   0x00002ce0       0x88 c:/program files (x86)/cypress/psoc creator/3.3/psoc creator/import/gnu/arm/4.9.3/bin/../lib/gcc/arm-none-eabi/4.9.3/../../../../arm-none-eabi/lib/armv7-m\libg_nano.a(lib_a-stdio.o)
 .debug_frame   0x00002d68       0x3c c:/program files (x86)/cypress/psoc creator/3.3/psoc creator/import/gnu/arm/4.9.3/bin/../lib/gcc/arm-none-eabi/4.9.3/../../../../arm-none-eabi/lib/armv7-m\libg_nano.a(lib_a-wbuf.o)
 .debug_frame   0x00002da4       0x2c c:/program files (x86)/cypress/psoc creator/3.3/psoc creator/import/gnu/arm/4.9.3/bin/../lib/gcc/arm-none-eabi/4.9.3/../../../../arm-none-eabi/lib/armv7-m\libg_nano.a(lib_a-writer.o)
 .debug_frame   0x00002dd0       0x2c c:/program files (x86)/cypress/psoc creator/3.3/psoc creator/import/gnu/arm/4.9.3/bin/../lib/gcc/arm-none-eabi/4.9.3/../../../../arm-none-eabi/lib/armv7-m\libg_nano.a(lib_a-wsetup.o)
 .debug_frame   0x00002dfc       0x2c c:/program files (x86)/cypress/psoc creator/3.3/psoc creator/import/gnu/arm/4.9.3/bin/../lib/gcc/arm-none-eabi/4.9.3/../../../../arm-none-eabi/lib/armv7-m\libg_nano.a(lib_a-closer.o)
 .debug_frame   0x00002e28       0x68 c:/program files (x86)/cypress/psoc creator/3.3/psoc creator/import/gnu/arm/4.9.3/bin/../lib/gcc/arm-none-eabi/4.9.3/../../../../arm-none-eabi/lib/armv7-m\libg_nano.a(lib_a-fflush.o)
 .debug_frame   0x00002e90       0x3c c:/program files (x86)/cypress/psoc creator/3.3/psoc creator/import/gnu/arm/4.9.3/bin/../lib/gcc/arm-none-eabi/4.9.3/../../../../arm-none-eabi/lib/armv7-m\libg_nano.a(lib_a-fvwrite.o)
 .debug_frame   0x00002ecc       0x2c c:/program files (x86)/cypress/psoc creator/3.3/psoc creator/import/gnu/arm/4.9.3/bin/../lib/gcc/arm-none-eabi/4.9.3/../../../../arm-none-eabi/lib/armv7-m\libg_nano.a(lib_a-lseekr.o)
 .debug_frame   0x00002ef8       0x34 c:/program files (x86)/cypress/psoc creator/3.3/psoc creator/import/gnu/arm/4.9.3/bin/../lib/gcc/arm-none-eabi/4.9.3/../../../../arm-none-eabi/lib/armv7-m\libg_nano.a(lib_a-makebuf.o)
 .debug_frame   0x00002f2c       0x28 c:/program files (x86)/cypress/psoc creator/3.3/psoc creator/import/gnu/arm/4.9.3/bin/../lib/gcc/arm-none-eabi/4.9.3/../../../../arm-none-eabi/lib/armv7-m\libg_nano.a(lib_a-memmove.o)
 .debug_frame   0x00002f54       0x3c c:/program files (x86)/cypress/psoc creator/3.3/psoc creator/import/gnu/arm/4.9.3/bin/../lib/gcc/arm-none-eabi/4.9.3/../../../../arm-none-eabi/lib/armv7-m\libg_nano.a(lib_a-nano-reallocr.o)
 .debug_frame   0x00002f90       0x2c c:/program files (x86)/cypress/psoc creator/3.3/psoc creator/import/gnu/arm/4.9.3/bin/../lib/gcc/arm-none-eabi/4.9.3/../../../../arm-none-eabi/lib/armv7-m\libg_nano.a(lib_a-readr.o)
 .debug_frame   0x00002fbc       0x5c c:/program files (x86)/cypress/psoc creator/3.3/psoc creator/import/gnu/arm/4.9.3/bin/../lib/gcc/arm-none-eabi/4.9.3/../../../../arm-none-eabi/lib/armv7-m\libg_nano.a(lib_a-reent.o)
 .debug_frame   0x00003018       0x2c c:/program files (x86)/cypress/psoc creator/3.3/psoc creator/import/gnu/arm/4.9.3/bin/../lib/gcc/arm-none-eabi/4.9.3/../../../../arm-none-eabi/lib/armv7-m\libg_nano.a(lib_a-fstatr.o)
 .debug_frame   0x00003044       0x2c c:/program files (x86)/cypress/psoc creator/3.3/psoc creator/import/gnu/arm/4.9.3/bin/../lib/gcc/arm-none-eabi/4.9.3/../../../../arm-none-eabi/lib/armv7-m\libg_nano.a(lib_a-isattyr.o)
 .debug_frame   0x00003070       0x20 c:/program files (x86)/cypress/psoc creator/3.3/psoc creator/import/gnu/arm/4.9.3/bin/../lib/gcc/arm-none-eabi/4.9.3/../../../../arm-none-eabi/lib/armv7-m\libg_nano.a(lib_a-nano-msizer.o)
 .debug_frame   0x00003090       0x20 c:/program files (x86)/cypress/psoc creator/3.3/psoc creator/import/gnu/arm/4.9.3/bin/../lib/gcc/arm-none-eabi/4.9.3/../../../../arm-none-eabi/lib/armv7-m\libnosys.a(close.o)
 .debug_frame   0x000030b0       0x20 c:/program files (x86)/cypress/psoc creator/3.3/psoc creator/import/gnu/arm/4.9.3/bin/../lib/gcc/arm-none-eabi/4.9.3/../../../../arm-none-eabi/lib/armv7-m\libnosys.a(fstat.o)
 .debug_frame   0x000030d0       0x20 c:/program files (x86)/cypress/psoc creator/3.3/psoc creator/import/gnu/arm/4.9.3/bin/../lib/gcc/arm-none-eabi/4.9.3/../../../../arm-none-eabi/lib/armv7-m\libnosys.a(isatty.o)
 .debug_frame   0x000030f0       0x20 c:/program files (x86)/cypress/psoc creator/3.3/psoc creator/import/gnu/arm/4.9.3/bin/../lib/gcc/arm-none-eabi/4.9.3/../../../../arm-none-eabi/lib/armv7-m\libnosys.a(lseek.o)
 .debug_frame   0x00003110       0x20 c:/program files (x86)/cypress/psoc creator/3.3/psoc creator/import/gnu/arm/4.9.3/bin/../lib/gcc/arm-none-eabi/4.9.3/../../../../arm-none-eabi/lib/armv7-m\libnosys.a(read.o)

.debug_str      0x00000000     0x2c23
 *(.debug_str)
 .debug_str     0x00000000      0x163 .\CortexM3\ARM_GCC_493\Debug\Accel.o
                                0x1ab (size before relaxing)
 .debug_str     0x00000163        0x9 .\CortexM3\ARM_GCC_493\Debug\Gyro.o
                                0x19e (size before relaxing)
 .debug_str     0x0000016c       0xb3 .\CortexM3\ARM_GCC_493\Debug\I2C_made.o
                                0x254 (size before relaxing)
 .debug_str     0x0000021f       0x5e .\CortexM3\ARM_GCC_493\Debug\IR.o
                                0x205 (size before relaxing)
 .debug_str     0x0000027d       0x27 .\CortexM3\ARM_GCC_493\Debug\Magnet.o
                                0x1d7 (size before relaxing)
 .debug_str     0x000002a4       0xbd .\CortexM3\ARM_GCC_493\Debug\Motor.o
                                0x26d (size before relaxing)
 .debug_str     0x00000361      0x294 .\CortexM3\ARM_GCC_493\Debug\Ultra.o
                                0x45a (size before relaxing)
 .debug_str     0x000005f5      0x281 .\CortexM3\ARM_GCC_493\Debug\Reflectance.o
                                0x44b (size before relaxing)
 .debug_str     0x00000876       0x3e .\CortexM3\ARM_GCC_493\Debug\Nunchuk.o
                                0x24d (size before relaxing)
 .debug_str     0x000008b4       0x27 .\CortexM3\ARM_GCC_493\Debug\Ambient.o
                                0x1a9 (size before relaxing)
 .debug_str     0x000008db      0x10b .\CortexM3\ARM_GCC_493\Debug\main.o
                                0x369 (size before relaxing)
 .debug_str     0x000009e6       0x77 .\CortexM3\ARM_GCC_493\Debug\cymetadata.o
                                0x1f3 (size before relaxing)
 .debug_str     0x00000a5d      0x153 .\CortexM3\ARM_GCC_493\Debug\Cm3Start.o
                                0x307 (size before relaxing)
 .debug_str     0x00000bb0      0x185 .\CortexM3\ARM_GCC_493\Debug\ZumoBot_Lib_GyroAccel2.a(cyfitter_cfg.o)
                                0x341 (size before relaxing)
 .debug_str     0x00000d35      0x187 .\CortexM3\ARM_GCC_493\Debug\ZumoBot_Lib_GyroAccel2.a(PWM.o)
                                0x34d (size before relaxing)
 .debug_str     0x00000ebc       0xff .\CortexM3\ARM_GCC_493\Debug\ZumoBot_Lib_GyroAccel2.a(I2C.o)
                                0x2eb (size before relaxing)
 .debug_str     0x00000fbb       0x88 .\CortexM3\ARM_GCC_493\Debug\ZumoBot_Lib_GyroAccel2.a(I2C_INT.o)
                                0x25c (size before relaxing)
 .debug_str     0x00001043       0x58 .\CortexM3\ARM_GCC_493\Debug\ZumoBot_Lib_GyroAccel2.a(I2C_PM.o)
                                0x27a (size before relaxing)
 .debug_str     0x0000109b      0x12b .\CortexM3\ARM_GCC_493\Debug\ZumoBot_Lib_GyroAccel2.a(I2C_MASTER.o)
                                0x3a1 (size before relaxing)
 .debug_str     0x000011c6      0x289 .\CortexM3\ARM_GCC_493\Debug\ZumoBot_Lib_GyroAccel2.a(UART.o)
                                0x472 (size before relaxing)
 .debug_str     0x0000144f      0x185 .\CortexM3\ARM_GCC_493\Debug\ZumoBot_Lib_GyroAccel2.a(UART_IntClock.o)
                                0x33f (size before relaxing)
 .debug_str     0x000015d4      0x79b .\CortexM3\ARM_GCC_493\Debug\ZumoBot_Lib_GyroAccel2.a(CyLib.o)
                                0xa2c (size before relaxing)
 .debug_str     0x00001d6f      0x35b .\CortexM3\ARM_GCC_493\Debug\ZumoBot_Lib_GyroAccel2.a(cyPm.o)
                                0x724 (size before relaxing)
 .debug_str     0x000020ca       0x78 .\CortexM3\ARM_GCC_493\Debug\ZumoBot_Lib_GyroAccel2.a(MotorDirLeft.o)
                                0x20e (size before relaxing)
 .debug_str     0x00002142       0x71 .\CortexM3\ARM_GCC_493\Debug\ZumoBot_Lib_GyroAccel2.a(MotorDirRight.o)
                                0x213 (size before relaxing)
 .debug_str     0x000021b3       0x35 .\CortexM3\ARM_GCC_493\Debug\ZumoBot_Lib_GyroAccel2.a(LL.o)
                                0x1dc (size before relaxing)
 .debug_str     0x000021e8      0x11b .\CortexM3\ARM_GCC_493\Debug\ZumoBot_Lib_GyroAccel2.a(Timer_LL.o)
                                0x322 (size before relaxing)
 .debug_str     0x00002303      0x10f .\CortexM3\ARM_GCC_493\Debug\ZumoBot_Lib_GyroAccel2.a(Timer_RR.o)
                                0x322 (size before relaxing)
 .debug_str     0x00002412      0x10f .\CortexM3\ARM_GCC_493\Debug\ZumoBot_Lib_GyroAccel2.a(Timer_RL.o)
                                0x322 (size before relaxing)
 .debug_str     0x00002521       0x35 .\CortexM3\ARM_GCC_493\Debug\ZumoBot_Lib_GyroAccel2.a(RL.o)
                                0x1dc (size before relaxing)
 .debug_str     0x00002556       0x35 .\CortexM3\ARM_GCC_493\Debug\ZumoBot_Lib_GyroAccel2.a(RR.o)
                                0x1dc (size before relaxing)
 .debug_str     0x0000258b      0x10f .\CortexM3\ARM_GCC_493\Debug\ZumoBot_Lib_GyroAccel2.a(Timer_LR.o)
                                0x322 (size before relaxing)
 .debug_str     0x0000269a       0x35 .\CortexM3\ARM_GCC_493\Debug\ZumoBot_Lib_GyroAccel2.a(LR.o)
                                0x1dc (size before relaxing)
 .debug_str     0x000026cf       0xf5 .\CortexM3\ARM_GCC_493\Debug\ZumoBot_Lib_GyroAccel2.a(Timer.o)
                                0x322 (size before relaxing)
 .debug_str     0x000027c4       0x4e .\CortexM3\ARM_GCC_493\Debug\ZumoBot_Lib_GyroAccel2.a(Echo.o)
                                0x1e6 (size before relaxing)
 .debug_str     0x00002812      0x10e .\CortexM3\ARM_GCC_493\Debug\ZumoBot_Lib_GyroAccel2.a(ultra_isr.o)
                                0x2db (size before relaxing)
 .debug_str     0x00002920       0x4d .\CortexM3\ARM_GCC_493\Debug\ZumoBot_Lib_GyroAccel2.a(Trig.o)
                                0x1e6 (size before relaxing)
 .debug_str     0x0000296d       0x6a .\CortexM3\ARM_GCC_493\Debug\ZumoBot_Lib_GyroAccel2.a(IR_receiver.o)
                                0x209 (size before relaxing)
 .debug_str     0x000029d7      0x19e .\CortexM3\ARM_GCC_493\Debug\ZumoBot_Lib_GyroAccel2.a(CyFlash.o)
                                0x39e (size before relaxing)
 .debug_str     0x00002b75       0xae .\CortexM3\ARM_GCC_493\Debug\ZumoBot_Lib_GyroAccel2.a(CySpc.o)
                                0x327 (size before relaxing)

.debug_loc      0x00000000     0x2d2f
 *(.debug_loc)
 .debug_loc     0x00000000       0xe0 .\CortexM3\ARM_GCC_493\Debug\I2C_made.o
 .debug_loc     0x000000e0      0x109 .\CortexM3\ARM_GCC_493\Debug\IR.o
 .debug_loc     0x000001e9       0x50 .\CortexM3\ARM_GCC_493\Debug\Magnet.o
 .debug_loc     0x00000239       0xde .\CortexM3\ARM_GCC_493\Debug\Motor.o
 .debug_loc     0x00000317       0x70 .\CortexM3\ARM_GCC_493\Debug\Reflectance.o
 .debug_loc     0x00000387       0x31 .\CortexM3\ARM_GCC_493\Debug\Nunchuk.o
 .debug_loc     0x000003b8      0x154 .\CortexM3\ARM_GCC_493\Debug\Ambient.o
 .debug_loc     0x0000050c      0x2e3 .\CortexM3\ARM_GCC_493\Debug\main.o
 .debug_loc     0x000007ef      0x144 .\CortexM3\ARM_GCC_493\Debug\Cm3Start.o
 .debug_loc     0x00000933      0x259 .\CortexM3\ARM_GCC_493\Debug\ZumoBot_Lib_GyroAccel2.a(cyfitter_cfg.o)
 .debug_loc     0x00000b8c       0x26 .\CortexM3\ARM_GCC_493\Debug\ZumoBot_Lib_GyroAccel2.a(PWM.o)
 .debug_loc     0x00000bb2       0x39 .\CortexM3\ARM_GCC_493\Debug\ZumoBot_Lib_GyroAccel2.a(I2C.o)
 .debug_loc     0x00000beb       0x29 .\CortexM3\ARM_GCC_493\Debug\ZumoBot_Lib_GyroAccel2.a(I2C_INT.o)
 .debug_loc     0x00000c14       0x13 .\CortexM3\ARM_GCC_493\Debug\ZumoBot_Lib_GyroAccel2.a(I2C_PM.o)
 .debug_loc     0x00000c27      0x52f .\CortexM3\ARM_GCC_493\Debug\ZumoBot_Lib_GyroAccel2.a(I2C_MASTER.o)
 .debug_loc     0x00001156      0x258 .\CortexM3\ARM_GCC_493\Debug\ZumoBot_Lib_GyroAccel2.a(UART.o)
 .debug_loc     0x000013ae      0x128 .\CortexM3\ARM_GCC_493\Debug\ZumoBot_Lib_GyroAccel2.a(UART_IntClock.o)
 .debug_loc     0x000014d6      0xa11 .\CortexM3\ARM_GCC_493\Debug\ZumoBot_Lib_GyroAccel2.a(CyLib.o)
 .debug_loc     0x00001ee7      0x1e4 .\CortexM3\ARM_GCC_493\Debug\ZumoBot_Lib_GyroAccel2.a(cyPm.o)
 .debug_loc     0x000020cb       0x55 .\CortexM3\ARM_GCC_493\Debug\ZumoBot_Lib_GyroAccel2.a(MotorDirLeft.o)
 .debug_loc     0x00002120       0x42 .\CortexM3\ARM_GCC_493\Debug\ZumoBot_Lib_GyroAccel2.a(MotorDirRight.o)
 .debug_loc     0x00002162       0x42 .\CortexM3\ARM_GCC_493\Debug\ZumoBot_Lib_GyroAccel2.a(LL.o)
 .debug_loc     0x000021a4       0x42 .\CortexM3\ARM_GCC_493\Debug\ZumoBot_Lib_GyroAccel2.a(RL.o)
 .debug_loc     0x000021e6       0x42 .\CortexM3\ARM_GCC_493\Debug\ZumoBot_Lib_GyroAccel2.a(RR.o)